<?xml version="1.0" encoding="UTF-8" standalone="yes"?>
<w:document xmlns:wpc="http://schemas.microsoft.com/office/word/2010/wordprocessingCanvas" xmlns:mc="http://schemas.openxmlformats.org/markup-compatibility/2006" xmlns:o="urn:schemas-microsoft-com:office:office" xmlns:r="http://schemas.openxmlformats.org/officeDocument/2006/relationships" xmlns:m="http://schemas.openxmlformats.org/officeDocument/2006/math" xmlns:v="urn:schemas-microsoft-com:vml" xmlns:wp14="http://schemas.microsoft.com/office/word/2010/wordprocessingDrawing" xmlns:wp="http://schemas.openxmlformats.org/drawingml/2006/wordprocessingDrawing" xmlns:w10="urn:schemas-microsoft-com:office:word" xmlns:w="http://schemas.openxmlformats.org/wordprocessingml/2006/main" xmlns:w14="http://schemas.microsoft.com/office/word/2010/wordml" xmlns:w15="http://schemas.microsoft.com/office/word/2012/wordml" xmlns:wpg="http://schemas.microsoft.com/office/word/2010/wordprocessingGroup" xmlns:wpi="http://schemas.microsoft.com/office/word/2010/wordprocessingInk" xmlns:wne="http://schemas.microsoft.com/office/word/2006/wordml" xmlns:wps="http://schemas.microsoft.com/office/word/2010/wordprocessingShape" xmlns:cx="http://schemas.microsoft.com/office/drawing/2014/chartex" xmlns:cx1="http://schemas.microsoft.com/office/drawing/2015/9/8/chartex" xmlns:cx2="http://schemas.microsoft.com/office/drawing/2015/10/21/chartex" xmlns:cx3="http://schemas.microsoft.com/office/drawing/2016/5/9/chartex" xmlns:cx4="http://schemas.microsoft.com/office/drawing/2016/5/10/chartex" xmlns:cx5="http://schemas.microsoft.com/office/drawing/2016/5/11/chartex" xmlns:cx6="http://schemas.microsoft.com/office/drawing/2016/5/12/chartex" xmlns:cx7="http://schemas.microsoft.com/office/drawing/2016/5/13/chartex" xmlns:cx8="http://schemas.microsoft.com/office/drawing/2016/5/14/chartex" xmlns:aink="http://schemas.microsoft.com/office/drawing/2016/ink" xmlns:am3d="http://schemas.microsoft.com/office/drawing/2017/model3d" xmlns:w16cex="http://schemas.microsoft.com/office/word/2018/wordml/cex" xmlns:w16cid="http://schemas.microsoft.com/office/word/2016/wordml/cid" xmlns:w16="http://schemas.microsoft.com/office/word/2018/wordml" xmlns:w16sdtdh="http://schemas.microsoft.com/office/word/2020/wordml/sdtdatahash" xmlns:w16se="http://schemas.microsoft.com/office/word/2015/wordml/symex" mc:Ignorable="w14 w15 wp14">
    <w:body>
        <w:p>
            <w:pPr>
                <w:pStyle w:val="Normal"/>
                <w:rPr>
                    <w:rFonts w:ascii="Inter" w:cs="Inter" w:eastAsia="Inter" w:hAnsi="Inter"/>
                </w:rPr>
            </w:pPr>
            <w:r>
                <w:rPr>
                    <w:i/>
                    <w:iCs/>
                </w:rPr>
                <w:t xml:space="preserve">Welcome to this</w:t>
            </w:r>
            <w:r>
                <w:rPr>
                    <w:b/>
                    <w:bCs/>
                    <w:i/>
                    <w:iCs/>
                </w:rPr>
                <w:t xml:space="preserve">demo ðŸ™Œ!</w:t>
            </w:r>
        </w:p>
        <w:p>
            <w:pPr>
                <w:pStyle w:val="Normal"/>
                <w:rPr>
                    <w:rFonts w:ascii="Inter" w:cs="Inter" w:eastAsia="Inter" w:hAnsi="Inter"/>
                </w:rPr>
            </w:pPr>
            <w:r>
                <w:tab/>
            </w:r>
            <w:r>
                <w:t xml:space="preserve">Hello World nested</w:t>
            </w:r>
        </w:p>
        <w:p>
            <w:pPr>
                <w:pStyle w:val="Normal"/>
                <w:rPr>
                    <w:rFonts w:ascii="Inter" w:cs="Inter" w:eastAsia="Inter" w:hAnsi="Inter"/>
                </w:rPr>
            </w:pPr>
            <w:r>
                <w:tab/>
            </w:r>
            <w:r>
                <w:tab/>
            </w:r>
            <w:r>
                <w:t xml:space="preserve">Hello World double nested</w:t>
            </w:r>
        </w:p>
        <w:p>
            <w:pPr>
                <w:pStyle w:val="Normal"/>
                <w:shd w:color="fbe4e4" w:val="solid"/>
                <w:rPr>
                    <w:rFonts w:ascii="Inter" w:cs="Inter" w:eastAsia="Inter" w:hAnsi="Inter"/>
                </w:rPr>
            </w:pPr>
            <w:r>
                <w:rPr>
                    <w:b/>
                    <w:bCs/>
                </w:rPr>
                <w:t xml:space="preserve">This paragraph has a background color</w:t>
            </w:r>
        </w:p>
        <w:p>
            <w:pPr>
                <w:pStyle w:val="Normal"/>
                <w:rPr>
                    <w:rFonts w:ascii="Inter" w:cs="Inter" w:eastAsia="Inter" w:hAnsi="Inter"/>
                </w:rPr>
            </w:pPr>
            <w:r>
                <w:t xml:space="preserve">Paragraph</w:t>
            </w:r>
        </w:p>
        <w:p>
            <w:pPr>
                <w:pStyle w:val="Heading1"/>
            </w:pPr>
            <w:r>
                <w:t xml:space="preserve">Heading</w:t>
            </w:r>
        </w:p>
        <w:p>
            <w:pPr>
                <w:pStyle w:val="Heading1"/>
                <w:jc w:val="right"/>
            </w:pPr>
            <w:r>
                <w:t xml:space="preserve">Heading right</w:t>
            </w:r>
        </w:p>
        <w:p>
            <w:pPr>
                <w:pStyle w:val="Normal"/>
                <w:jc w:val="distribute"/>
                <w:rPr>
                    <w:rFonts w:ascii="Inter" w:cs="Inter" w:eastAsia="Inter" w:hAnsi="Inter"/>
                </w:rPr>
            </w:pPr>
            <w:r>
                <w:t xml:space="preserve">justified paragraph. Lorem ipsum dolor sit amet, consectetur adipiscing elit, sed do eiusmod tempor incididunt ut labore et dolore magna aliqua. Ut enim ad minim veniam, quis nostrud exercitation ullamco laboris nisi ut aliquip ex ea commodo consequat.</w:t>
            </w:r>
        </w:p>
        <w:p>
            <w:pPr>
                <w:pStyle w:val="Codeblock"/>
            </w:pPr>
            <w:r>
                <w:t xml:space="preserve">Code Block
Line 2</w:t>
            </w:r>
        </w:p>
        <w:p>
            <w:pPr>
                <w:pStyle w:val="ListParagraph"/>
                <w:numPr>
                    <w:ilvl w:val="0"/>
                    <w:numId w:val="2"/>
                </w:numPr>
            </w:pPr>
            <w:r>
                <w:t xml:space="preserve">Bullet List Item. Lorem ipsum dolor sit amet, consectetur adipiscing elit, sed do eiusmod tempor incididunt ut labore et dolore magna aliqua. Ut enim ad minim veniam, quis nostrud exercitation ullamco laboris nisi ut aliquip ex ea commodo consequat.</w:t>
            </w:r>
        </w:p>
        <w:p>
            <w:pPr>
                <w:pStyle w:val="ListParagraph"/>
                <w:numPr>
                    <w:ilvl w:val="1"/>
                    <w:numId w:val="2"/>
                </w:numPr>
            </w:pPr>
            <w:r>
                <w:t xml:space="preserve">Bullet List Item.  Lorem ipsum dolor sit amet, consectetur adipiscing elit, sed do eiusmod tempor incididunt ut labore et dolore magna aliqua. Ut enim ad minim veniam, quis nostrud exercitation ullamco laboris nisi ut aliquip ex ea commodo consequat.</w:t>
            </w:r>
        </w:p>
        <w:p>
            <w:pPr>
                <w:pStyle w:val="ListParagraph"/>
                <w:numPr>
                    <w:ilvl w:val="1"/>
                    <w:numId w:val="2"/>
                </w:numPr>
                <w:jc w:val="right"/>
            </w:pPr>
            <w:r>
                <w:t xml:space="preserve">Bullet List Item right. Lorem ipsum dolor sit amet, consectetur adipiscing elit, sed do eiusmod tempor incididunt ut labore et dolore magna aliqua. Ut enim ad minim veniam, quis nostrud exercitation ullamco laboris nisi ut aliquip ex ea commodo consequat.</w:t>
            </w:r>
        </w:p>
        <w:p>
            <w:pPr>
                <w:pStyle w:val="ListParagraph"/>
                <w:numPr>
                    <w:ilvl w:val="1"/>
                    <w:numId w:val="3"/>
                </w:numPr>
            </w:pPr>
            <w:r>
                <w:t xml:space="preserve">Numbered List Item 1</w:t>
            </w:r>
        </w:p>
        <w:p>
            <w:pPr>
                <w:pStyle w:val="ListParagraph"/>
                <w:numPr>
                    <w:ilvl w:val="1"/>
                    <w:numId w:val="3"/>
                </w:numPr>
            </w:pPr>
            <w:r>
                <w:t xml:space="preserve">Numbered List Item 2</w:t>
            </w:r>
        </w:p>
        <w:p>
            <w:pPr>
                <w:pStyle w:val="ListParagraph"/>
                <w:numPr>
                    <w:ilvl w:val="2"/>
                    <w:numId w:val="3"/>
                </w:numPr>
            </w:pPr>
            <w:r>
                <w:t xml:space="preserve">Numbered List Item Nested 1</w:t>
            </w:r>
        </w:p>
        <w:p>
            <w:pPr>
                <w:pStyle w:val="ListParagraph"/>
                <w:numPr>
                    <w:ilvl w:val="2"/>
                    <w:numId w:val="3"/>
                </w:numPr>
            </w:pPr>
            <w:r>
                <w:t xml:space="preserve">Numbered List Item Nested 2</w:t>
            </w:r>
        </w:p>
        <w:p>
            <w:pPr>
                <w:pStyle w:val="ListParagraph"/>
                <w:numPr>
                    <w:ilvl w:val="2"/>
                    <w:numId w:val="3"/>
                </w:numPr>
                <w:shd w:color="fbe4e4" w:val="solid"/>
                <w:jc w:val="right"/>
                <w:rPr>
                    <w:color w:val="0b6e99"/>
                </w:rPr>
            </w:pPr>
            <w:r>
                <w:t xml:space="preserve">Numbered List Item Nested funky right</w:t>
            </w:r>
        </w:p>
        <w:p>
            <w:pPr>
                <w:pStyle w:val="ListParagraph"/>
                <w:numPr>
                    <w:ilvl w:val="2"/>
                    <w:numId w:val="3"/>
                </w:numPr>
                <w:shd w:color="fbe4e4" w:val="solid"/>
                <w:jc w:val="center"/>
                <w:rPr>
                    <w:color w:val="0b6e99"/>
                </w:rPr>
            </w:pPr>
            <w:r>
                <w:t xml:space="preserve">Numbered List Item Nested funky center</w:t>
            </w:r>
        </w:p>
        <w:p>
            <w:pPr>
                <w:pStyle w:val="ListParagraph"/>
                <w:numPr>
                    <w:ilvl w:val="0"/>
                    <w:numId w:val="3"/>
                </w:numPr>
            </w:pPr>
            <w:r>
                <w:t xml:space="preserve">Numbered List Item</w:t>
            </w:r>
        </w:p>
        <w:p>
            <w:sdt>
                <w:sdtPr>
                    <w14:checkbox>
                        <w14:checked w14:val="0"/>
                        <w14:checkedState w14:val="2612" w14:font="MS Gothic"/>
                        <w14:uncheckedState w14:val="2610" w14:font="MS Gothic"/>
                    </w14:checkbox>
                </w:sdtPr>
                <w:sdtContent>
                    <w:r>
                        <w:sym w:char="2610" w:font="MS Gothic"/>
                    </w:r>
                </w:sdtContent>
            </w:sdt>
            <w:r>
                <w:t xml:space="preserve"> </w:t>
            </w:r>
            <w:r>
                <w:t xml:space="preserve">Check List Item</w:t>
            </w:r>
        </w:p>
        <w:tbl>
            <w:tblPr>
                <w:tblW w:type="auto" w:w="100"/>
                <w:tblBorders>
                    <w:top w:val="single" w:color="auto" w:sz="4"/>
                    <w:left w:val="single" w:color="auto" w:sz="4"/>
                    <w:bottom w:val="single" w:color="auto" w:sz="4"/>
                    <w:right w:val="single" w:color="auto" w:sz="4"/>
                    <w:insideH w:val="single" w:color="auto" w:sz="4"/>
                    <w:insideV w:val="single" w:color="auto" w:sz="4"/>
                </w:tblBorders>
                <w:tblLayout w:type="autofit"/>
            </w:tblPr>
            <w:tblGrid>
                <w:gridCol w:w="3000"/>
                <w:gridCol w:w="1800"/>
                <w:gridCol w:w="1800"/>
            </w:tblGrid>
            <w:tr>
                <w:tc>
                    <w:tcPr>
                        <w:tcW w:type="dxa" w:w="150pt"/>
                    </w:tcPr>
                    <w:p>
                        <w:r>
                            <w:t xml:space="preserve">Wide Cell</w:t>
                        </w:r>
                    </w:p>
                </w:tc>
                <w:tc>
                    <w:p>
                        <w:r>
                            <w:t xml:space="preserve">Table Cell</w:t>
                        </w:r>
                    </w:p>
                </w:tc>
                <w:tc>
                    <w:p>
                        <w:r>
                            <w:t xml:space="preserve">Table Cell</w:t>
                        </w:r>
                    </w:p>
                </w:tc>
            </w:tr>
            <w:tr>
                <w:tc>
                    <w:tcPr>
                        <w:tcW w:type="dxa" w:w="150pt"/>
                    </w:tcPr>
                    <w:p>
                        <w:r>
                            <w:t xml:space="preserve">Wide Cell</w:t>
                        </w:r>
                    </w:p>
                </w:tc>
                <w:tc>
                    <w:p>
                        <w:r>
                            <w:t xml:space="preserve">Table Cell</w:t>
                        </w:r>
                    </w:p>
                </w:tc>
                <w:tc>
                    <w:p>
                        <w:r>
                            <w:t xml:space="preserve">Table Cell</w:t>
                        </w:r>
                    </w:p>
                </w:tc>
            </w:tr>
            <w:tr>
                <w:tc>
                    <w:tcPr>
                        <w:tcW w:type="dxa" w:w="150pt"/>
                    </w:tcPr>
                    <w:p>
                        <w:r>
                            <w:t xml:space="preserve">Wide Cell</w:t>
                        </w:r>
                    </w:p>
                </w:tc>
                <w:tc>
                    <w:p>
                        <w:r>
                            <w:t xml:space="preserve">Table Cell</w:t>
                        </w:r>
                    </w:p>
                </w:tc>
                <w:tc>
                    <w:p>
                        <w:r>
                            <w:t xml:space="preserve">Table Cell</w:t>
                        </w:r>
                    </w:p>
                </w:tc>
            </w:tr>
        </w:tbl>
        <w:p>
            <w:hyperlink w:history="1" r:id="FAKE-ID">
                <w:r>
                    <w:rPr>
                        <w:rStyle w:val="Hyperlink"/>
                    </w:rPr>
                    <w:t xml:space="preserve">Open file</w:t>
                </w:r>
            </w:hyperlink>
        </w:p>
        <w:p>
            <w:r>
                <w:drawing>
                    <wp:inline distT="0" distB="0" distL="0" distR="0">
                        <wp:extent cx="4876800" cy="4876800"/>
                        <wp:effectExtent t="0" r="0" b="0" l="0"/>
                        <wp:docPr id="1" name="From https://interactive-examples.mdn.mozilla.net/media/cc0-images/grapefruit-slice-332-332.jpg" descr="From https://interactive-examples.mdn.mozilla.net/media/cc0-images/grapefruit-slice-332-332.jpg" title="From https://interactive-examples.mdn.mozilla.net/media/cc0-images/grapefruit-slice-332-332.jpg"/>
                        <wp:cNvGraphicFramePr>
                            <a:graphicFrameLocks xmlns:a="http://schemas.openxmlformats.org/drawingml/2006/main" noChangeAspect="1"/>
                        </wp:cNvGraphicFramePr>
                        <a:graphic xmlns:a="http://schemas.openxmlformats.org/drawingml/2006/main">
                            <a:graphicData uri="http://schemas.openxmlformats.org/drawingml/2006/picture">
                                <pic:pic xmlns:pic="http://schemas.openxmlformats.org/drawingml/2006/picture">
                                    <pic:nvPicPr>
                                        <pic:cNvPr id="0" name="" descr=""/>
                                        <pic:cNvPicPr>
                                            <a:picLocks noChangeAspect="1" noChangeArrowheads="1"/>
                                        </pic:cNvPicPr>
                                    </pic:nvPicPr>
                                    <pic:blipFill>
                                        <a:blip r:embed="rId7" cstate="none"/>
                                        <a:srcRect/>
                                        <a:stretch>
                                            <a:fillRect/>
                                        </a:stretch>
                                    </pic:blipFill>
                                    <pic:spPr bwMode="auto">
                                        <a:xfrm>
                                            <a:off x="0" y="0"/>
                                            <a:ext cx="4876800" cy="4876800"/>
                                        </a:xfrm>
                                        <a:prstGeom prst="rect">
                                            <a:avLst/>
                                        </a:prstGeom>
                                    </pic:spPr>
                                </pic:pic>
                            </a:graphicData>
                        </a:graphic>
                    </wp:inline>
                </w:drawing>
            </w:r>
        </w:p>
        <w:p>
            <w:pPr>
                <w:pStyle w:val="Caption"/>
            </w:pPr>
            <w:r>
                <w:t xml:space="preserve">From https://interactive-examples.mdn.mozilla.net/media/cc0-images/grapefruit-slice-332-332.jpg</w:t>
            </w:r>
        </w:p>
        <w:p>
            <w:pPr>
                <w:jc w:val="right"/>
            </w:pPr>
            <w:r>
                <w:drawing>
                    <wp:inline distT="0" distB="0" distL="0" distR="0">
                        <wp:extent cx="1905000" cy="1905000"/>
                        <wp:effectExtent t="0" r="0" b="0" l="0"/>
                        <wp:docPr id="1" name="" descr="" title=""/>
                        <wp:cNvGraphicFramePr>
                            <a:graphicFrameLocks xmlns:a="http://schemas.openxmlformats.org/drawingml/2006/main" noChangeAspect="1"/>
                        </wp:cNvGraphicFramePr>
                        <a:graphic xmlns:a="http://schemas.openxmlformats.org/drawingml/2006/main">
                            <a:graphicData uri="http://schemas.openxmlformats.org/drawingml/2006/picture">
                                <pic:pic xmlns:pic="http://schemas.openxmlformats.org/drawingml/2006/picture">
                                    <pic:nvPicPr>
                                        <pic:cNvPr id="0" name="" descr=""/>
                                        <pic:cNvPicPr>
                                            <a:picLocks noChangeAspect="1" noChangeArrowheads="1"/>
                                        </pic:cNvPicPr>
                                    </pic:nvPicPr>
                                    <pic:blipFill>
                                        <a:blip r:embed="rId7" cstate="none"/>
                                        <a:srcRect/>
                                        <a:stretch>
                                            <a:fillRect/>
                                        </a:stretch>
                                    </pic:blipFill>
                                    <pic:spPr bwMode="auto">
                                        <a:xfrm>
                                            <a:off x="0" y="0"/>
                                            <a:ext cx="1905000" cy="1905000"/>
                                        </a:xfrm>
                                        <a:prstGeom prst="rect">
                                            <a:avLst/>
                                        </a:prstGeom>
                                    </pic:spPr>
                                </pic:pic>
                            </a:graphicData>
                        </a:graphic>
                    </wp:inline>
                </w:drawing>
            </w:r>
        </w:p>
        <w:p>
            <w:hyperlink w:history="1" r:id="FAKE-ID">
                <w:r>
                    <w:rPr>
                        <w:rStyle w:val="Hyperlink"/>
                    </w:rPr>
                    <w:t xml:space="preserve">Open video</w:t>
                </w:r>
            </w:hyperlink>
        </w:p>
        <w:p>
            <w:pPr>
                <w:pStyle w:val="Caption"/>
            </w:pPr>
            <w:r>
                <w:t xml:space="preserve">From https://interactive-examples.mdn.mozilla.net/media/cc0-videos/flower.webm</w:t>
            </w:r>
        </w:p>
        <w:p>
            <w:hyperlink w:history="1" r:id="FAKE-ID">
                <w:r>
                    <w:rPr>
                        <w:rStyle w:val="Hyperlink"/>
                    </w:rPr>
                    <w:t xml:space="preserve">Open audio</w:t>
                </w:r>
            </w:hyperlink>
        </w:p>
        <w:p>
            <w:pPr>
                <w:pStyle w:val="Caption"/>
            </w:pPr>
            <w:r>
                <w:t xml:space="preserve">From https://interactive-examples.mdn.mozilla.net/media/cc0-audio/t-rex-roar.mp3</w:t>
            </w:r>
        </w:p>
        <w:p>
            <w:pPr>
                <w:pStyle w:val="Normal"/>
                <w:rPr>
                    <w:rFonts w:ascii="Inter" w:cs="Inter" w:eastAsia="Inter" w:hAnsi="Inter"/>
                </w:rPr>
            </w:pPr>
        </w:p>
        <w:p>
            <w:hyperlink w:history="1" r:id="FAKE-ID">
                <w:r>
                    <w:rPr>
                        <w:rStyle w:val="Hyperlink"/>
                    </w:rPr>
                    <w:t xml:space="preserve">audio.mp3</w:t>
                </w:r>
            </w:hyperlink>
        </w:p>
        <w:p>
            <w:pPr>
                <w:pStyle w:val="Caption"/>
            </w:pPr>
            <w:r>
                <w:t xml:space="preserve">Audio file caption</w:t>
            </w:r>
        </w:p>
        <w:p>
            <w:pPr>
                <w:pStyle w:val="Normal"/>
                <w:rPr>
                    <w:rFonts w:ascii="Inter" w:cs="Inter" w:eastAsia="Inter" w:hAnsi="Inter"/>
                </w:rPr>
            </w:pPr>
            <w:r>
                <w:rPr>
                    <w:b/>
                    <w:bCs/>
                </w:rPr>
                <w:t xml:space="preserve">Inline Content:</w:t>
            </w:r>
        </w:p>
        <w:p>
            <w:pPr>
                <w:pStyle w:val="Normal"/>
                <w:rPr>
                    <w:rFonts w:ascii="Inter" w:cs="Inter" w:eastAsia="Inter" w:hAnsi="Inter"/>
                </w:rPr>
            </w:pPr>
            <w:r>
                <w:rPr>
                    <w:b/>
                    <w:bCs/>
                    <w:i/>
                    <w:iCs/>
                    <w:color w:val="e03e3e"/>
                    <w:shd w:fill="ddebf1"/>
                </w:rPr>
                <w:t xml:space="preserve">Styled Text</w:t>
            </w:r>
            <w:r>
                <w:t xml:space="preserve"> </w:t>
            </w:r>
            <w:hyperlink w:history="1" r:id="FAKE-ID">
                <w:r>
                    <w:rPr>
                        <w:rStyle w:val="Hyperlink"/>
                    </w:rPr>
                    <w:t xml:space="preserve">Link</w:t>
                </w:r>
            </w:hyperlink>
        </w:p>
        <w:tbl>
            <w:tblPr>
                <w:tblW w:type="auto" w:w="100"/>
                <w:tblBorders>
                    <w:top w:val="single" w:color="auto" w:sz="4"/>
                    <w:left w:val="single" w:color="auto" w:sz="4"/>
                    <w:bottom w:val="single" w:color="auto" w:sz="4"/>
                    <w:right w:val="single" w:color="auto" w:sz="4"/>
                    <w:insideH w:val="single" w:color="auto" w:sz="4"/>
                    <w:insideV w:val="single" w:color="auto" w:sz="4"/>
                </w:tblBorders>
                <w:tblLayout w:type="autofit"/>
            </w:tblPr>
            <w:tblGrid>
                <w:gridCol w:w="1800"/>
                <w:gridCol w:w="1800"/>
                <w:gridCol w:w="1800"/>
            </w:tblGrid>
            <w:tr>
                <w:tc>
                    <w:p>
                        <w:r>
                            <w:t xml:space="preserve">Table Cell 1</w:t>
                        </w:r>
                    </w:p>
                </w:tc>
                <w:tc>
                    <w:p>
                        <w:r>
                            <w:t xml:space="preserve">Table Cell 2</w:t>
                        </w:r>
                    </w:p>
                </w:tc>
                <w:tc>
                    <w:p>
                        <w:r>
                            <w:t xml:space="preserve">Table Cell 3</w:t>
                        </w:r>
                    </w:p>
                </w:tc>
            </w:tr>
            <w:tr>
                <w:tc>
                    <w:p>
                        <w:r>
                            <w:t xml:space="preserve">Table Cell 4</w:t>
                        </w:r>
                    </w:p>
                </w:tc>
                <w:tc>
                    <w:p>
                        <w:r>
                            <w:rPr>
                                <w:b/>
                                <w:bCs/>
                            </w:rPr>
                            <w:t xml:space="preserve">Table Cell Bold 5</w:t>
                        </w:r>
                    </w:p>
                </w:tc>
                <w:tc>
                    <w:p>
                        <w:r>
                            <w:t xml:space="preserve">Table Cell 6</w:t>
                        </w:r>
                    </w:p>
                </w:tc>
            </w:tr>
            <w:tr>
                <w:tc>
                    <w:p>
                        <w:r>
                            <w:t xml:space="preserve">Table Cell 7</w:t>
                        </w:r>
                    </w:p>
                </w:tc>
                <w:tc>
                    <w:p>
                        <w:r>
                            <w:t xml:space="preserve">Table Cell 8</w:t>
                        </w:r>
                    </w:p>
                </w:tc>
                <w:tc>
                    <w:p>
                        <w:r>
                            <w:t xml:space="preserve">Table Cell 9</w:t>
                        </w:r>
                    </w:p>
                </w:tc>
            </w:tr>
        </w:tbl>
        <w:sectPr>
            <w:pgSz w:w="11906" w:h="16838" w:orient="portrait"/>
            <w:pgMar w:top="1440" w:right="1440" w:bottom="1440" w:left="1440" w:header="708" w:footer="708" w:gutter="0"/>
            <w:pgNumType/>
            <w:docGrid w:linePitch="360"/>
        </w:sectPr>
    </w:body>
</w:document>