{
  "request": {
    "method": "POST",
    "url": "https://localhost:3000/ai/proxy?provider=openai&url=https%3A%2F%2Fapi.openai.com%2Fv1%2Fresponses",
    "body": "{\"model\":\"gpt-4o-2024-08-06\",\"input\":[{\"role\":\"system\",\"content\":\"You're manipulating a text document using HTML blocks. \\n        Make sure to follow the json schema provided. When referencing ids they MUST be EXACTLY the same (including the trailing $). \\n        List items are 1 block with 1 list item each, so block content `<ul><li>item1</li></ul>` is valid, but `<ul><li>item1</li><li>item2</li></ul>` is invalid. We'll merge them automatically.\\n        For code blocks, you can use the `data-language` attribute on a <code> block (wrapped with <pre>) to specify the language.\\n        This is the initial document as an array of html blocks (the cursor is BETWEEN two blocks as indicated by cursor: true):\"},{\"role\":\"system\",\"content\":\"[{\\\"id\\\":\\\"ref1$\\\",\\\"block\\\":\\\"<p></p>\\\"},{\\\"cursor\\\":true}]\"},{\"role\":\"system\",\"content\":\"First, determine what part of the document the user is talking about. You SHOULD probably take cursor info into account if needed.\\n       EXAMPLE: if user says \\\"below\\\" (without pointing to a specific part of the document) he / she probably indicates the block(s) after the cursor. \\n       EXAMPLE: If you want to insert content AT the cursor position (UNLESS indicated otherwise by the user), \\n       then you need `referenceId` to point to the block before the cursor with position `after` (or block below and `before`).\\n      \\n      Because the document is empty, first update the empty block before adding new blocks.\"},{\"role\":\"user\",\"content\":[{\"type\":\"input_text\",\"text\":\"write a new paragraph with the text 'You look great today!'\"}]}],\"tools\":[{\"type\":\"function\",\"name\":\"applyDocumentOperations\",\"parameters\":{\"type\":\"object\",\"properties\":{\"operations\":{\"type\":\"array\",\"items\":{\"anyOf\":[{\"type\":\"object\",\"description\":\"Update a block\",\"properties\":{\"type\":{\"type\":\"string\",\"enum\":[\"update\"]},\"id\":{\"type\":\"string\",\"description\":\"id of block to update\"},\"block\":{\"type\":\"string\",\"description\":\"html of block (MUST be a single HTML element)\"}},\"required\":[\"type\",\"id\",\"block\"],\"additionalProperties\":false},{\"type\":\"object\",\"description\":\"Insert new blocks\",\"properties\":{\"type\":{\"type\":\"string\",\"enum\":[\"add\"]},\"referenceId\":{\"type\":\"string\",\"description\":\"MUST be an id of a block in the document\"},\"position\":{\"type\":\"string\",\"enum\":[\"before\",\"after\"],\"description\":\"`after` to add blocks AFTER (below) the block with `referenceId`, `before` to add the block BEFORE (above)\"},\"blocks\":{\"items\":{\"type\":\"string\",\"description\":\"html of block (MUST be a single, VALID HTML element)\"},\"type\":\"array\"}},\"required\":[\"type\",\"referenceId\",\"position\",\"blocks\"],\"additionalProperties\":false},{\"type\":\"object\",\"description\":\"Delete a block\",\"properties\":{\"type\":{\"type\":\"string\",\"enum\":[\"delete\"]},\"id\":{\"type\":\"string\",\"description\":\"id of block to delete\"}},\"required\":[\"type\",\"id\"],\"additionalProperties\":false}]}}},\"additionalProperties\":false,\"required\":[\"operations\"]},\"strict\":false}],\"tool_choice\":\"auto\",\"stream\":true}",
    "headers": [],
    "cookies": []
  },
  "response": {
    "status": 200,
    "statusText": "",
    "body": "event: response.created\ndata: {\"type\":\"response.created\",\"sequence_number\":0,\"response\":{\"id\":\"resp_68cd28e7a1d88195a7247475f78fbb16099029c8611341e0\",\"object\":\"response\",\"created_at\":1758275815,\"status\":\"in_progress\",\"background\":false,\"error\":null,\"incomplete_details\":null,\"instructions\":null,\"max_output_tokens\":null,\"max_tool_calls\":null,\"model\":\"gpt-4o-2024-08-06\",\"output\":[],\"parallel_tool_calls\":true,\"previous_response_id\":null,\"prompt_cache_key\":null,\"reasoning\":{\"effort\":null,\"summary\":null},\"safety_identifier\":null,\"service_tier\":\"auto\",\"store\":true,\"temperature\":1.0,\"text\":{\"format\":{\"type\":\"text\"},\"verbosity\":\"medium\"},\"tool_choice\":\"auto\",\"tools\":[{\"type\":\"function\",\"description\":null,\"name\":\"applyDocumentOperations\",\"parameters\":{\"type\":\"object\",\"properties\":{\"operations\":{\"type\":\"array\",\"items\":{\"anyOf\":[{\"type\":\"object\",\"description\":\"Update a block\",\"properties\":{\"type\":{\"type\":\"string\",\"enum\":[\"update\"]},\"id\":{\"type\":\"string\",\"description\":\"id of block to update\"},\"block\":{\"type\":\"string\",\"description\":\"html of block (MUST be a single HTML element)\"}},\"required\":[\"type\",\"id\",\"block\"],\"additionalProperties\":false},{\"type\":\"object\",\"description\":\"Insert new blocks\",\"properties\":{\"type\":{\"type\":\"string\",\"enum\":[\"add\"]},\"referenceId\":{\"type\":\"string\",\"description\":\"MUST be an id of a block in the document\"},\"position\":{\"type\":\"string\",\"enum\":[\"before\",\"after\"],\"description\":\"`after` to add blocks AFTER (below) the block with `referenceId`, `before` to add the block BEFORE (above)\"},\"blocks\":{\"items\":{\"type\":\"string\",\"description\":\"html of block (MUST be a single, VALID HTML element)\"},\"type\":\"array\"}},\"required\":[\"type\",\"referenceId\",\"position\",\"blocks\"],\"additionalProperties\":false},{\"type\":\"object\",\"description\":\"Delete a block\",\"properties\":{\"type\":{\"type\":\"string\",\"enum\":[\"delete\"]},\"id\":{\"type\":\"string\",\"description\":\"id of block to delete\"}},\"required\":[\"type\",\"id\"],\"additionalProperties\":false}]}}},\"additionalProperties\":false,\"required\":[\"operations\"]},\"strict\":false}],\"top_logprobs\":0,\"top_p\":1.0,\"truncation\":\"disabled\",\"usage\":null,\"user\":null,\"metadata\":{}}}\n\nevent: response.in_progress\ndata: {\"type\":\"response.in_progress\",\"sequence_number\":1,\"response\":{\"id\":\"resp_68cd28e7a1d88195a7247475f78fbb16099029c8611341e0\",\"object\":\"response\",\"created_at\":1758275815,\"status\":\"in_progress\",\"background\":false,\"error\":null,\"incomplete_details\":null,\"instructions\":null,\"max_output_tokens\":null,\"max_tool_calls\":null,\"model\":\"gpt-4o-2024-08-06\",\"output\":[],\"parallel_tool_calls\":true,\"previous_response_id\":null,\"prompt_cache_key\":null,\"reasoning\":{\"effort\":null,\"summary\":null},\"safety_identifier\":null,\"service_tier\":\"auto\",\"store\":true,\"temperature\":1.0,\"text\":{\"format\":{\"type\":\"text\"},\"verbosity\":\"medium\"},\"tool_choice\":\"auto\",\"tools\":[{\"type\":\"function\",\"description\":null,\"name\":\"applyDocumentOperations\",\"parameters\":{\"type\":\"object\",\"properties\":{\"operations\":{\"type\":\"array\",\"items\":{\"anyOf\":[{\"type\":\"object\",\"description\":\"Update a block\",\"properties\":{\"type\":{\"type\":\"string\",\"enum\":[\"update\"]},\"id\":{\"type\":\"string\",\"description\":\"id of block to update\"},\"block\":{\"type\":\"string\",\"description\":\"html of block (MUST be a single HTML element)\"}},\"required\":[\"type\",\"id\",\"block\"],\"additionalProperties\":false},{\"type\":\"object\",\"description\":\"Insert new blocks\",\"properties\":{\"type\":{\"type\":\"string\",\"enum\":[\"add\"]},\"referenceId\":{\"type\":\"string\",\"description\":\"MUST be an id of a block in the document\"},\"position\":{\"type\":\"string\",\"enum\":[\"before\",\"after\"],\"description\":\"`after` to add blocks AFTER (below) the block with `referenceId`, `before` to add the block BEFORE (above)\"},\"blocks\":{\"items\":{\"type\":\"string\",\"description\":\"html of block (MUST be a single, VALID HTML element)\"},\"type\":\"array\"}},\"required\":[\"type\",\"referenceId\",\"position\",\"blocks\"],\"additionalProperties\":false},{\"type\":\"object\",\"description\":\"Delete a block\",\"properties\":{\"type\":{\"type\":\"string\",\"enum\":[\"delete\"]},\"id\":{\"type\":\"string\",\"description\":\"id of block to delete\"}},\"required\":[\"type\",\"id\"],\"additionalProperties\":false}]}}},\"additionalProperties\":false,\"required\":[\"operations\"]},\"strict\":false}],\"top_logprobs\":0,\"top_p\":1.0,\"truncation\":\"disabled\",\"usage\":null,\"user\":null,\"metadata\":{}}}\n\nevent: response.output_item.added\ndata: {\"type\":\"response.output_item.added\",\"sequence_number\":2,\"output_index\":0,\"item\":{\"id\":\"fc_68cd28e83d488195a43a11662b0b8778099029c8611341e0\",\"type\":\"function_call\",\"status\":\"in_progress\",\"arguments\":\"\",\"call_id\":\"call_IPwd5M00NHiuKeVYeEXVr1ZC\",\"name\":\"applyDocumentOperations\"}}\n\nevent: response.function_call_arguments.delta\ndata: {\"type\":\"response.function_call_arguments.delta\",\"sequence_number\":3,\"item_id\":\"fc_68cd28e83d488195a43a11662b0b8778099029c8611341e0\",\"output_index\":0,\"delta\":\"{\\\"\",\"obfuscation\":\"DKaooWSRF8bLSf\"}\n\nevent: response.function_call_arguments.delta\ndata: {\"type\":\"response.function_call_arguments.delta\",\"sequence_number\":4,\"item_id\":\"fc_68cd28e83d488195a43a11662b0b8778099029c8611341e0\",\"output_index\":0,\"delta\":\"operations\",\"obfuscation\":\"MeThu5\"}\n\nevent: response.function_call_arguments.delta\ndata: {\"type\":\"response.function_call_arguments.delta\",\"sequence_number\":5,\"item_id\":\"fc_68cd28e83d488195a43a11662b0b8778099029c8611341e0\",\"output_index\":0,\"delta\":\"\\\":[\",\"obfuscation\":\"RnMtQbJMvIOpb\"}\n\nevent: response.function_call_arguments.delta\ndata: {\"type\":\"response.function_call_arguments.delta\",\"sequence_number\":6,\"item_id\":\"fc_68cd28e83d488195a43a11662b0b8778099029c8611341e0\",\"output_index\":0,\"delta\":\"{\\\"\",\"obfuscation\":\"mQAheo7SQNwoJH\"}\n\nevent: response.function_call_arguments.delta\ndata: {\"type\":\"response.function_call_arguments.delta\",\"sequence_number\":7,\"item_id\":\"fc_68cd28e83d488195a43a11662b0b8778099029c8611341e0\",\"output_index\":0,\"delta\":\"type\",\"obfuscation\":\"Y0ypofTOrLJR\"}\n\nevent: response.function_call_arguments.delta\ndata: {\"type\":\"response.function_call_arguments.delta\",\"sequence_number\":8,\"item_id\":\"fc_68cd28e83d488195a43a11662b0b8778099029c8611341e0\",\"output_index\":0,\"delta\":\"\\\":\\\"\",\"obfuscation\":\"GyZrrxHTBM6fn\"}\n\nevent: response.function_call_arguments.delta\ndata: {\"type\":\"response.function_call_arguments.delta\",\"sequence_number\":9,\"item_id\":\"fc_68cd28e83d488195a43a11662b0b8778099029c8611341e0\",\"output_index\":0,\"delta\":\"update\",\"obfuscation\":\"P5gnZxardQ\"}\n\nevent: response.function_call_arguments.delta\ndata: {\"type\":\"response.function_call_arguments.delta\",\"sequence_number\":10,\"item_id\":\"fc_68cd28e83d488195a43a11662b0b8778099029c8611341e0\",\"output_index\":0,\"delta\":\"\\\",\\\"\",\"obfuscation\":\"FoJkPhicKQioc\"}\n\nevent: response.function_call_arguments.delta\ndata: {\"type\":\"response.function_call_arguments.delta\",\"sequence_number\":11,\"item_id\":\"fc_68cd28e83d488195a43a11662b0b8778099029c8611341e0\",\"output_index\":0,\"delta\":\"id\",\"obfuscation\":\"6AO646MpaxpYdN\"}\n\nevent: response.function_call_arguments.delta\ndata: {\"type\":\"response.function_call_arguments.delta\",\"sequence_number\":12,\"item_id\":\"fc_68cd28e83d488195a43a11662b0b8778099029c8611341e0\",\"output_index\":0,\"delta\":\"\\\":\\\"\",\"obfuscation\":\"nvxa4E0Nqtk4T\"}\n\nevent: response.function_call_arguments.delta\ndata: {\"type\":\"response.function_call_arguments.delta\",\"sequence_number\":13,\"item_id\":\"fc_68cd28e83d488195a43a11662b0b8778099029c8611341e0\",\"output_index\":0,\"delta\":\"ref\",\"obfuscation\":\"lMc1RT9JGn5FT\"}\n\nevent: response.function_call_arguments.delta\ndata: {\"type\":\"response.function_call_arguments.delta\",\"sequence_number\":14,\"item_id\":\"fc_68cd28e83d488195a43a11662b0b8778099029c8611341e0\",\"output_index\":0,\"delta\":\"1\",\"obfuscation\":\"s92agGePHXiUtF9\"}\n\nevent: response.function_call_arguments.delta\ndata: {\"type\":\"response.function_call_arguments.delta\",\"sequence_number\":15,\"item_id\":\"fc_68cd28e83d488195a43a11662b0b8778099029c8611341e0\",\"output_index\":0,\"delta\":\"$\",\"obfuscation\":\"rnFiomeJA9b0dw9\"}\n\nevent: response.function_call_arguments.delta\ndata: {\"type\":\"response.function_call_arguments.delta\",\"sequence_number\":16,\"item_id\":\"fc_68cd28e83d488195a43a11662b0b8778099029c8611341e0\",\"output_index\":0,\"delta\":\"\\\",\\\"\",\"obfuscation\":\"9jpTfjhSt69dW\"}\n\nevent: response.function_call_arguments.delta\ndata: {\"type\":\"response.function_call_arguments.delta\",\"sequence_number\":17,\"item_id\":\"fc_68cd28e83d488195a43a11662b0b8778099029c8611341e0\",\"output_index\":0,\"delta\":\"block\",\"obfuscation\":\"KROfLej4phT\"}\n\nevent: response.function_call_arguments.delta\ndata: {\"type\":\"response.function_call_arguments.delta\",\"sequence_number\":18,\"item_id\":\"fc_68cd28e83d488195a43a11662b0b8778099029c8611341e0\",\"output_index\":0,\"delta\":\"\\\":\\\"\",\"obfuscation\":\"62ocdQ8kldbUx\"}\n\nevent: response.function_call_arguments.delta\ndata: {\"type\":\"response.function_call_arguments.delta\",\"sequence_number\":19,\"item_id\":\"fc_68cd28e83d488195a43a11662b0b8778099029c8611341e0\",\"output_index\":0,\"delta\":\"<\",\"obfuscation\":\"P7zFeoZshiCufJ2\"}\n\nevent: response.function_call_arguments.delta\ndata: {\"type\":\"response.function_call_arguments.delta\",\"sequence_number\":20,\"item_id\":\"fc_68cd28e83d488195a43a11662b0b8778099029c8611341e0\",\"output_index\":0,\"delta\":\"p\",\"obfuscation\":\"o7zAdYMFpU3MwJQ\"}\n\nevent: response.function_call_arguments.delta\ndata: {\"type\":\"response.function_call_arguments.delta\",\"sequence_number\":21,\"item_id\":\"fc_68cd28e83d488195a43a11662b0b8778099029c8611341e0\",\"output_index\":0,\"delta\":\">You\",\"obfuscation\":\"9h7drK7NCgPD\"}\n\nevent: response.function_call_arguments.delta\ndata: {\"type\":\"response.function_call_arguments.delta\",\"sequence_number\":22,\"item_id\":\"fc_68cd28e83d488195a43a11662b0b8778099029c8611341e0\",\"output_index\":0,\"delta\":\" look\",\"obfuscation\":\"hNb8NZB51n3\"}\n\nevent: response.function_call_arguments.delta\ndata: {\"type\":\"response.function_call_arguments.delta\",\"sequence_number\":23,\"item_id\":\"fc_68cd28e83d488195a43a11662b0b8778099029c8611341e0\",\"output_index\":0,\"delta\":\" great\",\"obfuscation\":\"drrKQofW63\"}\n\nevent: response.function_call_arguments.delta\ndata: {\"type\":\"response.function_call_arguments.delta\",\"sequence_number\":24,\"item_id\":\"fc_68cd28e83d488195a43a11662b0b8778099029c8611341e0\",\"output_index\":0,\"delta\":\" today\",\"obfuscation\":\"M9zZdGRYul\"}\n\nevent: response.function_call_arguments.delta\ndata: {\"type\":\"response.function_call_arguments.delta\",\"sequence_number\":25,\"item_id\":\"fc_68cd28e83d488195a43a11662b0b8778099029c8611341e0\",\"output_index\":0,\"delta\":\"!</\",\"obfuscation\":\"5nRoRxsN6p8Pl\"}\n\nevent: response.function_call_arguments.delta\ndata: {\"type\":\"response.function_call_arguments.delta\",\"sequence_number\":26,\"item_id\":\"fc_68cd28e83d488195a43a11662b0b8778099029c8611341e0\",\"output_index\":0,\"delta\":\"p\",\"obfuscation\":\"ajw4tFpPN7dg0dw\"}\n\nevent: response.function_call_arguments.delta\ndata: {\"type\":\"response.function_call_arguments.delta\",\"sequence_number\":27,\"item_id\":\"fc_68cd28e83d488195a43a11662b0b8778099029c8611341e0\",\"output_index\":0,\"delta\":\">\",\"obfuscation\":\"OXuD6wgpoN826RK\"}\n\nevent: response.function_call_arguments.delta\ndata: {\"type\":\"response.function_call_arguments.delta\",\"sequence_number\":28,\"item_id\":\"fc_68cd28e83d488195a43a11662b0b8778099029c8611341e0\",\"output_index\":0,\"delta\":\"\\\"}\",\"obfuscation\":\"D10szI0E3VKguU\"}\n\nevent: response.function_call_arguments.delta\ndata: {\"type\":\"response.function_call_arguments.delta\",\"sequence_number\":29,\"item_id\":\"fc_68cd28e83d488195a43a11662b0b8778099029c8611341e0\",\"output_index\":0,\"delta\":\"]}\",\"obfuscation\":\"yFL7SRoADuQd8H\"}\n\nevent: response.function_call_arguments.done\ndata: {\"type\":\"response.function_call_arguments.done\",\"sequence_number\":30,\"item_id\":\"fc_68cd28e83d488195a43a11662b0b8778099029c8611341e0\",\"output_index\":0,\"arguments\":\"{\\\"operations\\\":[{\\\"type\\\":\\\"update\\\",\\\"id\\\":\\\"ref1$\\\",\\\"block\\\":\\\"<p>You look great today!</p>\\\"}]}\"}\n\nevent: response.output_item.done\ndata: {\"type\":\"response.output_item.done\",\"sequence_number\":31,\"output_index\":0,\"item\":{\"id\":\"fc_68cd28e83d488195a43a11662b0b8778099029c8611341e0\",\"type\":\"function_call\",\"status\":\"completed\",\"arguments\":\"{\\\"operations\\\":[{\\\"type\\\":\\\"update\\\",\\\"id\\\":\\\"ref1$\\\",\\\"block\\\":\\\"<p>You look great today!</p>\\\"}]}\",\"call_id\":\"call_IPwd5M00NHiuKeVYeEXVr1ZC\",\"name\":\"applyDocumentOperations\"}}\n\nevent: response.completed\ndata: {\"type\":\"response.completed\",\"sequence_number\":32,\"response\":{\"id\":\"resp_68cd28e7a1d88195a7247475f78fbb16099029c8611341e0\",\"object\":\"response\",\"created_at\":1758275815,\"status\":\"completed\",\"background\":false,\"error\":null,\"incomplete_details\":null,\"instructions\":null,\"max_output_tokens\":null,\"max_tool_calls\":null,\"model\":\"gpt-4o-2024-08-06\",\"output\":[{\"id\":\"fc_68cd28e83d488195a43a11662b0b8778099029c8611341e0\",\"type\":\"function_call\",\"status\":\"completed\",\"arguments\":\"{\\\"operations\\\":[{\\\"type\\\":\\\"update\\\",\\\"id\\\":\\\"ref1$\\\",\\\"block\\\":\\\"<p>You look great today!</p>\\\"}]}\",\"call_id\":\"call_IPwd5M00NHiuKeVYeEXVr1ZC\",\"name\":\"applyDocumentOperations\"}],\"parallel_tool_calls\":true,\"previous_response_id\":null,\"prompt_cache_key\":null,\"reasoning\":{\"effort\":null,\"summary\":null},\"safety_identifier\":null,\"service_tier\":\"default\",\"store\":true,\"temperature\":1.0,\"text\":{\"format\":{\"type\":\"text\"},\"verbosity\":\"medium\"},\"tool_choice\":\"auto\",\"tools\":[{\"type\":\"function\",\"description\":null,\"name\":\"applyDocumentOperations\",\"parameters\":{\"type\":\"object\",\"properties\":{\"operations\":{\"type\":\"array\",\"items\":{\"anyOf\":[{\"type\":\"object\",\"description\":\"Update a block\",\"properties\":{\"type\":{\"type\":\"string\",\"enum\":[\"update\"]},\"id\":{\"type\":\"string\",\"description\":\"id of block to update\"},\"block\":{\"type\":\"string\",\"description\":\"html of block (MUST be a single HTML element)\"}},\"required\":[\"type\",\"id\",\"block\"],\"additionalProperties\":false},{\"type\":\"object\",\"description\":\"Insert new blocks\",\"properties\":{\"type\":{\"type\":\"string\",\"enum\":[\"add\"]},\"referenceId\":{\"type\":\"string\",\"description\":\"MUST be an id of a block in the document\"},\"position\":{\"type\":\"string\",\"enum\":[\"before\",\"after\"],\"description\":\"`after` to add blocks AFTER (below) the block with `referenceId`, `before` to add the block BEFORE (above)\"},\"blocks\":{\"items\":{\"type\":\"string\",\"description\":\"html of block (MUST be a single, VALID HTML element)\"},\"type\":\"array\"}},\"required\":[\"type\",\"referenceId\",\"position\",\"blocks\"],\"additionalProperties\":false},{\"type\":\"object\",\"description\":\"Delete a block\",\"properties\":{\"type\":{\"type\":\"string\",\"enum\":[\"delete\"]},\"id\":{\"type\":\"string\",\"description\":\"id of block to delete\"}},\"required\":[\"type\",\"id\"],\"additionalProperties\":false}]}}},\"additionalProperties\":false,\"required\":[\"operations\"]},\"strict\":false}],\"top_logprobs\":0,\"top_p\":1.0,\"truncation\":\"disabled\",\"usage\":{\"input_tokens\":513,\"input_tokens_details\":{\"cached_tokens\":0},\"output_tokens\":38,\"output_tokens_details\":{\"reasoning_tokens\":0},\"total_tokens\":551},\"user\":null,\"metadata\":{}}}\n\n",
    "headers": []
  }
}