<figure data-name="example" data-url="exampleURL" data-caption="Caption" data-preview-width="256"><img src="exampleURL" alt="example" width="256"><figcaption>Caption</figcaption></figure><figure data-name="example" data-url="exampleURL" data-caption="Caption" data-preview-width="256"><img src="exampleURL" alt="example" width="256"><figcaption>Caption</figcaption></figure>