<div class="bn-block-column-list" data-node-type="columnList" data-id="1" style="display: flex;"><div class="bn-block-column" data-node-type="column" data-id="2" data-width="1" style="flex-grow: 1;"><p>Column Paragraph 0</p><p>Column Paragraph 1</p></div><div class="bn-block-column" data-node-type="column" data-id="5" data-width="1" style="flex-grow: 1;"><p>Column Paragraph 2</p><p>Column Paragraph 3</p></div></div>