<div class="bn-block-group" data-node-type="blockGroup"><div class="bn-block-outer" data-node-type="blockOuter" data-id="1"><div class="bn-block" data-node-type="blockContainer" data-id="1"><div class="bn-block-content" data-content-type="image" data-name="example" data-url="exampleURL" data-caption="Caption" data-show-preview="false" data-preview-width="256" data-file-block=""><div class="bn-file-and-caption-wrapper"><div class="bn-file-default-preview"><div class="bn-file-default-preview-icon"><svg xmlns="http://www.w3.org/2000/svg" viewBox="0 0 24 24" fill="currentColor"><path d="M3 8L9.00319 2H19.9978C20.5513 2 21 2.45531 21 2.9918V21.0082C21 21.556 20.5551 22 20.0066 22H3.9934C3.44476 22 3 21.5501 3 20.9932V8ZM10 4V9H5V20H19V4H10Z"></path></svg></div><p class="bn-file-default-preview-name">example</p></div><p class="bn-file-caption" style="width: 256px;">Caption</p></div></div></div></div></div>