[
  {
    "attrs": {
      "backgroundColor": "default",
      "id": "1",
      "textColor": "default",
    },
    "content": [
      {
        "attrs": {
          "caption": "",
          "name": "",
          "previewWidth": undefined,
          "showPreview": true,
          "textAlignment": "left",
          "url": "https://interactive-examples.mdn.mozilla.net/media/cc0-videos/flower.webm",
        },
        "type": "video",
      },
    ],
    "type": "blockContainer",
  },
]