{
  "request": {
    "method": "POST",
    "url": "https://api.openai.com/v1/responses",
    "body": "{\"model\":\"gpt-4o-2024-08-06\",\"input\":[{\"role\":\"system\",\"content\":\"You're manipulating a text document using HTML blocks. \\n        Make sure to follow the json schema provided. When referencing ids they MUST be EXACTLY the same (including the trailing $). \\n        List items are 1 block with 1 list item each, so block content `<ul><li>item1</li></ul>` is valid, but `<ul><li>item1</li><li>item2</li></ul>` is invalid. We'll merge them automatically.\\n        For code blocks, you can use the `data-language` attribute on a <code> block (wrapped with <pre>) to specify the language.\\n        This is the initial document as an array of html blocks (the cursor is BETWEEN two blocks as indicated by cursor: true):\"},{\"role\":\"system\",\"content\":\"[{\\\"id\\\":\\\"ref1$\\\",\\\"block\\\":\\\"<p>Hello, world!</p>\\\"},{\\\"cursor\\\":true},{\\\"id\\\":\\\"ref2$\\\",\\\"block\\\":\\\"<p>How are you?</p>\\\"}]\"},{\"role\":\"system\",\"content\":\"First, determine what part of the document the user is talking about. You SHOULD probably take cursor info into account if needed.\\n       EXAMPLE: if user says \\\"below\\\" (without pointing to a specific part of the document) he / she probably indicates the block(s) after the cursor. \\n       EXAMPLE: If you want to insert content AT the cursor position (UNLESS indicated otherwise by the user), \\n       then you need `referenceId` to point to the block before the cursor with position `after` (or block below and `before`).\\n      \\n      Prefer updating existing blocks over removing and adding (but this also depends on the user's question).\"},{\"role\":\"user\",\"content\":[{\"type\":\"input_text\",\"text\":\"add a new paragraph with the text 'You look great today!' before the first sentence\"}]}],\"text\":{\"format\":{\"type\":\"json_schema\",\"strict\":false,\"name\":\"response\",\"schema\":{\"type\":\"object\",\"properties\":{\"operations\":{\"type\":\"array\",\"items\":{\"anyOf\":[{\"type\":\"object\",\"description\":\"Update a block\",\"properties\":{\"type\":{\"type\":\"string\",\"enum\":[\"update\"]},\"id\":{\"type\":\"string\",\"description\":\"id of block to update\"},\"block\":{\"type\":\"string\",\"description\":\"html of block (MUST be a single HTML element)\"}},\"required\":[\"type\",\"id\",\"block\"],\"additionalProperties\":false},{\"type\":\"object\",\"description\":\"Insert new blocks\",\"properties\":{\"type\":{\"type\":\"string\",\"enum\":[\"add\"]},\"referenceId\":{\"type\":\"string\",\"description\":\"MUST be an id of a block in the document\"},\"position\":{\"type\":\"string\",\"enum\":[\"before\",\"after\"],\"description\":\"`after` to add blocks AFTER (below) the block with `referenceId`, `before` to add the block BEFORE (above)\"},\"blocks\":{\"items\":{\"type\":\"string\",\"description\":\"html of block (MUST be a single, VALID HTML element)\"},\"type\":\"array\"}},\"required\":[\"type\",\"referenceId\",\"position\",\"blocks\"],\"additionalProperties\":false},{\"type\":\"object\",\"description\":\"Delete a block\",\"properties\":{\"type\":{\"type\":\"string\",\"enum\":[\"delete\"]},\"id\":{\"type\":\"string\",\"description\":\"id of block to delete\"}},\"required\":[\"type\",\"id\"],\"additionalProperties\":false}]}}},\"additionalProperties\":false,\"required\":[\"operations\"]}}},\"stream\":true}",
    "headers": [],
    "cookies": []
  },
  "response": {
    "status": 200,
    "statusText": "",
    "body": "event: response.created\ndata: {\"type\":\"response.created\",\"sequence_number\":0,\"response\":{\"id\":\"resp_68d4e7cd2d6c819484eaa8624ed4e97f08c082ad346c9447\",\"object\":\"response\",\"created_at\":1758783437,\"status\":\"in_progress\",\"background\":false,\"error\":null,\"incomplete_details\":null,\"instructions\":null,\"max_output_tokens\":null,\"max_tool_calls\":null,\"model\":\"gpt-4o-2024-08-06\",\"output\":[],\"parallel_tool_calls\":true,\"previous_response_id\":null,\"prompt_cache_key\":null,\"reasoning\":{\"effort\":null,\"summary\":null},\"safety_identifier\":null,\"service_tier\":\"auto\",\"store\":true,\"temperature\":1.0,\"text\":{\"format\":{\"type\":\"json_schema\",\"description\":null,\"name\":\"response\",\"schema\":{\"type\":\"object\",\"properties\":{\"operations\":{\"type\":\"array\",\"items\":{\"anyOf\":[{\"type\":\"object\",\"description\":\"Update a block\",\"properties\":{\"type\":{\"type\":\"string\",\"enum\":[\"update\"]},\"id\":{\"type\":\"string\",\"description\":\"id of block to update\"},\"block\":{\"type\":\"string\",\"description\":\"html of block (MUST be a single HTML element)\"}},\"required\":[\"type\",\"id\",\"block\"],\"additionalProperties\":false},{\"type\":\"object\",\"description\":\"Insert new blocks\",\"properties\":{\"type\":{\"type\":\"string\",\"enum\":[\"add\"]},\"referenceId\":{\"type\":\"string\",\"description\":\"MUST be an id of a block in the document\"},\"position\":{\"type\":\"string\",\"enum\":[\"before\",\"after\"],\"description\":\"`after` to add blocks AFTER (below) the block with `referenceId`, `before` to add the block BEFORE (above)\"},\"blocks\":{\"items\":{\"type\":\"string\",\"description\":\"html of block (MUST be a single, VALID HTML element)\"},\"type\":\"array\"}},\"required\":[\"type\",\"referenceId\",\"position\",\"blocks\"],\"additionalProperties\":false},{\"type\":\"object\",\"description\":\"Delete a block\",\"properties\":{\"type\":{\"type\":\"string\",\"enum\":[\"delete\"]},\"id\":{\"type\":\"string\",\"description\":\"id of block to delete\"}},\"required\":[\"type\",\"id\"],\"additionalProperties\":false}]}}},\"additionalProperties\":false,\"required\":[\"operations\"]},\"strict\":false},\"verbosity\":\"medium\"},\"tool_choice\":\"auto\",\"tools\":[],\"top_logprobs\":0,\"top_p\":1.0,\"truncation\":\"disabled\",\"usage\":null,\"user\":null,\"metadata\":{}}}\n\nevent: response.in_progress\ndata: {\"type\":\"response.in_progress\",\"sequence_number\":1,\"response\":{\"id\":\"resp_68d4e7cd2d6c819484eaa8624ed4e97f08c082ad346c9447\",\"object\":\"response\",\"created_at\":1758783437,\"status\":\"in_progress\",\"background\":false,\"error\":null,\"incomplete_details\":null,\"instructions\":null,\"max_output_tokens\":null,\"max_tool_calls\":null,\"model\":\"gpt-4o-2024-08-06\",\"output\":[],\"parallel_tool_calls\":true,\"previous_response_id\":null,\"prompt_cache_key\":null,\"reasoning\":{\"effort\":null,\"summary\":null},\"safety_identifier\":null,\"service_tier\":\"auto\",\"store\":true,\"temperature\":1.0,\"text\":{\"format\":{\"type\":\"json_schema\",\"description\":null,\"name\":\"response\",\"schema\":{\"type\":\"object\",\"properties\":{\"operations\":{\"type\":\"array\",\"items\":{\"anyOf\":[{\"type\":\"object\",\"description\":\"Update a block\",\"properties\":{\"type\":{\"type\":\"string\",\"enum\":[\"update\"]},\"id\":{\"type\":\"string\",\"description\":\"id of block to update\"},\"block\":{\"type\":\"string\",\"description\":\"html of block (MUST be a single HTML element)\"}},\"required\":[\"type\",\"id\",\"block\"],\"additionalProperties\":false},{\"type\":\"object\",\"description\":\"Insert new blocks\",\"properties\":{\"type\":{\"type\":\"string\",\"enum\":[\"add\"]},\"referenceId\":{\"type\":\"string\",\"description\":\"MUST be an id of a block in the document\"},\"position\":{\"type\":\"string\",\"enum\":[\"before\",\"after\"],\"description\":\"`after` to add blocks AFTER (below) the block with `referenceId`, `before` to add the block BEFORE (above)\"},\"blocks\":{\"items\":{\"type\":\"string\",\"description\":\"html of block (MUST be a single, VALID HTML element)\"},\"type\":\"array\"}},\"required\":[\"type\",\"referenceId\",\"position\",\"blocks\"],\"additionalProperties\":false},{\"type\":\"object\",\"description\":\"Delete a block\",\"properties\":{\"type\":{\"type\":\"string\",\"enum\":[\"delete\"]},\"id\":{\"type\":\"string\",\"description\":\"id of block to delete\"}},\"required\":[\"type\",\"id\"],\"additionalProperties\":false}]}}},\"additionalProperties\":false,\"required\":[\"operations\"]},\"strict\":false},\"verbosity\":\"medium\"},\"tool_choice\":\"auto\",\"tools\":[],\"top_logprobs\":0,\"top_p\":1.0,\"truncation\":\"disabled\",\"usage\":null,\"user\":null,\"metadata\":{}}}\n\nevent: response.output_item.added\ndata: {\"type\":\"response.output_item.added\",\"sequence_number\":2,\"output_index\":0,\"item\":{\"id\":\"msg_68d4e7cdbe208194b0095d7c0a327a2b08c082ad346c9447\",\"type\":\"message\",\"status\":\"in_progress\",\"content\":[],\"role\":\"assistant\"}}\n\nevent: response.content_part.added\ndata: {\"type\":\"response.content_part.added\",\"sequence_number\":3,\"item_id\":\"msg_68d4e7cdbe208194b0095d7c0a327a2b08c082ad346c9447\",\"output_index\":0,\"content_index\":0,\"part\":{\"type\":\"output_text\",\"annotations\":[],\"logprobs\":[],\"text\":\"\"}}\n\nevent: response.output_text.delta\ndata: {\"type\":\"response.output_text.delta\",\"sequence_number\":4,\"item_id\":\"msg_68d4e7cdbe208194b0095d7c0a327a2b08c082ad346c9447\",\"output_index\":0,\"content_index\":0,\"delta\":\"{\\\"\",\"logprobs\":[],\"obfuscation\":\"sYVU3kqFBLigbU\"}\n\nevent: response.output_text.delta\ndata: {\"type\":\"response.output_text.delta\",\"sequence_number\":5,\"item_id\":\"msg_68d4e7cdbe208194b0095d7c0a327a2b08c082ad346c9447\",\"output_index\":0,\"content_index\":0,\"delta\":\"operations\",\"logprobs\":[],\"obfuscation\":\"RHY7Ug\"}\n\nevent: response.output_text.delta\ndata: {\"type\":\"response.output_text.delta\",\"sequence_number\":6,\"item_id\":\"msg_68d4e7cdbe208194b0095d7c0a327a2b08c082ad346c9447\",\"output_index\":0,\"content_index\":0,\"delta\":\"\\\":[\",\"logprobs\":[],\"obfuscation\":\"wJpgGLiQDAbsF\"}\n\nevent: response.output_text.delta\ndata: {\"type\":\"response.output_text.delta\",\"sequence_number\":7,\"item_id\":\"msg_68d4e7cdbe208194b0095d7c0a327a2b08c082ad346c9447\",\"output_index\":0,\"content_index\":0,\"delta\":\"{\\\"\",\"logprobs\":[],\"obfuscation\":\"Lei02McACSj5YB\"}\n\nevent: response.output_text.delta\ndata: {\"type\":\"response.output_text.delta\",\"sequence_number\":8,\"item_id\":\"msg_68d4e7cdbe208194b0095d7c0a327a2b08c082ad346c9447\",\"output_index\":0,\"content_index\":0,\"delta\":\"type\",\"logprobs\":[],\"obfuscation\":\"N4d5ZxWji43A\"}\n\nevent: response.output_text.delta\ndata: {\"type\":\"response.output_text.delta\",\"sequence_number\":9,\"item_id\":\"msg_68d4e7cdbe208194b0095d7c0a327a2b08c082ad346c9447\",\"output_index\":0,\"content_index\":0,\"delta\":\"\\\":\\\"\",\"logprobs\":[],\"obfuscation\":\"CH9u5sX9BXVrV\"}\n\nevent: response.output_text.delta\ndata: {\"type\":\"response.output_text.delta\",\"sequence_number\":10,\"item_id\":\"msg_68d4e7cdbe208194b0095d7c0a327a2b08c082ad346c9447\",\"output_index\":0,\"content_index\":0,\"delta\":\"add\",\"logprobs\":[],\"obfuscation\":\"DBIz3ehZMUlIg\"}\n\nevent: response.output_text.delta\ndata: {\"type\":\"response.output_text.delta\",\"sequence_number\":11,\"item_id\":\"msg_68d4e7cdbe208194b0095d7c0a327a2b08c082ad346c9447\",\"output_index\":0,\"content_index\":0,\"delta\":\"\\\",\\\"\",\"logprobs\":[],\"obfuscation\":\"DJ3dcbsHySSGf\"}\n\nevent: response.output_text.delta\ndata: {\"type\":\"response.output_text.delta\",\"sequence_number\":12,\"item_id\":\"msg_68d4e7cdbe208194b0095d7c0a327a2b08c082ad346c9447\",\"output_index\":0,\"content_index\":0,\"delta\":\"reference\",\"logprobs\":[],\"obfuscation\":\"ubmn1s0\"}\n\nevent: response.output_text.delta\ndata: {\"type\":\"response.output_text.delta\",\"sequence_number\":13,\"item_id\":\"msg_68d4e7cdbe208194b0095d7c0a327a2b08c082ad346c9447\",\"output_index\":0,\"content_index\":0,\"delta\":\"Id\",\"logprobs\":[],\"obfuscation\":\"0YOO5Tgt6voRcy\"}\n\nevent: response.output_text.delta\ndata: {\"type\":\"response.output_text.delta\",\"sequence_number\":14,\"item_id\":\"msg_68d4e7cdbe208194b0095d7c0a327a2b08c082ad346c9447\",\"output_index\":0,\"content_index\":0,\"delta\":\"\\\":\\\"\",\"logprobs\":[],\"obfuscation\":\"3XjKokYkQKrqz\"}\n\nevent: response.output_text.delta\ndata: {\"type\":\"response.output_text.delta\",\"sequence_number\":15,\"item_id\":\"msg_68d4e7cdbe208194b0095d7c0a327a2b08c082ad346c9447\",\"output_index\":0,\"content_index\":0,\"delta\":\"ref\",\"logprobs\":[],\"obfuscation\":\"sxkYsHcjW0YZW\"}\n\nevent: response.output_text.delta\ndata: {\"type\":\"response.output_text.delta\",\"sequence_number\":16,\"item_id\":\"msg_68d4e7cdbe208194b0095d7c0a327a2b08c082ad346c9447\",\"output_index\":0,\"content_index\":0,\"delta\":\"1\",\"logprobs\":[],\"obfuscation\":\"dL4gWeHV9YRBPLc\"}\n\nevent: response.output_text.delta\ndata: {\"type\":\"response.output_text.delta\",\"sequence_number\":17,\"item_id\":\"msg_68d4e7cdbe208194b0095d7c0a327a2b08c082ad346c9447\",\"output_index\":0,\"content_index\":0,\"delta\":\"$\",\"logprobs\":[],\"obfuscation\":\"ldvzuNJ0P2X39IJ\"}\n\nevent: response.output_text.delta\ndata: {\"type\":\"response.output_text.delta\",\"sequence_number\":18,\"item_id\":\"msg_68d4e7cdbe208194b0095d7c0a327a2b08c082ad346c9447\",\"output_index\":0,\"content_index\":0,\"delta\":\"\\\",\\\"\",\"logprobs\":[],\"obfuscation\":\"X3bsVYu7V9Fhd\"}\n\nevent: response.output_text.delta\ndata: {\"type\":\"response.output_text.delta\",\"sequence_number\":19,\"item_id\":\"msg_68d4e7cdbe208194b0095d7c0a327a2b08c082ad346c9447\",\"output_index\":0,\"content_index\":0,\"delta\":\"position\",\"logprobs\":[],\"obfuscation\":\"7yiMy5DP\"}\n\nevent: response.output_text.delta\ndata: {\"type\":\"response.output_text.delta\",\"sequence_number\":20,\"item_id\":\"msg_68d4e7cdbe208194b0095d7c0a327a2b08c082ad346c9447\",\"output_index\":0,\"content_index\":0,\"delta\":\"\\\":\\\"\",\"logprobs\":[],\"obfuscation\":\"S5rkcBN00wAwc\"}\n\nevent: response.output_text.delta\ndata: {\"type\":\"response.output_text.delta\",\"sequence_number\":21,\"item_id\":\"msg_68d4e7cdbe208194b0095d7c0a327a2b08c082ad346c9447\",\"output_index\":0,\"content_index\":0,\"delta\":\"before\",\"logprobs\":[],\"obfuscation\":\"e6wPpSFSNV\"}\n\nevent: response.output_text.delta\ndata: {\"type\":\"response.output_text.delta\",\"sequence_number\":22,\"item_id\":\"msg_68d4e7cdbe208194b0095d7c0a327a2b08c082ad346c9447\",\"output_index\":0,\"content_index\":0,\"delta\":\"\\\",\\\"\",\"logprobs\":[],\"obfuscation\":\"BGhXcigrTrSgn\"}\n\nevent: response.output_text.delta\ndata: {\"type\":\"response.output_text.delta\",\"sequence_number\":23,\"item_id\":\"msg_68d4e7cdbe208194b0095d7c0a327a2b08c082ad346c9447\",\"output_index\":0,\"content_index\":0,\"delta\":\"blocks\",\"logprobs\":[],\"obfuscation\":\"XkXR0YmsaJ\"}\n\nevent: response.output_text.delta\ndata: {\"type\":\"response.output_text.delta\",\"sequence_number\":24,\"item_id\":\"msg_68d4e7cdbe208194b0095d7c0a327a2b08c082ad346c9447\",\"output_index\":0,\"content_index\":0,\"delta\":\"\\\":[\\\"\",\"logprobs\":[],\"obfuscation\":\"0vQe561mXeij\"}\n\nevent: response.output_text.delta\ndata: {\"type\":\"response.output_text.delta\",\"sequence_number\":25,\"item_id\":\"msg_68d4e7cdbe208194b0095d7c0a327a2b08c082ad346c9447\",\"output_index\":0,\"content_index\":0,\"delta\":\"<\",\"logprobs\":[],\"obfuscation\":\"L51yPAKAP8zk9ib\"}\n\nevent: response.output_text.delta\ndata: {\"type\":\"response.output_text.delta\",\"sequence_number\":26,\"item_id\":\"msg_68d4e7cdbe208194b0095d7c0a327a2b08c082ad346c9447\",\"output_index\":0,\"content_index\":0,\"delta\":\"p\",\"logprobs\":[],\"obfuscation\":\"LK2mSQPYuLDXDFT\"}\n\nevent: response.output_text.delta\ndata: {\"type\":\"response.output_text.delta\",\"sequence_number\":27,\"item_id\":\"msg_68d4e7cdbe208194b0095d7c0a327a2b08c082ad346c9447\",\"output_index\":0,\"content_index\":0,\"delta\":\">You\",\"logprobs\":[],\"obfuscation\":\"zvZfG1pnXAfC\"}\n\nevent: response.output_text.delta\ndata: {\"type\":\"response.output_text.delta\",\"sequence_number\":28,\"item_id\":\"msg_68d4e7cdbe208194b0095d7c0a327a2b08c082ad346c9447\",\"output_index\":0,\"content_index\":0,\"delta\":\" look\",\"logprobs\":[],\"obfuscation\":\"A82eQJC4A1P\"}\n\nevent: response.output_text.delta\ndata: {\"type\":\"response.output_text.delta\",\"sequence_number\":29,\"item_id\":\"msg_68d4e7cdbe208194b0095d7c0a327a2b08c082ad346c9447\",\"output_index\":0,\"content_index\":0,\"delta\":\" great\",\"logprobs\":[],\"obfuscation\":\"YnciPEhSjN\"}\n\nevent: response.output_text.delta\ndata: {\"type\":\"response.output_text.delta\",\"sequence_number\":30,\"item_id\":\"msg_68d4e7cdbe208194b0095d7c0a327a2b08c082ad346c9447\",\"output_index\":0,\"content_index\":0,\"delta\":\" today\",\"logprobs\":[],\"obfuscation\":\"KD85Dmo48p\"}\n\nevent: response.output_text.delta\ndata: {\"type\":\"response.output_text.delta\",\"sequence_number\":31,\"item_id\":\"msg_68d4e7cdbe208194b0095d7c0a327a2b08c082ad346c9447\",\"output_index\":0,\"content_index\":0,\"delta\":\"!</\",\"logprobs\":[],\"obfuscation\":\"5mWeVPZGhsYpt\"}\n\nevent: response.output_text.delta\ndata: {\"type\":\"response.output_text.delta\",\"sequence_number\":32,\"item_id\":\"msg_68d4e7cdbe208194b0095d7c0a327a2b08c082ad346c9447\",\"output_index\":0,\"content_index\":0,\"delta\":\"p\",\"logprobs\":[],\"obfuscation\":\"uzoJbtwcjfTDfc0\"}\n\nevent: response.output_text.delta\ndata: {\"type\":\"response.output_text.delta\",\"sequence_number\":33,\"item_id\":\"msg_68d4e7cdbe208194b0095d7c0a327a2b08c082ad346c9447\",\"output_index\":0,\"content_index\":0,\"delta\":\">\",\"logprobs\":[],\"obfuscation\":\"amD0PUQUUhN8MGR\"}\n\nevent: response.output_text.delta\ndata: {\"type\":\"response.output_text.delta\",\"sequence_number\":34,\"item_id\":\"msg_68d4e7cdbe208194b0095d7c0a327a2b08c082ad346c9447\",\"output_index\":0,\"content_index\":0,\"delta\":\"\\\"]\",\"logprobs\":[],\"obfuscation\":\"sBYLXtlnfNzb6S\"}\n\nevent: response.output_text.delta\ndata: {\"type\":\"response.output_text.delta\",\"sequence_number\":35,\"item_id\":\"msg_68d4e7cdbe208194b0095d7c0a327a2b08c082ad346c9447\",\"output_index\":0,\"content_index\":0,\"delta\":\"}\",\"logprobs\":[],\"obfuscation\":\"VY11jV7RzgMGMnW\"}\n\nevent: response.output_text.delta\ndata: {\"type\":\"response.output_text.delta\",\"sequence_number\":36,\"item_id\":\"msg_68d4e7cdbe208194b0095d7c0a327a2b08c082ad346c9447\",\"output_index\":0,\"content_index\":0,\"delta\":\"]}\",\"logprobs\":[],\"obfuscation\":\"RHLq7rCCubKMmp\"}\n\nevent: response.output_text.done\ndata: {\"type\":\"response.output_text.done\",\"sequence_number\":37,\"item_id\":\"msg_68d4e7cdbe208194b0095d7c0a327a2b08c082ad346c9447\",\"output_index\":0,\"content_index\":0,\"text\":\"{\\\"operations\\\":[{\\\"type\\\":\\\"add\\\",\\\"referenceId\\\":\\\"ref1$\\\",\\\"position\\\":\\\"before\\\",\\\"blocks\\\":[\\\"<p>You look great today!</p>\\\"]}]}\",\"logprobs\":[]}\n\nevent: response.content_part.done\ndata: {\"type\":\"response.content_part.done\",\"sequence_number\":38,\"item_id\":\"msg_68d4e7cdbe208194b0095d7c0a327a2b08c082ad346c9447\",\"output_index\":0,\"content_index\":0,\"part\":{\"type\":\"output_text\",\"annotations\":[],\"logprobs\":[],\"text\":\"{\\\"operations\\\":[{\\\"type\\\":\\\"add\\\",\\\"referenceId\\\":\\\"ref1$\\\",\\\"position\\\":\\\"before\\\",\\\"blocks\\\":[\\\"<p>You look great today!</p>\\\"]}]}\"}}\n\nevent: response.output_item.done\ndata: {\"type\":\"response.output_item.done\",\"sequence_number\":39,\"output_index\":0,\"item\":{\"id\":\"msg_68d4e7cdbe208194b0095d7c0a327a2b08c082ad346c9447\",\"type\":\"message\",\"status\":\"completed\",\"content\":[{\"type\":\"output_text\",\"annotations\":[],\"logprobs\":[],\"text\":\"{\\\"operations\\\":[{\\\"type\\\":\\\"add\\\",\\\"referenceId\\\":\\\"ref1$\\\",\\\"position\\\":\\\"before\\\",\\\"blocks\\\":[\\\"<p>You look great today!</p>\\\"]}]}\"}],\"role\":\"assistant\"}}\n\nevent: response.completed\ndata: {\"type\":\"response.completed\",\"sequence_number\":40,\"response\":{\"id\":\"resp_68d4e7cd2d6c819484eaa8624ed4e97f08c082ad346c9447\",\"object\":\"response\",\"created_at\":1758783437,\"status\":\"completed\",\"background\":false,\"error\":null,\"incomplete_details\":null,\"instructions\":null,\"max_output_tokens\":null,\"max_tool_calls\":null,\"model\":\"gpt-4o-2024-08-06\",\"output\":[{\"id\":\"msg_68d4e7cdbe208194b0095d7c0a327a2b08c082ad346c9447\",\"type\":\"message\",\"status\":\"completed\",\"content\":[{\"type\":\"output_text\",\"annotations\":[],\"logprobs\":[],\"text\":\"{\\\"operations\\\":[{\\\"type\\\":\\\"add\\\",\\\"referenceId\\\":\\\"ref1$\\\",\\\"position\\\":\\\"before\\\",\\\"blocks\\\":[\\\"<p>You look great today!</p>\\\"]}]}\"}],\"role\":\"assistant\"}],\"parallel_tool_calls\":true,\"previous_response_id\":null,\"prompt_cache_key\":null,\"reasoning\":{\"effort\":null,\"summary\":null},\"safety_identifier\":null,\"service_tier\":\"default\",\"store\":true,\"temperature\":1.0,\"text\":{\"format\":{\"type\":\"json_schema\",\"description\":null,\"name\":\"response\",\"schema\":{\"type\":\"object\",\"properties\":{\"operations\":{\"type\":\"array\",\"items\":{\"anyOf\":[{\"type\":\"object\",\"description\":\"Update a block\",\"properties\":{\"type\":{\"type\":\"string\",\"enum\":[\"update\"]},\"id\":{\"type\":\"string\",\"description\":\"id of block to update\"},\"block\":{\"type\":\"string\",\"description\":\"html of block (MUST be a single HTML element)\"}},\"required\":[\"type\",\"id\",\"block\"],\"additionalProperties\":false},{\"type\":\"object\",\"description\":\"Insert new blocks\",\"properties\":{\"type\":{\"type\":\"string\",\"enum\":[\"add\"]},\"referenceId\":{\"type\":\"string\",\"description\":\"MUST be an id of a block in the document\"},\"position\":{\"type\":\"string\",\"enum\":[\"before\",\"after\"],\"description\":\"`after` to add blocks AFTER (below) the block with `referenceId`, `before` to add the block BEFORE (above)\"},\"blocks\":{\"items\":{\"type\":\"string\",\"description\":\"html of block (MUST be a single, VALID HTML element)\"},\"type\":\"array\"}},\"required\":[\"type\",\"referenceId\",\"position\",\"blocks\"],\"additionalProperties\":false},{\"type\":\"object\",\"description\":\"Delete a block\",\"properties\":{\"type\":{\"type\":\"string\",\"enum\":[\"delete\"]},\"id\":{\"type\":\"string\",\"description\":\"id of block to delete\"}},\"required\":[\"type\",\"id\"],\"additionalProperties\":false}]}}},\"additionalProperties\":false,\"required\":[\"operations\"]},\"strict\":false},\"verbosity\":\"medium\"},\"tool_choice\":\"auto\",\"tools\":[],\"top_logprobs\":0,\"top_p\":1.0,\"truncation\":\"disabled\",\"usage\":{\"input_tokens\":614,\"input_tokens_details\":{\"cached_tokens\":0},\"output_tokens\":34,\"output_tokens_details\":{\"reasoning_tokens\":0},\"total_tokens\":648},\"user\":null,\"metadata\":{}}}\n\n",
    "headers": []
  }
}