{
  "blocks": [
    {
      "id": "1",
      "type": "paragraph",
      "props": {
        "textColor": "default",
        "backgroundColor": "default",
        "textAlignment": "left"
      },
      "content": [
        {
          "type": "text",
          "text": "Paragraph 1",
          "styles": {}
        }
      ],
      "children": [
        {
          "id": "2",
          "type": "paragraph",
          "props": {
            "textColor": "default",
            "backgroundColor": "default",
            "textAlignment": "left"
          },
          "content": [
            {
              "type": "text",
              "text": "Nested Paragraph 1",
              "styles": {}
            }
          ],
          "children": []
        }
      ]
    }
  ],
  "cutBlocks": [
    {
      "id": "1",
      "type": "paragraph",
      "props": {
        "textColor": "default",
        "backgroundColor": "default",
        "textAlignment": "left"
      },
      "content": [
        {
          "type": "text",
          "text": "aragraph 1",
          "styles": {}
        }
      ],
      "children": [
        {
          "id": "2",
          "type": "paragraph",
          "props": {
            "textColor": "default",
            "backgroundColor": "default",
            "textAlignment": "left"
          },
          "content": [
            {
              "type": "text",
              "text": "Nested Paragraph ",
              "styles": {}
            }
          ],
          "children": []
        }
      ]
    }
  ],
  "blocksCutAtStart": "1",
  "blocksCutAtEnd": "2",
  "_meta": {
    "startPos": 4,
    "endPos": 35
  }
}