{
  "blocks": [
    {
      "id": "1",
      "type": "paragraph",
      "props": {
        "textColor": "default",
        "backgroundColor": "default",
        "textAlignment": "left"
      },
      "content": [
        {
          "type": "text",
          "text": "Paragraph 1",
          "styles": {}
        }
      ],
      "children": []
    }
  ],
  "cutBlocks": [
    {
      "id": "1",
      "type": "paragraph",
      "props": {
        "textColor": "default",
        "backgroundColor": "default",
        "textAlignment": "left"
      },
      "content": [
        {
          "type": "text",
          "text": "aragraph ",
          "styles": {}
        }
      ],
      "children": []
    }
  ],
  "blocksCutAtStart": "1",
  "blocksCutAtEnd": "1",
  "_meta": {
    "startPos": 4,
    "endPos": 13
  }
}