[
  {
    "attrs": {
      "backgroundColor": "default",
      "id": "1",
      "textColor": "default",
    },
    "content": [
      {
        "attrs": {
          "caption": "",
          "name": "",
          "url": "",
        },
        "type": "file",
      },
    ],
    "type": "blockContainer",
  },
]