[
  {
    "children": [],
    "content": [
      {
        "styles": {
          "backgroundColor": "blue",
        },
        "text": "Blue Background",
        "type": "text",
      },
      {
        "styles": {},
        "text": " ",
        "type": "text",
      },
      {
        "styles": {
          "backgroundColor": "blue",
        },
        "text": "Blue Background",
        "type": "text",
      },
    ],
    "id": "1",
    "props": {
      "backgroundColor": "default",
      "textAlignment": "left",
      "textColor": "default",
    },
    "type": "paragraph",
  },
]