[
  {
    "children": [
      {
        "children": [],
        "content": [],
        "id": "2",
        "props": {
          "backgroundColor": "default",
          "checked": false,
          "textAlignment": "left",
          "textColor": "default",
        },
        "type": "checkListItem",
      },
    ],
    "content": [],
    "id": "1",
    "props": {
      "backgroundColor": "default",
      "textAlignment": "left",
      "textColor": "default",
    },
    "type": "bulletListItem",
  },
  {
    "children": [],
    "content": [
      {
        "styles": {},
        "text": "Paragraph",
        "type": "text",
      },
    ],
    "id": "3",
    "props": {
      "backgroundColor": "default",
      "textAlignment": "left",
      "textColor": "default",
    },
    "type": "bulletListItem",
  },
]