[
  {
    "children": [],
    "content": [
      {
        "styles": {
          "bold": true,
          "textColor": "rgb(0, 0, 0)",
        },
        "text": "Heading 1",
        "type": "text",
      },
    ],
    "id": "1",
    "props": {
      "backgroundColor": "default",
      "isToggleable": false,
      "level": 1,
      "textAlignment": "left",
      "textColor": "default",
    },
    "type": "heading",
  },
  {
    "children": [],
    "content": [
      {
        "styles": {
          "bold": true,
          "textColor": "rgb(0, 0, 0)",
        },
        "text": "Heading 2",
        "type": "text",
      },
    ],
    "id": "2",
    "props": {
      "backgroundColor": "default",
      "isToggleable": false,
      "level": 2,
      "textAlignment": "left",
      "textColor": "default",
    },
    "type": "heading",
  },
  {
    "children": [],
    "content": [
      {
        "styles": {
          "bold": true,
          "textColor": "rgb(0, 0, 0)",
        },
        "text": "Heading 3",
        "type": "text",
      },
    ],
    "id": "3",
    "props": {
      "backgroundColor": "default",
      "isToggleable": false,
      "level": 3,
      "textAlignment": "left",
      "textColor": "default",
    },
    "type": "heading",
  },
  {
    "children": [],
    "content": [
      {
        "styles": {
          "bold": true,
          "textColor": "rgb(0, 0, 0)",
        },
        "text": "Heading 4",
        "type": "text",
      },
    ],
    "id": "4",
    "props": {
      "backgroundColor": "default",
      "isToggleable": false,
      "level": 4,
      "textAlignment": "left",
      "textColor": "default",
    },
    "type": "heading",
  },
  {
    "children": [],
    "content": [
      {
        "styles": {
          "bold": true,
          "textColor": "rgb(0, 0, 0)",
        },
        "text": "Heading 5",
        "type": "text",
      },
    ],
    "id": "5",
    "props": {
      "backgroundColor": "default",
      "isToggleable": false,
      "level": 5,
      "textAlignment": "left",
      "textColor": "default",
    },
    "type": "heading",
  },
  {
    "children": [],
    "content": [
      {
        "styles": {
          "bold": true,
          "textColor": "rgb(0, 0, 0)",
        },
        "text": "Heading 6",
        "type": "text",
      },
    ],
    "id": "6",
    "props": {
      "backgroundColor": "default",
      "isToggleable": false,
      "level": 6,
      "textAlignment": "left",
      "textColor": "default",
    },
    "type": "heading",
  },
  {
    "children": [],
    "content": [
      {
        "styles": {
          "textColor": "rgb(0, 0, 0)",
        },
        "text": "Paragraph 1",
        "type": "text",
      },
    ],
    "id": "7",
    "props": {
      "backgroundColor": "default",
      "textAlignment": "left",
      "textColor": "default",
    },
    "type": "paragraph",
  },
  {
    "children": [],
    "content": [
      {
        "styles": {
          "textColor": "rgb(0, 0, 0)",
        },
        "text": "Paragraph 2",
        "type": "text",
      },
    ],
    "id": "8",
    "props": {
      "backgroundColor": "default",
      "textAlignment": "left",
      "textColor": "default",
    },
    "type": "paragraph",
  },
  {
    "children": [],
    "content": [
      {
        "styles": {
          "textColor": "rgb(0, 0, 0)",
        },
        "text": "Paragraph 3",
        "type": "text",
      },
    ],
    "id": "9",
    "props": {
      "backgroundColor": "default",
      "textAlignment": "left",
      "textColor": "default",
    },
    "type": "paragraph",
  },
  {
    "children": [],
    "content": [
      {
        "styles": {
          "textColor": "rgb(0, 0, 0)",
        },
        "text": "Paragraph With 
Hard Break",
        "type": "text",
      },
    ],
    "id": "10",
    "props": {
      "backgroundColor": "default",
      "textAlignment": "left",
      "textColor": "default",
    },
    "type": "paragraph",
  },
  {
    "children": [],
    "content": [
      {
        "styles": {
          "bold": true,
          "textColor": "rgb(0, 0, 0)",
        },
        "text": "Bold",
        "type": "text",
      },
      {
        "styles": {
          "textColor": "rgb(0, 0, 0)",
        },
        "text": " ",
        "type": "text",
      },
      {
        "styles": {
          "italic": true,
          "textColor": "rgb(0, 0, 0)",
        },
        "text": "Italic",
        "type": "text",
      },
      {
        "styles": {
          "textColor": "rgb(0, 0, 0)",
        },
        "text": " Underline ",
        "type": "text",
      },
      {
        "styles": {
          "strike": true,
          "textColor": "rgb(0, 0, 0)",
        },
        "text": "Strikethrough",
        "type": "text",
      },
      {
        "styles": {
          "textColor": "rgb(0, 0, 0)",
        },
        "text": " ",
        "type": "text",
      },
      {
        "styles": {
          "bold": true,
          "italic": true,
          "strike": true,
          "textColor": "rgb(255, 0, 0)",
        },
        "text": "All",
        "type": "text",
      },
    ],
    "id": "11",
    "props": {
      "backgroundColor": "default",
      "textAlignment": "left",
      "textColor": "default",
    },
    "type": "paragraph",
  },
  {
    "children": [
      {
        "children": [
          {
            "children": [],
            "content": [
              {
                "styles": {
                  "textColor": "rgb(0, 0, 0)",
                },
                "text": "Nested Numbered List Item 1",
                "type": "text",
              },
            ],
            "id": "14",
            "props": {
              "backgroundColor": "transparent",
              "textAlignment": "left",
              "textColor": "rgb(0, 0, 0)",
            },
            "type": "numberedListItem",
          },
          {
            "children": [],
            "content": [
              {
                "styles": {
                  "textColor": "rgb(0, 0, 0)",
                },
                "text": "Nested Numbered List Item 2",
                "type": "text",
              },
            ],
            "id": "15",
            "props": {
              "backgroundColor": "transparent",
              "textAlignment": "left",
              "textColor": "rgb(0, 0, 0)",
            },
            "type": "numberedListItem",
          },
        ],
        "content": [
          {
            "styles": {
              "textColor": "rgb(0, 0, 0)",
            },
            "text": "Nested Bullet List Item 1",
            "type": "text",
          },
        ],
        "id": "13",
        "props": {
          "backgroundColor": "transparent",
          "textAlignment": "left",
          "textColor": "rgb(0, 0, 0)",
        },
        "type": "bulletListItem",
      },
      {
        "children": [],
        "content": [
          {
            "styles": {
              "textColor": "rgb(0, 0, 0)",
            },
            "text": "Nested Bullet List Item 2",
            "type": "text",
          },
        ],
        "id": "16",
        "props": {
          "backgroundColor": "transparent",
          "textAlignment": "left",
          "textColor": "rgb(0, 0, 0)",
        },
        "type": "bulletListItem",
      },
    ],
    "content": [
      {
        "styles": {
          "textColor": "rgb(0, 0, 0)",
        },
        "text": "Bullet List Item 1",
        "type": "text",
      },
    ],
    "id": "12",
    "props": {
      "backgroundColor": "transparent",
      "textAlignment": "left",
      "textColor": "rgb(0, 0, 0)",
    },
    "type": "bulletListItem",
  },
  {
    "children": [],
    "content": [
      {
        "styles": {
          "textColor": "rgb(0, 0, 0)",
        },
        "text": "Bullet List Item 2",
        "type": "text",
      },
    ],
    "id": "17",
    "props": {
      "backgroundColor": "transparent",
      "textAlignment": "left",
      "textColor": "rgb(0, 0, 0)",
    },
    "type": "bulletListItem",
  },
  {
    "children": [],
    "content": [
      {
        "styles": {
          "textColor": "rgb(0, 0, 0)",
        },
        "text": "Numbered List Item 1",
        "type": "text",
      },
    ],
    "id": "18",
    "props": {
      "backgroundColor": "transparent",
      "textAlignment": "left",
      "textColor": "rgb(0, 0, 0)",
    },
    "type": "numberedListItem",
  },
  {
    "children": [],
    "content": [
      {
        "styles": {
          "textColor": "rgb(0, 0, 0)",
        },
        "text": "Numbered List Item 2",
        "type": "text",
      },
    ],
    "id": "19",
    "props": {
      "backgroundColor": "transparent",
      "textAlignment": "left",
      "textColor": "rgb(0, 0, 0)",
    },
    "type": "numberedListItem",
  },
  {
    "children": [],
    "content": undefined,
    "id": "20",
    "props": {
      "backgroundColor": "default",
      "caption": "",
      "name": "",
      "previewWidth": 447,
      "showPreview": true,
      "textAlignment": "left",
      "url": "https://lh7-us.googleusercontent.com/SGyYp6hfLvNkli62NKFJB6NQz-fNa2Sjy8QxfUuqipW--qCCXmCz-dJmeZUGaDXIF9TEZHzbhNJsw4_w-B09eaFOn0oUChKsrSt3cwAIFu6d4SoSjHTR_DRTPr415_P7an7Lue-EwlUcVBk1WCzcoVQ",
    },
    "type": "image",
  },
  {
    "children": [],
    "content": [
      {
        "styles": {},
        "text": "
",
        "type": "text",
      },
    ],
    "id": "21",
    "props": {
      "backgroundColor": "default",
      "textAlignment": "left",
      "textColor": "default",
    },
    "type": "paragraph",
  },
  {
    "children": [],
    "content": {
      "columnWidths": [
        undefined,
        undefined,
        undefined,
      ],
      "headerCols": undefined,
      "headerRows": undefined,
      "rows": [
        {
          "cells": [
            {
              "content": [
                {
                  "styles": {
                    "textColor": "rgb(0, 0, 0)",
                  },
                  "text": "Cell 1",
                  "type": "text",
                },
              ],
              "props": {
                "backgroundColor": "default",
                "colspan": 1,
                "rowspan": 1,
                "textAlignment": "left",
                "textColor": "default",
              },
              "type": "tableCell",
            },
            {
              "content": [
                {
                  "styles": {
                    "textColor": "rgb(0, 0, 0)",
                  },
                  "text": "Cell 2",
                  "type": "text",
                },
              ],
              "props": {
                "backgroundColor": "default",
                "colspan": 1,
                "rowspan": 1,
                "textAlignment": "left",
                "textColor": "default",
              },
              "type": "tableCell",
            },
            {
              "content": [
                {
                  "styles": {
                    "textColor": "rgb(0, 0, 0)",
                  },
                  "text": "Cell 3",
                  "type": "text",
                },
              ],
              "props": {
                "backgroundColor": "default",
                "colspan": 1,
                "rowspan": 1,
                "textAlignment": "left",
                "textColor": "default",
              },
              "type": "tableCell",
            },
          ],
        },
        {
          "cells": [
            {
              "content": [
                {
                  "styles": {
                    "textColor": "rgb(0, 0, 0)",
                  },
                  "text": "Cell 4",
                  "type": "text",
                },
              ],
              "props": {
                "backgroundColor": "default",
                "colspan": 1,
                "rowspan": 1,
                "textAlignment": "left",
                "textColor": "default",
              },
              "type": "tableCell",
            },
            {
              "content": [
                {
                  "styles": {
                    "textColor": "rgb(0, 0, 0)",
                  },
                  "text": "Cell 5",
                  "type": "text",
                },
              ],
              "props": {
                "backgroundColor": "default",
                "colspan": 1,
                "rowspan": 1,
                "textAlignment": "left",
                "textColor": "default",
              },
              "type": "tableCell",
            },
            {
              "content": [
                {
                  "styles": {
                    "textColor": "rgb(0, 0, 0)",
                  },
                  "text": "Cell 6",
                  "type": "text",
                },
              ],
              "props": {
                "backgroundColor": "default",
                "colspan": 1,
                "rowspan": 1,
                "textAlignment": "left",
                "textColor": "default",
              },
              "type": "tableCell",
            },
          ],
        },
        {
          "cells": [
            {
              "content": [
                {
                  "styles": {
                    "textColor": "rgb(0, 0, 0)",
                  },
                  "text": "Cell 7",
                  "type": "text",
                },
              ],
              "props": {
                "backgroundColor": "default",
                "colspan": 1,
                "rowspan": 1,
                "textAlignment": "left",
                "textColor": "default",
              },
              "type": "tableCell",
            },
            {
              "content": [
                {
                  "styles": {
                    "textColor": "rgb(0, 0, 0)",
                  },
                  "text": "Cell 8",
                  "type": "text",
                },
              ],
              "props": {
                "backgroundColor": "default",
                "colspan": 1,
                "rowspan": 1,
                "textAlignment": "left",
                "textColor": "default",
              },
              "type": "tableCell",
            },
            {
              "content": [
                {
                  "styles": {
                    "textColor": "rgb(0, 0, 0)",
                  },
                  "text": "Cell 9",
                  "type": "text",
                },
              ],
              "props": {
                "backgroundColor": "default",
                "colspan": 1,
                "rowspan": 1,
                "textAlignment": "left",
                "textColor": "default",
              },
              "type": "tableCell",
            },
          ],
        },
      ],
      "type": "tableContent",
    },
    "id": "22",
    "props": {
      "textColor": "default",
    },
    "type": "table",
  },
  {
    "children": [],
    "content": [
      {
        "styles": {
          "textColor": "rgb(0, 0, 0)",
        },
        "text": "Paragraph",
        "type": "text",
      },
    ],
    "id": "23",
    "props": {
      "backgroundColor": "default",
      "textAlignment": "left",
      "textColor": "default",
    },
    "type": "paragraph",
  },
  {
    "children": [],
    "content": [
      {
        "styles": {},
        "text": "
",
        "type": "text",
      },
    ],
    "id": "24",
    "props": {
      "backgroundColor": "default",
      "textAlignment": "left",
      "textColor": "default",
    },
    "type": "paragraph",
  },
]