[
  {
    "children": [],
    "content": [
      {
        "styles": {},
        "text": "Red Paragraph",
        "type": "text",
      },
    ],
    "id": "1",
    "props": {
      "backgroundColor": "default",
      "textAlignment": "left",
      "textColor": "default",
    },
    "type": "paragraph",
  },
  {
    "children": [],
    "content": [
      {
        "styles": {},
        "text": "Green Paragraph",
        "type": "text",
      },
    ],
    "id": "2",
    "props": {
      "backgroundColor": "default",
      "textAlignment": "left",
      "textColor": "default",
    },
    "type": "paragraph",
  },
  {
    "children": [],
    "content": [
      {
        "styles": {},
        "text": "Blue Paragraph",
        "type": "text",
      },
    ],
    "id": "3",
    "props": {
      "backgroundColor": "default",
      "textAlignment": "left",
      "textColor": "default",
    },
    "type": "paragraph",
  },
]