{
  "meta": {
    "location": {
      "anchor": {
        "id": "1",
        "offset": 50
      },
      "head": {
        "id": "2",
        "offset": 44
      }
    },
    "anchor": 53,
    "head": 143,
    "from": 53,
    "to": 143
  },
  "range": {
    "anchor": {
      "id": "1",
      "offset": 50
    },
    "head": {
      "id": "2",
      "offset": 44
    }
  },
  "blocks": [
    {
      "id": "1",
      "type": "table",
      "props": {
        "textColor": "default"
      },
      "content": {
        "type": "tableContent",
        "columnWidths": [
          null,
          null
        ],
        "rows": [
          {
            "cells": [
              {
                "type": "tableCell",
                "content": [
                  {
                    "type": "text",
                    "text": "First Table Cell 1",
                    "styles": {}
                  }
                ],
                "props": {
                  "colspan": 1,
                  "rowspan": 1,
                  "backgroundColor": "default",
                  "textColor": "default",
                  "textAlignment": "left"
                }
              },
              {
                "type": "tableCell",
                "content": [
                  {
                    "type": "text",
                    "text": "First Table Cell 2",
                    "styles": {}
                  }
                ],
                "props": {
                  "colspan": 1,
                  "rowspan": 1,
                  "backgroundColor": "default",
                  "textColor": "default",
                  "textAlignment": "left"
                }
              }
            ]
          },
          {
            "cells": [
              {
                "type": "tableCell",
                "content": [
                  {
                    "type": "text",
                    "text": "First Table Cell 3",
                    "styles": {}
                  }
                ],
                "props": {
                  "colspan": 1,
                  "rowspan": 1,
                  "backgroundColor": "default",
                  "textColor": "default",
                  "textAlignment": "left"
                }
              },
              {
                "type": "tableCell",
                "content": [
                  {
                    "type": "text",
                    "text": "First Table Cell 4",
                    "styles": {}
                  }
                ],
                "props": {
                  "colspan": 1,
                  "rowspan": 1,
                  "backgroundColor": "default",
                  "textColor": "default",
                  "textAlignment": "left"
                }
              }
            ]
          }
        ]
      },
      "children": []
    },
    {
      "id": "2",
      "type": "table",
      "props": {
        "textColor": "default"
      },
      "content": {
        "type": "tableContent",
        "columnWidths": [
          null,
          null
        ],
        "rows": [
          {
            "cells": [
              {
                "type": "tableCell",
                "content": [
                  {
                    "type": "text",
                    "text": "Second Table Cell 1",
                    "styles": {}
                  }
                ],
                "props": {
                  "colspan": 1,
                  "rowspan": 1,
                  "backgroundColor": "default",
                  "textColor": "default",
                  "textAlignment": "left"
                }
              },
              {
                "type": "tableCell",
                "content": [
                  {
                    "type": "text",
                    "text": "Second Table Cell 2",
                    "styles": {}
                  }
                ],
                "props": {
                  "colspan": 1,
                  "rowspan": 1,
                  "backgroundColor": "default",
                  "textColor": "default",
                  "textAlignment": "left"
                }
              }
            ]
          },
          {
            "cells": [
              {
                "type": "tableCell",
                "content": [
                  {
                    "type": "text",
                    "text": "Second Table Cell 3",
                    "styles": {}
                  }
                ],
                "props": {
                  "colspan": 1,
                  "rowspan": 1,
                  "backgroundColor": "default",
                  "textColor": "default",
                  "textAlignment": "left"
                }
              },
              {
                "type": "tableCell",
                "content": [
                  {
                    "type": "text",
                    "text": "Second Table Cell 4",
                    "styles": {}
                  }
                ],
                "props": {
                  "colspan": 1,
                  "rowspan": 1,
                  "backgroundColor": "default",
                  "textColor": "default",
                  "textAlignment": "left"
                }
              }
            ]
          }
        ]
      },
      "children": []
    }
  ],
  "content": [
    {
      "id": "1",
      "type": "table",
      "props": {
        "textColor": "default"
      },
      "content": {
        "type": "tableContent",
        "columnWidths": [
          null,
          null
        ],
        "rows": [
          {
            "cells": [
              {
                "type": "tableCell",
                "content": [
                  {
                    "type": "text",
                    "text": "irst Table Cell 3",
                    "styles": {}
                  }
                ],
                "props": {
                  "colspan": 1,
                  "rowspan": 1,
                  "backgroundColor": "default",
                  "textColor": "default",
                  "textAlignment": "left"
                }
              },
              {
                "type": "tableCell",
                "content": [
                  {
                    "type": "text",
                    "text": "First Table Cell 4",
                    "styles": {}
                  }
                ],
                "props": {
                  "colspan": 1,
                  "rowspan": 1,
                  "backgroundColor": "default",
                  "textColor": "default",
                  "textAlignment": "left"
                }
              }
            ]
          }
        ]
      },
      "children": []
    },
    {
      "id": "2",
      "type": "table",
      "props": {
        "textColor": "default"
      },
      "content": {
        "type": "tableContent",
        "columnWidths": [
          null,
          null
        ],
        "rows": [
          {
            "cells": [
              {
                "type": "tableCell",
                "content": [
                  {
                    "type": "text",
                    "text": "Second Table Cell 1",
                    "styles": {}
                  }
                ],
                "props": {
                  "colspan": 1,
                  "rowspan": 1,
                  "backgroundColor": "default",
                  "textColor": "default",
                  "textAlignment": "left"
                }
              },
              {
                "type": "tableCell",
                "content": [
                  {
                    "type": "text",
                    "text": "Second Table Cell ",
                    "styles": {}
                  }
                ],
                "props": {
                  "colspan": 1,
                  "rowspan": 1,
                  "backgroundColor": "default",
                  "textColor": "default",
                  "textAlignment": "left"
                }
              }
            ]
          }
        ]
      },
      "children": []
    }
  ]
}