{
  "meta": {
    "location": {
      "anchor": {
        "id": "1",
        "offset": 1
      },
      "head": {
        "id": "1",
        "offset": 10
      }
    },
    "anchor": 4,
    "head": 13,
    "from": 4,
    "to": 13
  },
  "range": {
    "anchor": {
      "id": "1",
      "offset": 1
    },
    "head": {
      "id": "1",
      "offset": 10
    }
  },
  "blocks": [
    {
      "id": "1",
      "type": "paragraph",
      "props": {
        "backgroundColor": "default",
        "textColor": "default",
        "textAlignment": "left"
      },
      "content": [
        {
          "type": "text",
          "text": "Paragraph 1",
          "styles": {}
        }
      ],
      "children": []
    }
  ],
  "content": [
    {
      "id": "1",
      "type": "paragraph",
      "props": {
        "backgroundColor": "default",
        "textColor": "default",
        "textAlignment": "left"
      },
      "content": [
        {
          "type": "text",
          "text": "aragraph ",
          "styles": {}
        }
      ],
      "children": []
    }
  ]
}