[
  {
    "block": {
      "children": [],
      "content": [
        {
          "styles": {},
          "text": "Child",
          "type": "text",
        },
      ],
      "id": "child",
      "props": {
        "backgroundColor": "default",
        "textAlignment": "left",
        "textColor": "default",
      },
      "type": "paragraph",
    },
    "currentParent": undefined,
    "prevBlock": {
      "children": [],
      "content": [
        {
          "styles": {},
          "text": "Child",
          "type": "text",
        },
      ],
      "id": "child",
      "props": {
        "backgroundColor": "default",
        "textAlignment": "left",
        "textColor": "default",
      },
      "type": "paragraph",
    },
    "prevParent": {
      "children": [
        {
          "children": [],
          "content": [
            {
              "styles": {},
              "text": "Child",
              "type": "text",
            },
          ],
          "id": "child",
          "props": {
            "backgroundColor": "default",
            "textAlignment": "left",
            "textColor": "default",
          },
          "type": "paragraph",
        },
      ],
      "content": [
        {
          "styles": {},
          "text": "Parent",
          "type": "text",
        },
      ],
      "id": "parent",
      "props": {
        "backgroundColor": "default",
        "textAlignment": "left",
        "textColor": "default",
      },
      "type": "paragraph",
    },
    "source": {
      "type": "local",
    },
    "type": "move",
  },
]