[
  {
    "block": {
      "children": [],
      "content": [
        {
          "styles": {},
          "text": "Bottom",
          "type": "text",
        },
      ],
      "id": "bottom",
      "props": {
        "backgroundColor": "default",
        "textAlignment": "left",
        "textColor": "default",
      },
      "type": "paragraph",
    },
    "currentParent": undefined,
    "prevBlock": {
      "children": [],
      "content": [
        {
          "styles": {},
          "text": "Bottom",
          "type": "text",
        },
      ],
      "id": "bottom",
      "props": {
        "backgroundColor": "default",
        "textAlignment": "left",
        "textColor": "default",
      },
      "type": "paragraph",
    },
    "prevParent": undefined,
    "source": {
      "type": "local",
    },
    "type": "move",
  },
]