[
  {
    "children": [],
    "content": [
      {
        "styles": {},
        "text": "Hello World",
        "type": "text",
      },
    ],
    "id": "2",
    "props": {
      "backgroundColor": "default",
      "textAlignment": "left",
      "textColor": "default",
    },
    "type": "paragraph",
  },
  {
    "children": [],
    "content": [],
    "id": "3",
    "props": {
      "backgroundColor": "default",
      "textAlignment": "left",
      "textColor": "default",
    },
    "type": "paragraph",
  },
]