{
  "_meta": {
    "startPos": 19,
    "endPos": 52
  },
  "blocks": [
    {
      "id": "2",
      "type": "paragraph",
      "props": {
        "textColor": "default",
        "backgroundColor": "default",
        "textAlignment": "left"
      },
      "content": [
        {
          "type": "text",
          "text": "ested Paragraph 1",
          "styles": {}
        }
      ],
      "children": []
    },
    {
      "id": "3",
      "type": "paragraph",
      "props": {
        "textColor": "default",
        "backgroundColor": "default",
        "textAlignment": "left"
      },
      "content": [
        {
          "type": "text",
          "text": "Paragraph ",
          "styles": {}
        }
      ],
      "children": []
    }
  ],
  "blockCutAtStart": "2",
  "blockCutAtEnd": "3"
}