{
  "request": {
    "method": "POST",
    "url": "https://api.openai.com/v1/responses",
    "body": "{\"model\":\"gpt-4o-2024-08-06\",\"input\":[{\"role\":\"system\",\"content\":\"You're manipulating a selected part of a text document using HTML blocks. \\n      Make sure to follow the json schema provided and always include the trailing $ in ids.\\n      List items are 1 block with 1 list item each, so block content `<ul><li>item1</li></ul>` is valid, but `<ul><li>item1</li><li>item2</li></ul>` is invalid. We'll merge them automatically.\\n      This is the selection as an array of html blocks:\"},{\"role\":\"system\",\"content\":\"[{\\\"id\\\":\\\"ref2$\\\",\\\"block\\\":\\\"<p>Hello</p>\\\"}]\"},{\"role\":\"system\",\"content\":\"This is the entire document (INCLUDING the selected text), find the selected text in there to understand the context:[{\\\"block\\\":\\\"<p>Hello, world!</p>\\\"},{\\\"block\\\":\\\"<p>Hello, <span data-inline-content-type=\\\\\\\"mention\\\\\\\" data-user=\\\\\\\"John Doe\\\\\\\">@John Doe</span>! <strong>How are you doing?</strong> <span style=\\\\\\\"color: rgb(11, 110, 153);\\\\\\\" data-style-type=\\\\\\\"textColor\\\\\\\" data-value=\\\\\\\"blue\\\\\\\" data-editable=\\\\\\\"\\\\\\\">This text is blue!</span></p>\\\"},{\\\"block\\\":\\\"<p>Hello, world! <strong>Bold text. </strong><a target=\\\\\\\"_blank\\\\\\\" rel=\\\\\\\"noopener noreferrer nofollow\\\\\\\" href=\\\\\\\"https://www.google.com\\\\\\\">Link.</a></p>\\\"}]\"},{\"role\":\"user\",\"content\":[{\"type\":\"input_text\",\"text\":\"add a paragraph with the text 'You look great today!' at the beginning and translate selection to German\"}]}],\"text\":{\"format\":{\"type\":\"json_schema\",\"strict\":false,\"name\":\"response\",\"schema\":{\"type\":\"object\",\"properties\":{\"operations\":{\"type\":\"array\",\"items\":{\"anyOf\":[{\"type\":\"object\",\"description\":\"Update a block\",\"properties\":{\"type\":{\"type\":\"string\",\"enum\":[\"update\"]},\"id\":{\"type\":\"string\",\"description\":\"id of block to update\"},\"block\":{\"type\":\"string\",\"description\":\"html of block (MUST be a single HTML element)\"}},\"required\":[\"type\",\"id\",\"block\"],\"additionalProperties\":false},{\"type\":\"object\",\"description\":\"Insert new blocks\",\"properties\":{\"type\":{\"type\":\"string\",\"enum\":[\"add\"]},\"referenceId\":{\"type\":\"string\",\"description\":\"MUST be an id of a block in the document\"},\"position\":{\"type\":\"string\",\"enum\":[\"before\",\"after\"],\"description\":\"`after` to add blocks AFTER (below) the block with `referenceId`, `before` to add the block BEFORE (above)\"},\"blocks\":{\"items\":{\"type\":\"string\",\"description\":\"html of block (MUST be a single, VALID HTML element)\"},\"type\":\"array\"}},\"required\":[\"type\",\"referenceId\",\"position\",\"blocks\"],\"additionalProperties\":false},{\"type\":\"object\",\"description\":\"Delete a block\",\"properties\":{\"type\":{\"type\":\"string\",\"enum\":[\"delete\"]},\"id\":{\"type\":\"string\",\"description\":\"id of block to delete\"}},\"required\":[\"type\",\"id\"],\"additionalProperties\":false}]}}},\"additionalProperties\":false,\"required\":[\"operations\"]}}},\"stream\":true}",
    "headers": [],
    "cookies": []
  },
  "response": {
    "status": 200,
    "statusText": "",
    "body": "event: response.created\ndata: {\"type\":\"response.created\",\"sequence_number\":0,\"response\":{\"id\":\"resp_68d4e7aae43c81969506cc85aa31852e06932a6952fba75d\",\"object\":\"response\",\"created_at\":1758783402,\"status\":\"in_progress\",\"background\":false,\"error\":null,\"incomplete_details\":null,\"instructions\":null,\"max_output_tokens\":null,\"max_tool_calls\":null,\"model\":\"gpt-4o-2024-08-06\",\"output\":[],\"parallel_tool_calls\":true,\"previous_response_id\":null,\"prompt_cache_key\":null,\"reasoning\":{\"effort\":null,\"summary\":null},\"safety_identifier\":null,\"service_tier\":\"auto\",\"store\":true,\"temperature\":1.0,\"text\":{\"format\":{\"type\":\"json_schema\",\"description\":null,\"name\":\"response\",\"schema\":{\"type\":\"object\",\"properties\":{\"operations\":{\"type\":\"array\",\"items\":{\"anyOf\":[{\"type\":\"object\",\"description\":\"Update a block\",\"properties\":{\"type\":{\"type\":\"string\",\"enum\":[\"update\"]},\"id\":{\"type\":\"string\",\"description\":\"id of block to update\"},\"block\":{\"type\":\"string\",\"description\":\"html of block (MUST be a single HTML element)\"}},\"required\":[\"type\",\"id\",\"block\"],\"additionalProperties\":false},{\"type\":\"object\",\"description\":\"Insert new blocks\",\"properties\":{\"type\":{\"type\":\"string\",\"enum\":[\"add\"]},\"referenceId\":{\"type\":\"string\",\"description\":\"MUST be an id of a block in the document\"},\"position\":{\"type\":\"string\",\"enum\":[\"before\",\"after\"],\"description\":\"`after` to add blocks AFTER (below) the block with `referenceId`, `before` to add the block BEFORE (above)\"},\"blocks\":{\"items\":{\"type\":\"string\",\"description\":\"html of block (MUST be a single, VALID HTML element)\"},\"type\":\"array\"}},\"required\":[\"type\",\"referenceId\",\"position\",\"blocks\"],\"additionalProperties\":false},{\"type\":\"object\",\"description\":\"Delete a block\",\"properties\":{\"type\":{\"type\":\"string\",\"enum\":[\"delete\"]},\"id\":{\"type\":\"string\",\"description\":\"id of block to delete\"}},\"required\":[\"type\",\"id\"],\"additionalProperties\":false}]}}},\"additionalProperties\":false,\"required\":[\"operations\"]},\"strict\":false},\"verbosity\":\"medium\"},\"tool_choice\":\"auto\",\"tools\":[],\"top_logprobs\":0,\"top_p\":1.0,\"truncation\":\"disabled\",\"usage\":null,\"user\":null,\"metadata\":{}}}\n\nevent: response.in_progress\ndata: {\"type\":\"response.in_progress\",\"sequence_number\":1,\"response\":{\"id\":\"resp_68d4e7aae43c81969506cc85aa31852e06932a6952fba75d\",\"object\":\"response\",\"created_at\":1758783402,\"status\":\"in_progress\",\"background\":false,\"error\":null,\"incomplete_details\":null,\"instructions\":null,\"max_output_tokens\":null,\"max_tool_calls\":null,\"model\":\"gpt-4o-2024-08-06\",\"output\":[],\"parallel_tool_calls\":true,\"previous_response_id\":null,\"prompt_cache_key\":null,\"reasoning\":{\"effort\":null,\"summary\":null},\"safety_identifier\":null,\"service_tier\":\"auto\",\"store\":true,\"temperature\":1.0,\"text\":{\"format\":{\"type\":\"json_schema\",\"description\":null,\"name\":\"response\",\"schema\":{\"type\":\"object\",\"properties\":{\"operations\":{\"type\":\"array\",\"items\":{\"anyOf\":[{\"type\":\"object\",\"description\":\"Update a block\",\"properties\":{\"type\":{\"type\":\"string\",\"enum\":[\"update\"]},\"id\":{\"type\":\"string\",\"description\":\"id of block to update\"},\"block\":{\"type\":\"string\",\"description\":\"html of block (MUST be a single HTML element)\"}},\"required\":[\"type\",\"id\",\"block\"],\"additionalProperties\":false},{\"type\":\"object\",\"description\":\"Insert new blocks\",\"properties\":{\"type\":{\"type\":\"string\",\"enum\":[\"add\"]},\"referenceId\":{\"type\":\"string\",\"description\":\"MUST be an id of a block in the document\"},\"position\":{\"type\":\"string\",\"enum\":[\"before\",\"after\"],\"description\":\"`after` to add blocks AFTER (below) the block with `referenceId`, `before` to add the block BEFORE (above)\"},\"blocks\":{\"items\":{\"type\":\"string\",\"description\":\"html of block (MUST be a single, VALID HTML element)\"},\"type\":\"array\"}},\"required\":[\"type\",\"referenceId\",\"position\",\"blocks\"],\"additionalProperties\":false},{\"type\":\"object\",\"description\":\"Delete a block\",\"properties\":{\"type\":{\"type\":\"string\",\"enum\":[\"delete\"]},\"id\":{\"type\":\"string\",\"description\":\"id of block to delete\"}},\"required\":[\"type\",\"id\"],\"additionalProperties\":false}]}}},\"additionalProperties\":false,\"required\":[\"operations\"]},\"strict\":false},\"verbosity\":\"medium\"},\"tool_choice\":\"auto\",\"tools\":[],\"top_logprobs\":0,\"top_p\":1.0,\"truncation\":\"disabled\",\"usage\":null,\"user\":null,\"metadata\":{}}}\n\nevent: response.output_item.added\ndata: {\"type\":\"response.output_item.added\",\"sequence_number\":2,\"output_index\":0,\"item\":{\"id\":\"msg_68d4e7ab6f748196ab059f4d165f9d8d06932a6952fba75d\",\"type\":\"message\",\"status\":\"in_progress\",\"content\":[],\"role\":\"assistant\"}}\n\nevent: response.content_part.added\ndata: {\"type\":\"response.content_part.added\",\"sequence_number\":3,\"item_id\":\"msg_68d4e7ab6f748196ab059f4d165f9d8d06932a6952fba75d\",\"output_index\":0,\"content_index\":0,\"part\":{\"type\":\"output_text\",\"annotations\":[],\"logprobs\":[],\"text\":\"\"}}\n\nevent: response.output_text.delta\ndata: {\"type\":\"response.output_text.delta\",\"sequence_number\":4,\"item_id\":\"msg_68d4e7ab6f748196ab059f4d165f9d8d06932a6952fba75d\",\"output_index\":0,\"content_index\":0,\"delta\":\"{\\\"\",\"logprobs\":[],\"obfuscation\":\"M0cwk4bFoiLBPV\"}\n\nevent: response.output_text.delta\ndata: {\"type\":\"response.output_text.delta\",\"sequence_number\":5,\"item_id\":\"msg_68d4e7ab6f748196ab059f4d165f9d8d06932a6952fba75d\",\"output_index\":0,\"content_index\":0,\"delta\":\"operations\",\"logprobs\":[],\"obfuscation\":\"2jnvwJ\"}\n\nevent: response.output_text.delta\ndata: {\"type\":\"response.output_text.delta\",\"sequence_number\":6,\"item_id\":\"msg_68d4e7ab6f748196ab059f4d165f9d8d06932a6952fba75d\",\"output_index\":0,\"content_index\":0,\"delta\":\"\\\":[\",\"logprobs\":[],\"obfuscation\":\"Mh2AkN8ho0Cm8\"}\n\nevent: response.output_text.delta\ndata: {\"type\":\"response.output_text.delta\",\"sequence_number\":7,\"item_id\":\"msg_68d4e7ab6f748196ab059f4d165f9d8d06932a6952fba75d\",\"output_index\":0,\"content_index\":0,\"delta\":\"{\\\"\",\"logprobs\":[],\"obfuscation\":\"711IHRWkncjUTU\"}\n\nevent: response.output_text.delta\ndata: {\"type\":\"response.output_text.delta\",\"sequence_number\":8,\"item_id\":\"msg_68d4e7ab6f748196ab059f4d165f9d8d06932a6952fba75d\",\"output_index\":0,\"content_index\":0,\"delta\":\"type\",\"logprobs\":[],\"obfuscation\":\"EzWcT5889qZS\"}\n\nevent: response.output_text.delta\ndata: {\"type\":\"response.output_text.delta\",\"sequence_number\":9,\"item_id\":\"msg_68d4e7ab6f748196ab059f4d165f9d8d06932a6952fba75d\",\"output_index\":0,\"content_index\":0,\"delta\":\"\\\":\\\"\",\"logprobs\":[],\"obfuscation\":\"iWqsvSCJ9ryjm\"}\n\nevent: response.output_text.delta\ndata: {\"type\":\"response.output_text.delta\",\"sequence_number\":10,\"item_id\":\"msg_68d4e7ab6f748196ab059f4d165f9d8d06932a6952fba75d\",\"output_index\":0,\"content_index\":0,\"delta\":\"update\",\"logprobs\":[],\"obfuscation\":\"qLt57P2taW\"}\n\nevent: response.output_text.delta\ndata: {\"type\":\"response.output_text.delta\",\"sequence_number\":11,\"item_id\":\"msg_68d4e7ab6f748196ab059f4d165f9d8d06932a6952fba75d\",\"output_index\":0,\"content_index\":0,\"delta\":\"\\\",\\\"\",\"logprobs\":[],\"obfuscation\":\"kqpLrV9I1Si9d\"}\n\nevent: response.output_text.delta\ndata: {\"type\":\"response.output_text.delta\",\"sequence_number\":12,\"item_id\":\"msg_68d4e7ab6f748196ab059f4d165f9d8d06932a6952fba75d\",\"output_index\":0,\"content_index\":0,\"delta\":\"id\",\"logprobs\":[],\"obfuscation\":\"w1eQn9HFOwwgsD\"}\n\nevent: response.output_text.delta\ndata: {\"type\":\"response.output_text.delta\",\"sequence_number\":13,\"item_id\":\"msg_68d4e7ab6f748196ab059f4d165f9d8d06932a6952fba75d\",\"output_index\":0,\"content_index\":0,\"delta\":\"\\\":\\\"\",\"logprobs\":[],\"obfuscation\":\"KcmtWNofw0qEt\"}\n\nevent: response.output_text.delta\ndata: {\"type\":\"response.output_text.delta\",\"sequence_number\":14,\"item_id\":\"msg_68d4e7ab6f748196ab059f4d165f9d8d06932a6952fba75d\",\"output_index\":0,\"content_index\":0,\"delta\":\"ref\",\"logprobs\":[],\"obfuscation\":\"ZKdK4BhRalM3P\"}\n\nevent: response.output_text.delta\ndata: {\"type\":\"response.output_text.delta\",\"sequence_number\":15,\"item_id\":\"msg_68d4e7ab6f748196ab059f4d165f9d8d06932a6952fba75d\",\"output_index\":0,\"content_index\":0,\"delta\":\"2\",\"logprobs\":[],\"obfuscation\":\"Y7eiUoheSqtJcm1\"}\n\nevent: response.output_text.delta\ndata: {\"type\":\"response.output_text.delta\",\"sequence_number\":16,\"item_id\":\"msg_68d4e7ab6f748196ab059f4d165f9d8d06932a6952fba75d\",\"output_index\":0,\"content_index\":0,\"delta\":\"$\",\"logprobs\":[],\"obfuscation\":\"fQ9IIAes1wqsdcg\"}\n\nevent: response.output_text.delta\ndata: {\"type\":\"response.output_text.delta\",\"sequence_number\":17,\"item_id\":\"msg_68d4e7ab6f748196ab059f4d165f9d8d06932a6952fba75d\",\"output_index\":0,\"content_index\":0,\"delta\":\"\\\",\\\"\",\"logprobs\":[],\"obfuscation\":\"WevoTct2ojvSE\"}\n\nevent: response.output_text.delta\ndata: {\"type\":\"response.output_text.delta\",\"sequence_number\":18,\"item_id\":\"msg_68d4e7ab6f748196ab059f4d165f9d8d06932a6952fba75d\",\"output_index\":0,\"content_index\":0,\"delta\":\"block\",\"logprobs\":[],\"obfuscation\":\"4taJ8VpL3gr\"}\n\nevent: response.output_text.delta\ndata: {\"type\":\"response.output_text.delta\",\"sequence_number\":19,\"item_id\":\"msg_68d4e7ab6f748196ab059f4d165f9d8d06932a6952fba75d\",\"output_index\":0,\"content_index\":0,\"delta\":\"\\\":\\\"\",\"logprobs\":[],\"obfuscation\":\"lolZjDmwMIFRy\"}\n\nevent: response.output_text.delta\ndata: {\"type\":\"response.output_text.delta\",\"sequence_number\":20,\"item_id\":\"msg_68d4e7ab6f748196ab059f4d165f9d8d06932a6952fba75d\",\"output_index\":0,\"content_index\":0,\"delta\":\"<\",\"logprobs\":[],\"obfuscation\":\"mECg2SnkNpMGErS\"}\n\nevent: response.output_text.delta\ndata: {\"type\":\"response.output_text.delta\",\"sequence_number\":21,\"item_id\":\"msg_68d4e7ab6f748196ab059f4d165f9d8d06932a6952fba75d\",\"output_index\":0,\"content_index\":0,\"delta\":\"p\",\"logprobs\":[],\"obfuscation\":\"RTsR71eOcAqGVZu\"}\n\nevent: response.output_text.delta\ndata: {\"type\":\"response.output_text.delta\",\"sequence_number\":22,\"item_id\":\"msg_68d4e7ab6f748196ab059f4d165f9d8d06932a6952fba75d\",\"output_index\":0,\"content_index\":0,\"delta\":\">\",\"logprobs\":[],\"obfuscation\":\"JIc3k3tBxiJfhwG\"}\n\nevent: response.output_text.delta\ndata: {\"type\":\"response.output_text.delta\",\"sequence_number\":23,\"item_id\":\"msg_68d4e7ab6f748196ab059f4d165f9d8d06932a6952fba75d\",\"output_index\":0,\"content_index\":0,\"delta\":\"Hallo\",\"logprobs\":[],\"obfuscation\":\"IeoP6RsVmM2\"}\n\nevent: response.output_text.delta\ndata: {\"type\":\"response.output_text.delta\",\"sequence_number\":24,\"item_id\":\"msg_68d4e7ab6f748196ab059f4d165f9d8d06932a6952fba75d\",\"output_index\":0,\"content_index\":0,\"delta\":\"</\",\"logprobs\":[],\"obfuscation\":\"hwT42434ie4e9N\"}\n\nevent: response.output_text.delta\ndata: {\"type\":\"response.output_text.delta\",\"sequence_number\":25,\"item_id\":\"msg_68d4e7ab6f748196ab059f4d165f9d8d06932a6952fba75d\",\"output_index\":0,\"content_index\":0,\"delta\":\"p\",\"logprobs\":[],\"obfuscation\":\"kpGLT5brHU6vNjq\"}\n\nevent: response.output_text.delta\ndata: {\"type\":\"response.output_text.delta\",\"sequence_number\":26,\"item_id\":\"msg_68d4e7ab6f748196ab059f4d165f9d8d06932a6952fba75d\",\"output_index\":0,\"content_index\":0,\"delta\":\">\\\"\",\"logprobs\":[],\"obfuscation\":\"h1TMcNu74ZqlsQ\"}\n\nevent: response.output_text.delta\ndata: {\"type\":\"response.output_text.delta\",\"sequence_number\":27,\"item_id\":\"msg_68d4e7ab6f748196ab059f4d165f9d8d06932a6952fba75d\",\"output_index\":0,\"content_index\":0,\"delta\":\"},{\\\"\",\"logprobs\":[],\"obfuscation\":\"TTXX9VWc6Gip\"}\n\nevent: response.output_text.delta\ndata: {\"type\":\"response.output_text.delta\",\"sequence_number\":28,\"item_id\":\"msg_68d4e7ab6f748196ab059f4d165f9d8d06932a6952fba75d\",\"output_index\":0,\"content_index\":0,\"delta\":\"type\",\"logprobs\":[],\"obfuscation\":\"3rb2XwvDDmVo\"}\n\nevent: response.output_text.delta\ndata: {\"type\":\"response.output_text.delta\",\"sequence_number\":29,\"item_id\":\"msg_68d4e7ab6f748196ab059f4d165f9d8d06932a6952fba75d\",\"output_index\":0,\"content_index\":0,\"delta\":\"\\\":\\\"\",\"logprobs\":[],\"obfuscation\":\"FxwPGVWsylHtW\"}\n\nevent: response.output_text.delta\ndata: {\"type\":\"response.output_text.delta\",\"sequence_number\":30,\"item_id\":\"msg_68d4e7ab6f748196ab059f4d165f9d8d06932a6952fba75d\",\"output_index\":0,\"content_index\":0,\"delta\":\"add\",\"logprobs\":[],\"obfuscation\":\"jYIYtzt5ZNgNq\"}\n\nevent: response.output_text.delta\ndata: {\"type\":\"response.output_text.delta\",\"sequence_number\":31,\"item_id\":\"msg_68d4e7ab6f748196ab059f4d165f9d8d06932a6952fba75d\",\"output_index\":0,\"content_index\":0,\"delta\":\"\\\",\\\"\",\"logprobs\":[],\"obfuscation\":\"cACuU0SZPV3g9\"}\n\nevent: response.output_text.delta\ndata: {\"type\":\"response.output_text.delta\",\"sequence_number\":32,\"item_id\":\"msg_68d4e7ab6f748196ab059f4d165f9d8d06932a6952fba75d\",\"output_index\":0,\"content_index\":0,\"delta\":\"reference\",\"logprobs\":[],\"obfuscation\":\"rQHXFdA\"}\n\nevent: response.output_text.delta\ndata: {\"type\":\"response.output_text.delta\",\"sequence_number\":33,\"item_id\":\"msg_68d4e7ab6f748196ab059f4d165f9d8d06932a6952fba75d\",\"output_index\":0,\"content_index\":0,\"delta\":\"Id\",\"logprobs\":[],\"obfuscation\":\"4F4hVw1v8k93AH\"}\n\nevent: response.output_text.delta\ndata: {\"type\":\"response.output_text.delta\",\"sequence_number\":34,\"item_id\":\"msg_68d4e7ab6f748196ab059f4d165f9d8d06932a6952fba75d\",\"output_index\":0,\"content_index\":0,\"delta\":\"\\\":\\\"\",\"logprobs\":[],\"obfuscation\":\"RAbyRUHaGrOso\"}\n\nevent: response.output_text.delta\ndata: {\"type\":\"response.output_text.delta\",\"sequence_number\":35,\"item_id\":\"msg_68d4e7ab6f748196ab059f4d165f9d8d06932a6952fba75d\",\"output_index\":0,\"content_index\":0,\"delta\":\"ref\",\"logprobs\":[],\"obfuscation\":\"pA1592msFhdxI\"}\n\nevent: response.output_text.delta\ndata: {\"type\":\"response.output_text.delta\",\"sequence_number\":36,\"item_id\":\"msg_68d4e7ab6f748196ab059f4d165f9d8d06932a6952fba75d\",\"output_index\":0,\"content_index\":0,\"delta\":\"2\",\"logprobs\":[],\"obfuscation\":\"etpnw5JxBenOamU\"}\n\nevent: response.output_text.delta\ndata: {\"type\":\"response.output_text.delta\",\"sequence_number\":37,\"item_id\":\"msg_68d4e7ab6f748196ab059f4d165f9d8d06932a6952fba75d\",\"output_index\":0,\"content_index\":0,\"delta\":\"$\",\"logprobs\":[],\"obfuscation\":\"eYt5nUnsaIuHdFr\"}\n\nevent: response.output_text.delta\ndata: {\"type\":\"response.output_text.delta\",\"sequence_number\":38,\"item_id\":\"msg_68d4e7ab6f748196ab059f4d165f9d8d06932a6952fba75d\",\"output_index\":0,\"content_index\":0,\"delta\":\"\\\",\\\"\",\"logprobs\":[],\"obfuscation\":\"W63ITpWbuZtyD\"}\n\nevent: response.output_text.delta\ndata: {\"type\":\"response.output_text.delta\",\"sequence_number\":39,\"item_id\":\"msg_68d4e7ab6f748196ab059f4d165f9d8d06932a6952fba75d\",\"output_index\":0,\"content_index\":0,\"delta\":\"position\",\"logprobs\":[],\"obfuscation\":\"Vd9lR7CL\"}\n\nevent: response.output_text.delta\ndata: {\"type\":\"response.output_text.delta\",\"sequence_number\":40,\"item_id\":\"msg_68d4e7ab6f748196ab059f4d165f9d8d06932a6952fba75d\",\"output_index\":0,\"content_index\":0,\"delta\":\"\\\":\\\"\",\"logprobs\":[],\"obfuscation\":\"pwO5RvTbTUfq4\"}\n\nevent: response.output_text.delta\ndata: {\"type\":\"response.output_text.delta\",\"sequence_number\":41,\"item_id\":\"msg_68d4e7ab6f748196ab059f4d165f9d8d06932a6952fba75d\",\"output_index\":0,\"content_index\":0,\"delta\":\"before\",\"logprobs\":[],\"obfuscation\":\"mZoyWaGCU8\"}\n\nevent: response.output_text.delta\ndata: {\"type\":\"response.output_text.delta\",\"sequence_number\":42,\"item_id\":\"msg_68d4e7ab6f748196ab059f4d165f9d8d06932a6952fba75d\",\"output_index\":0,\"content_index\":0,\"delta\":\"\\\",\\\"\",\"logprobs\":[],\"obfuscation\":\"qNMSGbbFlWU74\"}\n\nevent: response.output_text.delta\ndata: {\"type\":\"response.output_text.delta\",\"sequence_number\":43,\"item_id\":\"msg_68d4e7ab6f748196ab059f4d165f9d8d06932a6952fba75d\",\"output_index\":0,\"content_index\":0,\"delta\":\"blocks\",\"logprobs\":[],\"obfuscation\":\"a2O4Ptylm3\"}\n\nevent: response.output_text.delta\ndata: {\"type\":\"response.output_text.delta\",\"sequence_number\":44,\"item_id\":\"msg_68d4e7ab6f748196ab059f4d165f9d8d06932a6952fba75d\",\"output_index\":0,\"content_index\":0,\"delta\":\"\\\":[\\\"\",\"logprobs\":[],\"obfuscation\":\"g7UEXd0b2UFi\"}\n\nevent: response.output_text.delta\ndata: {\"type\":\"response.output_text.delta\",\"sequence_number\":45,\"item_id\":\"msg_68d4e7ab6f748196ab059f4d165f9d8d06932a6952fba75d\",\"output_index\":0,\"content_index\":0,\"delta\":\"<\",\"logprobs\":[],\"obfuscation\":\"hlcrJa56luMf0Gg\"}\n\nevent: response.output_text.delta\ndata: {\"type\":\"response.output_text.delta\",\"sequence_number\":46,\"item_id\":\"msg_68d4e7ab6f748196ab059f4d165f9d8d06932a6952fba75d\",\"output_index\":0,\"content_index\":0,\"delta\":\"p\",\"logprobs\":[],\"obfuscation\":\"EfyoGdHamyqS4sY\"}\n\nevent: response.output_text.delta\ndata: {\"type\":\"response.output_text.delta\",\"sequence_number\":47,\"item_id\":\"msg_68d4e7ab6f748196ab059f4d165f9d8d06932a6952fba75d\",\"output_index\":0,\"content_index\":0,\"delta\":\">You\",\"logprobs\":[],\"obfuscation\":\"vovleMWpyqbo\"}\n\nevent: response.output_text.delta\ndata: {\"type\":\"response.output_text.delta\",\"sequence_number\":48,\"item_id\":\"msg_68d4e7ab6f748196ab059f4d165f9d8d06932a6952fba75d\",\"output_index\":0,\"content_index\":0,\"delta\":\" look\",\"logprobs\":[],\"obfuscation\":\"7WNJuGulPH2\"}\n\nevent: response.output_text.delta\ndata: {\"type\":\"response.output_text.delta\",\"sequence_number\":49,\"item_id\":\"msg_68d4e7ab6f748196ab059f4d165f9d8d06932a6952fba75d\",\"output_index\":0,\"content_index\":0,\"delta\":\" great\",\"logprobs\":[],\"obfuscation\":\"0xesdgEfuh\"}\n\nevent: response.output_text.delta\ndata: {\"type\":\"response.output_text.delta\",\"sequence_number\":50,\"item_id\":\"msg_68d4e7ab6f748196ab059f4d165f9d8d06932a6952fba75d\",\"output_index\":0,\"content_index\":0,\"delta\":\" today\",\"logprobs\":[],\"obfuscation\":\"gUgnD9bIFj\"}\n\nevent: response.output_text.delta\ndata: {\"type\":\"response.output_text.delta\",\"sequence_number\":51,\"item_id\":\"msg_68d4e7ab6f748196ab059f4d165f9d8d06932a6952fba75d\",\"output_index\":0,\"content_index\":0,\"delta\":\"!</\",\"logprobs\":[],\"obfuscation\":\"scOM2OzSGdeYH\"}\n\nevent: response.output_text.delta\ndata: {\"type\":\"response.output_text.delta\",\"sequence_number\":52,\"item_id\":\"msg_68d4e7ab6f748196ab059f4d165f9d8d06932a6952fba75d\",\"output_index\":0,\"content_index\":0,\"delta\":\"p\",\"logprobs\":[],\"obfuscation\":\"DeYgigUPKMQqw0C\"}\n\nevent: response.output_text.delta\ndata: {\"type\":\"response.output_text.delta\",\"sequence_number\":53,\"item_id\":\"msg_68d4e7ab6f748196ab059f4d165f9d8d06932a6952fba75d\",\"output_index\":0,\"content_index\":0,\"delta\":\">\",\"logprobs\":[],\"obfuscation\":\"PqZVRKXci5fhQHA\"}\n\nevent: response.output_text.delta\ndata: {\"type\":\"response.output_text.delta\",\"sequence_number\":54,\"item_id\":\"msg_68d4e7ab6f748196ab059f4d165f9d8d06932a6952fba75d\",\"output_index\":0,\"content_index\":0,\"delta\":\"\\\"]\",\"logprobs\":[],\"obfuscation\":\"vyNCepTwG4dul2\"}\n\nevent: response.output_text.delta\ndata: {\"type\":\"response.output_text.delta\",\"sequence_number\":55,\"item_id\":\"msg_68d4e7ab6f748196ab059f4d165f9d8d06932a6952fba75d\",\"output_index\":0,\"content_index\":0,\"delta\":\"}\",\"logprobs\":[],\"obfuscation\":\"6XbFGsOftPJUZrU\"}\n\nevent: response.output_text.delta\ndata: {\"type\":\"response.output_text.delta\",\"sequence_number\":56,\"item_id\":\"msg_68d4e7ab6f748196ab059f4d165f9d8d06932a6952fba75d\",\"output_index\":0,\"content_index\":0,\"delta\":\"]}\",\"logprobs\":[],\"obfuscation\":\"KdCXuGlkURAftG\"}\n\nevent: response.output_text.done\ndata: {\"type\":\"response.output_text.done\",\"sequence_number\":57,\"item_id\":\"msg_68d4e7ab6f748196ab059f4d165f9d8d06932a6952fba75d\",\"output_index\":0,\"content_index\":0,\"text\":\"{\\\"operations\\\":[{\\\"type\\\":\\\"update\\\",\\\"id\\\":\\\"ref2$\\\",\\\"block\\\":\\\"<p>Hallo</p>\\\"},{\\\"type\\\":\\\"add\\\",\\\"referenceId\\\":\\\"ref2$\\\",\\\"position\\\":\\\"before\\\",\\\"blocks\\\":[\\\"<p>You look great today!</p>\\\"]}]}\",\"logprobs\":[]}\n\nevent: response.content_part.done\ndata: {\"type\":\"response.content_part.done\",\"sequence_number\":58,\"item_id\":\"msg_68d4e7ab6f748196ab059f4d165f9d8d06932a6952fba75d\",\"output_index\":0,\"content_index\":0,\"part\":{\"type\":\"output_text\",\"annotations\":[],\"logprobs\":[],\"text\":\"{\\\"operations\\\":[{\\\"type\\\":\\\"update\\\",\\\"id\\\":\\\"ref2$\\\",\\\"block\\\":\\\"<p>Hallo</p>\\\"},{\\\"type\\\":\\\"add\\\",\\\"referenceId\\\":\\\"ref2$\\\",\\\"position\\\":\\\"before\\\",\\\"blocks\\\":[\\\"<p>You look great today!</p>\\\"]}]}\"}}\n\nevent: response.output_item.done\ndata: {\"type\":\"response.output_item.done\",\"sequence_number\":59,\"output_index\":0,\"item\":{\"id\":\"msg_68d4e7ab6f748196ab059f4d165f9d8d06932a6952fba75d\",\"type\":\"message\",\"status\":\"completed\",\"content\":[{\"type\":\"output_text\",\"annotations\":[],\"logprobs\":[],\"text\":\"{\\\"operations\\\":[{\\\"type\\\":\\\"update\\\",\\\"id\\\":\\\"ref2$\\\",\\\"block\\\":\\\"<p>Hallo</p>\\\"},{\\\"type\\\":\\\"add\\\",\\\"referenceId\\\":\\\"ref2$\\\",\\\"position\\\":\\\"before\\\",\\\"blocks\\\":[\\\"<p>You look great today!</p>\\\"]}]}\"}],\"role\":\"assistant\"}}\n\nevent: response.completed\ndata: {\"type\":\"response.completed\",\"sequence_number\":60,\"response\":{\"id\":\"resp_68d4e7aae43c81969506cc85aa31852e06932a6952fba75d\",\"object\":\"response\",\"created_at\":1758783402,\"status\":\"completed\",\"background\":false,\"error\":null,\"incomplete_details\":null,\"instructions\":null,\"max_output_tokens\":null,\"max_tool_calls\":null,\"model\":\"gpt-4o-2024-08-06\",\"output\":[{\"id\":\"msg_68d4e7ab6f748196ab059f4d165f9d8d06932a6952fba75d\",\"type\":\"message\",\"status\":\"completed\",\"content\":[{\"type\":\"output_text\",\"annotations\":[],\"logprobs\":[],\"text\":\"{\\\"operations\\\":[{\\\"type\\\":\\\"update\\\",\\\"id\\\":\\\"ref2$\\\",\\\"block\\\":\\\"<p>Hallo</p>\\\"},{\\\"type\\\":\\\"add\\\",\\\"referenceId\\\":\\\"ref2$\\\",\\\"position\\\":\\\"before\\\",\\\"blocks\\\":[\\\"<p>You look great today!</p>\\\"]}]}\"}],\"role\":\"assistant\"}],\"parallel_tool_calls\":true,\"previous_response_id\":null,\"prompt_cache_key\":null,\"reasoning\":{\"effort\":null,\"summary\":null},\"safety_identifier\":null,\"service_tier\":\"default\",\"store\":true,\"temperature\":1.0,\"text\":{\"format\":{\"type\":\"json_schema\",\"description\":null,\"name\":\"response\",\"schema\":{\"type\":\"object\",\"properties\":{\"operations\":{\"type\":\"array\",\"items\":{\"anyOf\":[{\"type\":\"object\",\"description\":\"Update a block\",\"properties\":{\"type\":{\"type\":\"string\",\"enum\":[\"update\"]},\"id\":{\"type\":\"string\",\"description\":\"id of block to update\"},\"block\":{\"type\":\"string\",\"description\":\"html of block (MUST be a single HTML element)\"}},\"required\":[\"type\",\"id\",\"block\"],\"additionalProperties\":false},{\"type\":\"object\",\"description\":\"Insert new blocks\",\"properties\":{\"type\":{\"type\":\"string\",\"enum\":[\"add\"]},\"referenceId\":{\"type\":\"string\",\"description\":\"MUST be an id of a block in the document\"},\"position\":{\"type\":\"string\",\"enum\":[\"before\",\"after\"],\"description\":\"`after` to add blocks AFTER (below) the block with `referenceId`, `before` to add the block BEFORE (above)\"},\"blocks\":{\"items\":{\"type\":\"string\",\"description\":\"html of block (MUST be a single, VALID HTML element)\"},\"type\":\"array\"}},\"required\":[\"type\",\"referenceId\",\"position\",\"blocks\"],\"additionalProperties\":false},{\"type\":\"object\",\"description\":\"Delete a block\",\"properties\":{\"type\":{\"type\":\"string\",\"enum\":[\"delete\"]},\"id\":{\"type\":\"string\",\"description\":\"id of block to delete\"}},\"required\":[\"type\",\"id\"],\"additionalProperties\":false}]}}},\"additionalProperties\":false,\"required\":[\"operations\"]},\"strict\":false},\"verbosity\":\"medium\"},\"tool_choice\":\"auto\",\"tools\":[],\"top_logprobs\":0,\"top_p\":1.0,\"truncation\":\"disabled\",\"usage\":{\"input_tokens\":571,\"input_tokens_details\":{\"cached_tokens\":0},\"output_tokens\":54,\"output_tokens_details\":{\"reasoning_tokens\":0},\"total_tokens\":625},\"user\":null,\"metadata\":{}}}\n\n",
    "headers": []
  }
}