{
  "request": {
    "method": "POST",
    "url": "https://localhost:3000/ai?provider=anthropic&url=https%3A%2F%2Fapi.anthropic.com%2Fv1%2Fmessages",
    "body": "{\"model\":\"claude-3-7-sonnet-latest\",\"max_tokens\":4096,\"temperature\":0,\"system\":[{\"type\":\"text\",\"text\":\"You're manipulating a text document using HTML blocks. \\n        Make sure to follow the json schema provided. When referencing ids they MUST be EXACTLY the same (including the trailing $). \\n        List items are 1 block with 1 list item each, so block content `<ul><li>item1</li></ul>` is valid, but `<ul><li>item1</li><li>item2</li></ul>` is invalid. We'll merge them automatically.\\n        For code blocks, you can use the `data-language` attribute on a code block to specify the language.\\n        This is the document as an array of html blocks (the cursor is BETWEEN two blocks as indicated by cursor: true):\"},{\"type\":\"text\",\"text\":\"[{\\\"id\\\":\\\"ref1$\\\",\\\"block\\\":\\\"<p></p>\\\"},{\\\"cursor\\\":true}]\"},{\"type\":\"text\",\"text\":\"First, determine what part of the document the user is talking about. You SHOULD probably take cursor info into account if needed.\\n       EXAMPLE: if user says \\\"below\\\" (without pointing to a specific part of the document) he / she probably indicates the block(s) after the cursor. \\n       EXAMPLE: If you want to insert content AT the cursor position (UNLESS indicated otherwise by the user), \\n       then you need `referenceId` to point to the block before the cursor with position `after` (or block below and `before`).\\n      \\n      Because the document is empty, first update the empty block before adding new blocks.\"},{\"type\":\"text\",\"text\":\"The user asks you to do the following:\"}],\"messages\":[{\"role\":\"user\",\"content\":[{\"type\":\"text\",\"text\":\"write a new paragraph with the text 'You look great today!'\"}]}],\"tools\":[{\"name\":\"json\",\"description\":\"Respond with a JSON object.\",\"input_schema\":{\"type\":\"object\",\"properties\":{\"operations\":{\"type\":\"array\",\"items\":{\"anyOf\":[{\"type\":\"object\",\"description\":\"Update a block\",\"properties\":{\"type\":{\"type\":\"string\",\"enum\":[\"update\"]},\"id\":{\"type\":\"string\",\"description\":\"id of block to update\"},\"block\":{\"$ref\":\"#/$defs/block\"}},\"required\":[\"type\",\"id\",\"block\"],\"additionalProperties\":false},{\"type\":\"object\",\"description\":\"Insert new blocks\",\"properties\":{\"type\":{\"type\":\"string\",\"enum\":[\"add\"]},\"referenceId\":{\"type\":\"string\",\"description\":\"MUST be an id of a block in the document\"},\"position\":{\"type\":\"string\",\"enum\":[\"before\",\"after\"],\"description\":\"`after` to add blocks AFTER (below) the block with `referenceId`, `before` to add the block BEFORE (above)\"},\"blocks\":{\"items\":{\"$ref\":\"#/$defs/block\"},\"type\":\"array\"}},\"required\":[\"type\",\"referenceId\",\"position\",\"blocks\"],\"additionalProperties\":false},{\"type\":\"object\",\"description\":\"Delete a block\",\"properties\":{\"type\":{\"type\":\"string\",\"enum\":[\"delete\"]},\"id\":{\"type\":\"string\",\"description\":\"id of block to delete\"}},\"required\":[\"type\",\"id\"],\"additionalProperties\":false}]}}},\"additionalProperties\":false,\"required\":[\"operations\"],\"$defs\":{\"block\":{\"type\":\"string\",\"description\":\"html of block (MUST be a single HTML element)\"}}}}],\"tool_choice\":{\"type\":\"tool\",\"name\":\"json\"}}",
    "headers": [],
    "cookies": []
  },
  "response": {
    "status": 200,
    "statusText": "",
    "body": "{\"id\":\"msg_017cBrLzbBcimHZvkBPHaHUS\",\"type\":\"message\",\"role\":\"assistant\",\"model\":\"claude-3-7-sonnet-20250219\",\"content\":[{\"type\":\"tool_use\",\"id\":\"toolu_01H2npMHYeXPe4vWmyeeAN6n\",\"name\":\"json\",\"input\":{\"operations\":[{\"type\":\"update\",\"id\":\"ref1$\",\"block\":\"<p>You look great today!</p>\"}]}}],\"stop_reason\":\"tool_use\",\"stop_sequence\":null,\"usage\":{\"input_tokens\":1097,\"cache_creation_input_tokens\":0,\"cache_read_input_tokens\":0,\"output_tokens\":74,\"service_tier\":\"standard\"}}",
    "headers": []
  }
}