{
  "request": {
    "method": "POST",
    "url": "https://localhost:3000/ai?provider=groq&url=https%3A%2F%2Fapi.groq.com%2Fopenai%2Fv1%2Fchat%2Fcompletions",
    "body": "{\"model\":\"llama-3.3-70b-versatile\",\"temperature\":0,\"messages\":[{\"role\":\"system\",\"content\":\"You're manipulating a selected part of a text document using HTML blocks. \\n      Make sure to follow the json schema provided and always include the trailing $ in ids. \\n      List items are 1 block with 1 list item each, so block content `<ul><li>item1</li></ul>` is valid, but `<ul><li>item1</li><li>item2</li></ul>` is invalid. We'll merge them automatically.\\n      This is the selection as an array of html blocks:\"},{\"role\":\"system\",\"content\":\"[{\\\"id\\\":\\\"ref2$\\\",\\\"block\\\":\\\"<p>Hello</p>\\\"}]\"},{\"role\":\"system\",\"content\":\"This is the entire document (INCLUDING the selected text), find the selected text in there to understand the context:\"},{\"role\":\"system\",\"content\":\"[{\\\"block\\\":\\\"<p>Hello, world!</p>\\\"},{\\\"block\\\":\\\"<p>Hello, <span data-inline-content-type=\\\\\\\"mention\\\\\\\" data-user=\\\\\\\"John Doe\\\\\\\">@John Doe</span>! <strong>How are you doing?</strong> <span data-text-color=\\\\\\\"blue\\\\\\\">This text is blue!</span></p>\\\"},{\\\"block\\\":\\\"<p>Hello, world! <strong>Bold text. </strong><a target=\\\\\\\"_blank\\\\\\\" rel=\\\\\\\"noopener noreferrer nofollow\\\\\\\" href=\\\\\\\"https://www.google.com\\\\\\\">Link.</a></p>\\\"}]\"},{\"role\":\"system\",\"content\":\"The user asks you to do the following:\"},{\"role\":\"user\",\"content\":\"add a paragraph with the text 'You look great today!' at the beginning and translate selection to German\"}],\"tool_choice\":{\"type\":\"function\",\"function\":{\"name\":\"json\"}},\"tools\":[{\"type\":\"function\",\"function\":{\"name\":\"json\",\"description\":\"Respond with a JSON object.\",\"parameters\":{\"type\":\"object\",\"properties\":{\"operations\":{\"type\":\"array\",\"items\":{\"anyOf\":[{\"type\":\"object\",\"description\":\"Update a block\",\"properties\":{\"type\":{\"type\":\"string\",\"enum\":[\"update\"]},\"id\":{\"type\":\"string\",\"description\":\"id of block to update\"},\"block\":{\"type\":\"string\",\"description\":\"html of block (MUST be a single HTML element)\"}},\"required\":[\"type\",\"id\",\"block\"],\"additionalProperties\":false},{\"type\":\"object\",\"description\":\"Insert new blocks\",\"properties\":{\"type\":{\"type\":\"string\",\"enum\":[\"add\"]},\"referenceId\":{\"type\":\"string\",\"description\":\"MUST be an id of a block in the document\"},\"position\":{\"type\":\"string\",\"enum\":[\"before\",\"after\"],\"description\":\"`after` to add blocks AFTER (below) the block with `referenceId`, `before` to add the block BEFORE (above)\"},\"blocks\":{\"items\":{\"type\":\"string\",\"description\":\"html of block (MUST be a single HTML element)\"},\"type\":\"array\"}},\"required\":[\"type\",\"referenceId\",\"position\",\"blocks\"],\"additionalProperties\":false},{\"type\":\"object\",\"description\":\"Delete a block\",\"properties\":{\"type\":{\"type\":\"string\",\"enum\":[\"delete\"]},\"id\":{\"type\":\"string\",\"description\":\"id of block to delete\"}},\"required\":[\"type\",\"id\"],\"additionalProperties\":false}]}}},\"additionalProperties\":false,\"required\":[\"operations\"]}}}]}",
    "headers": [],
    "cookies": []
  },
  "response": {
    "status": 200,
    "statusText": "",
    "body": "{\"id\":\"chatcmpl-b8fcce0a-446d-4881-9ab5-92ff52720367\",\"object\":\"chat.completion\",\"created\":1752130630,\"model\":\"llama-3.3-70b-versatile\",\"choices\":[{\"index\":0,\"message\":{\"role\":\"assistant\",\"tool_calls\":[{\"id\":\"spmvdw9sg\",\"type\":\"function\",\"function\":{\"name\":\"json\",\"arguments\":\"{\\\"operations\\\":[{\\\"blocks\\\":[\\\"\\\\u003cp\\\\u003eYou look great today!\\\\u003c/p\\\\u003e\\\"],\\\"position\\\":\\\"before\\\",\\\"referenceId\\\":\\\"ref2$\\\",\\\"type\\\":\\\"add\\\"},{\\\"block\\\":\\\"\\\\u003cp\\\\u003eHallo\\\\u003c/p\\\\u003e\\\",\\\"id\\\":\\\"ref2$\\\",\\\"type\\\":\\\"update\\\"}]}\"}}]},\"logprobs\":null,\"finish_reason\":\"tool_calls\"}],\"usage\":{\"queue_time\":0.049045728,\"prompt_tokens\":773,\"prompt_time\":0.047097157,\"completion_tokens\":67,\"completion_time\":0.182757312,\"total_tokens\":840,\"total_time\":0.229854469},\"usage_breakdown\":null,\"system_fingerprint\":\"fp_c65b1b4a5f\",\"x_groq\":{\"id\":\"req_01jzshzcj8fp4raxta0mendv1h\"}}\n",
    "headers": []
  }
}