<figure data-url="exampleURL" data-caption="Caption" data-preview-width="256"><img src="exampleURL" alt="Caption" width="256"><figcaption>Caption</figcaption></figure><figure data-url="exampleURL" data-caption="Caption" data-preview-width="256"><img src="exampleURL" alt="Caption" width="256"><figcaption>Caption</figcaption></figure>