{
  "request": {
    "method": "POST",
    "url": "https://localhost:3000/ai/proxy?provider=openai&url=https%3A%2F%2Fapi.openai.com%2Fv1%2Fresponses",
    "body": "{\"model\":\"gpt-4o-2024-08-06\",\"input\":[{\"role\":\"system\",\"content\":\"You're manipulating a text document using HTML blocks. \\n        Make sure to follow the json schema provided. When referencing ids they MUST be EXACTLY the same (including the trailing $). \\n        List items are 1 block with 1 list item each, so block content `<ul><li>item1</li></ul>` is valid, but `<ul><li>item1</li><li>item2</li></ul>` is invalid. We'll merge them automatically.\\n        For code blocks, you can use the `data-language` attribute on a <code> block (wrapped with <pre>) to specify the language.\\n        This is the initial document as an array of html blocks (the cursor is BETWEEN two blocks as indicated by cursor: true):\"},{\"role\":\"system\",\"content\":\"[{\\\"id\\\":\\\"ref1$\\\",\\\"block\\\":\\\"<p>Hello, world!</p>\\\"},{\\\"cursor\\\":true},{\\\"id\\\":\\\"ref2$\\\",\\\"block\\\":\\\"<p>Hello, <span data-inline-content-type=\\\\\\\"mention\\\\\\\" data-user=\\\\\\\"John Doe\\\\\\\">@John Doe</span>! <strong>How are you doing?</strong> <span style=\\\\\\\"color: rgb(11, 110, 153);\\\\\\\" data-style-type=\\\\\\\"textColor\\\\\\\" data-value=\\\\\\\"blue\\\\\\\" data-editable=\\\\\\\"\\\\\\\">This text is blue!</span></p>\\\"},{\\\"id\\\":\\\"ref3$\\\",\\\"block\\\":\\\"<p>Hello, world! <strong>Bold text. </strong><a target=\\\\\\\"_blank\\\\\\\" rel=\\\\\\\"noopener noreferrer nofollow\\\\\\\" href=\\\\\\\"https://www.google.com\\\\\\\">Link.</a></p>\\\"}]\"},{\"role\":\"system\",\"content\":\"First, determine what part of the document the user is talking about. You SHOULD probably take cursor info into account if needed.\\n       EXAMPLE: if user says \\\"below\\\" (without pointing to a specific part of the document) he / she probably indicates the block(s) after the cursor. \\n       EXAMPLE: If you want to insert content AT the cursor position (UNLESS indicated otherwise by the user), \\n       then you need `referenceId` to point to the block before the cursor with position `after` (or block below and `before`).\\n      \\n      Prefer updating existing blocks over removing and adding (but this also depends on the user's question).\"},{\"role\":\"user\",\"content\":[{\"type\":\"input_text\",\"text\":\"change to say 'Hello! How are you doing? This text is blue!' (remove mention but keep bold text)\"}]}],\"text\":{\"format\":{\"type\":\"json_schema\",\"strict\":false,\"name\":\"response\",\"schema\":{\"type\":\"object\",\"properties\":{\"operations\":{\"type\":\"array\",\"items\":{\"anyOf\":[{\"type\":\"object\",\"description\":\"Update a block\",\"properties\":{\"type\":{\"type\":\"string\",\"enum\":[\"update\"]},\"id\":{\"type\":\"string\",\"description\":\"id of block to update\"},\"block\":{\"type\":\"string\",\"description\":\"html of block (MUST be a single HTML element)\"}},\"required\":[\"type\",\"id\",\"block\"],\"additionalProperties\":false},{\"type\":\"object\",\"description\":\"Insert new blocks\",\"properties\":{\"type\":{\"type\":\"string\",\"enum\":[\"add\"]},\"referenceId\":{\"type\":\"string\",\"description\":\"MUST be an id of a block in the document\"},\"position\":{\"type\":\"string\",\"enum\":[\"before\",\"after\"],\"description\":\"`after` to add blocks AFTER (below) the block with `referenceId`, `before` to add the block BEFORE (above)\"},\"blocks\":{\"items\":{\"type\":\"string\",\"description\":\"html of block (MUST be a single, VALID HTML element)\"},\"type\":\"array\"}},\"required\":[\"type\",\"referenceId\",\"position\",\"blocks\"],\"additionalProperties\":false},{\"type\":\"object\",\"description\":\"Delete a block\",\"properties\":{\"type\":{\"type\":\"string\",\"enum\":[\"delete\"]},\"id\":{\"type\":\"string\",\"description\":\"id of block to delete\"}},\"required\":[\"type\",\"id\"],\"additionalProperties\":false}]}}},\"additionalProperties\":false,\"required\":[\"operations\"]}}},\"stream\":true}",
    "headers": [],
    "cookies": []
  },
  "response": {
    "status": 200,
    "statusText": "",
    "body": "event: response.created\ndata: {\"type\":\"response.created\",\"sequence_number\":0,\"response\":{\"id\":\"resp_68cd28025d3081979f45e56a788f540608c2a9d82b319682\",\"object\":\"response\",\"created_at\":1758275586,\"status\":\"in_progress\",\"background\":false,\"error\":null,\"incomplete_details\":null,\"instructions\":null,\"max_output_tokens\":null,\"max_tool_calls\":null,\"model\":\"gpt-4o-2024-08-06\",\"output\":[],\"parallel_tool_calls\":true,\"previous_response_id\":null,\"prompt_cache_key\":null,\"reasoning\":{\"effort\":null,\"summary\":null},\"safety_identifier\":null,\"service_tier\":\"auto\",\"store\":true,\"temperature\":1.0,\"text\":{\"format\":{\"type\":\"json_schema\",\"description\":null,\"name\":\"response\",\"schema\":{\"type\":\"object\",\"properties\":{\"operations\":{\"type\":\"array\",\"items\":{\"anyOf\":[{\"type\":\"object\",\"description\":\"Update a block\",\"properties\":{\"type\":{\"type\":\"string\",\"enum\":[\"update\"]},\"id\":{\"type\":\"string\",\"description\":\"id of block to update\"},\"block\":{\"type\":\"string\",\"description\":\"html of block (MUST be a single HTML element)\"}},\"required\":[\"type\",\"id\",\"block\"],\"additionalProperties\":false},{\"type\":\"object\",\"description\":\"Insert new blocks\",\"properties\":{\"type\":{\"type\":\"string\",\"enum\":[\"add\"]},\"referenceId\":{\"type\":\"string\",\"description\":\"MUST be an id of a block in the document\"},\"position\":{\"type\":\"string\",\"enum\":[\"before\",\"after\"],\"description\":\"`after` to add blocks AFTER (below) the block with `referenceId`, `before` to add the block BEFORE (above)\"},\"blocks\":{\"items\":{\"type\":\"string\",\"description\":\"html of block (MUST be a single, VALID HTML element)\"},\"type\":\"array\"}},\"required\":[\"type\",\"referenceId\",\"position\",\"blocks\"],\"additionalProperties\":false},{\"type\":\"object\",\"description\":\"Delete a block\",\"properties\":{\"type\":{\"type\":\"string\",\"enum\":[\"delete\"]},\"id\":{\"type\":\"string\",\"description\":\"id of block to delete\"}},\"required\":[\"type\",\"id\"],\"additionalProperties\":false}]}}},\"additionalProperties\":false,\"required\":[\"operations\"]},\"strict\":false},\"verbosity\":\"medium\"},\"tool_choice\":\"auto\",\"tools\":[],\"top_logprobs\":0,\"top_p\":1.0,\"truncation\":\"disabled\",\"usage\":null,\"user\":null,\"metadata\":{}}}\n\nevent: response.in_progress\ndata: {\"type\":\"response.in_progress\",\"sequence_number\":1,\"response\":{\"id\":\"resp_68cd28025d3081979f45e56a788f540608c2a9d82b319682\",\"object\":\"response\",\"created_at\":1758275586,\"status\":\"in_progress\",\"background\":false,\"error\":null,\"incomplete_details\":null,\"instructions\":null,\"max_output_tokens\":null,\"max_tool_calls\":null,\"model\":\"gpt-4o-2024-08-06\",\"output\":[],\"parallel_tool_calls\":true,\"previous_response_id\":null,\"prompt_cache_key\":null,\"reasoning\":{\"effort\":null,\"summary\":null},\"safety_identifier\":null,\"service_tier\":\"auto\",\"store\":true,\"temperature\":1.0,\"text\":{\"format\":{\"type\":\"json_schema\",\"description\":null,\"name\":\"response\",\"schema\":{\"type\":\"object\",\"properties\":{\"operations\":{\"type\":\"array\",\"items\":{\"anyOf\":[{\"type\":\"object\",\"description\":\"Update a block\",\"properties\":{\"type\":{\"type\":\"string\",\"enum\":[\"update\"]},\"id\":{\"type\":\"string\",\"description\":\"id of block to update\"},\"block\":{\"type\":\"string\",\"description\":\"html of block (MUST be a single HTML element)\"}},\"required\":[\"type\",\"id\",\"block\"],\"additionalProperties\":false},{\"type\":\"object\",\"description\":\"Insert new blocks\",\"properties\":{\"type\":{\"type\":\"string\",\"enum\":[\"add\"]},\"referenceId\":{\"type\":\"string\",\"description\":\"MUST be an id of a block in the document\"},\"position\":{\"type\":\"string\",\"enum\":[\"before\",\"after\"],\"description\":\"`after` to add blocks AFTER (below) the block with `referenceId`, `before` to add the block BEFORE (above)\"},\"blocks\":{\"items\":{\"type\":\"string\",\"description\":\"html of block (MUST be a single, VALID HTML element)\"},\"type\":\"array\"}},\"required\":[\"type\",\"referenceId\",\"position\",\"blocks\"],\"additionalProperties\":false},{\"type\":\"object\",\"description\":\"Delete a block\",\"properties\":{\"type\":{\"type\":\"string\",\"enum\":[\"delete\"]},\"id\":{\"type\":\"string\",\"description\":\"id of block to delete\"}},\"required\":[\"type\",\"id\"],\"additionalProperties\":false}]}}},\"additionalProperties\":false,\"required\":[\"operations\"]},\"strict\":false},\"verbosity\":\"medium\"},\"tool_choice\":\"auto\",\"tools\":[],\"top_logprobs\":0,\"top_p\":1.0,\"truncation\":\"disabled\",\"usage\":null,\"user\":null,\"metadata\":{}}}\n\nevent: response.output_item.added\ndata: {\"type\":\"response.output_item.added\",\"sequence_number\":2,\"output_index\":0,\"item\":{\"id\":\"msg_68cd2802f9648197b65015101b8e298008c2a9d82b319682\",\"type\":\"message\",\"status\":\"in_progress\",\"content\":[],\"role\":\"assistant\"}}\n\nevent: response.content_part.added\ndata: {\"type\":\"response.content_part.added\",\"sequence_number\":3,\"item_id\":\"msg_68cd2802f9648197b65015101b8e298008c2a9d82b319682\",\"output_index\":0,\"content_index\":0,\"part\":{\"type\":\"output_text\",\"annotations\":[],\"logprobs\":[],\"text\":\"\"}}\n\nevent: response.output_text.delta\ndata: {\"type\":\"response.output_text.delta\",\"sequence_number\":4,\"item_id\":\"msg_68cd2802f9648197b65015101b8e298008c2a9d82b319682\",\"output_index\":0,\"content_index\":0,\"delta\":\"{\\\"\",\"logprobs\":[],\"obfuscation\":\"z0h3rlTX7pwE5a\"}\n\nevent: response.output_text.delta\ndata: {\"type\":\"response.output_text.delta\",\"sequence_number\":5,\"item_id\":\"msg_68cd2802f9648197b65015101b8e298008c2a9d82b319682\",\"output_index\":0,\"content_index\":0,\"delta\":\"operations\",\"logprobs\":[],\"obfuscation\":\"kvdQrt\"}\n\nevent: response.output_text.delta\ndata: {\"type\":\"response.output_text.delta\",\"sequence_number\":6,\"item_id\":\"msg_68cd2802f9648197b65015101b8e298008c2a9d82b319682\",\"output_index\":0,\"content_index\":0,\"delta\":\"\\\":[\",\"logprobs\":[],\"obfuscation\":\"T5hWThivI5Z8U\"}\n\nevent: response.output_text.delta\ndata: {\"type\":\"response.output_text.delta\",\"sequence_number\":7,\"item_id\":\"msg_68cd2802f9648197b65015101b8e298008c2a9d82b319682\",\"output_index\":0,\"content_index\":0,\"delta\":\"{\\\"\",\"logprobs\":[],\"obfuscation\":\"QiFHdaEF0WEOvV\"}\n\nevent: response.output_text.delta\ndata: {\"type\":\"response.output_text.delta\",\"sequence_number\":8,\"item_id\":\"msg_68cd2802f9648197b65015101b8e298008c2a9d82b319682\",\"output_index\":0,\"content_index\":0,\"delta\":\"type\",\"logprobs\":[],\"obfuscation\":\"O3pobqWurxbp\"}\n\nevent: response.output_text.delta\ndata: {\"type\":\"response.output_text.delta\",\"sequence_number\":9,\"item_id\":\"msg_68cd2802f9648197b65015101b8e298008c2a9d82b319682\",\"output_index\":0,\"content_index\":0,\"delta\":\"\\\":\\\"\",\"logprobs\":[],\"obfuscation\":\"ktHvD88Idkc0L\"}\n\nevent: response.output_text.delta\ndata: {\"type\":\"response.output_text.delta\",\"sequence_number\":10,\"item_id\":\"msg_68cd2802f9648197b65015101b8e298008c2a9d82b319682\",\"output_index\":0,\"content_index\":0,\"delta\":\"update\",\"logprobs\":[],\"obfuscation\":\"Q4Wz0oqdP0\"}\n\nevent: response.output_text.delta\ndata: {\"type\":\"response.output_text.delta\",\"sequence_number\":11,\"item_id\":\"msg_68cd2802f9648197b65015101b8e298008c2a9d82b319682\",\"output_index\":0,\"content_index\":0,\"delta\":\"\\\",\\\"\",\"logprobs\":[],\"obfuscation\":\"7Ri1rJrfaj5t5\"}\n\nevent: response.output_text.delta\ndata: {\"type\":\"response.output_text.delta\",\"sequence_number\":12,\"item_id\":\"msg_68cd2802f9648197b65015101b8e298008c2a9d82b319682\",\"output_index\":0,\"content_index\":0,\"delta\":\"id\",\"logprobs\":[],\"obfuscation\":\"XE8OMZZFtnV2no\"}\n\nevent: response.output_text.delta\ndata: {\"type\":\"response.output_text.delta\",\"sequence_number\":13,\"item_id\":\"msg_68cd2802f9648197b65015101b8e298008c2a9d82b319682\",\"output_index\":0,\"content_index\":0,\"delta\":\"\\\":\\\"\",\"logprobs\":[],\"obfuscation\":\"mKXOTWkT36l4H\"}\n\nevent: response.output_text.delta\ndata: {\"type\":\"response.output_text.delta\",\"sequence_number\":14,\"item_id\":\"msg_68cd2802f9648197b65015101b8e298008c2a9d82b319682\",\"output_index\":0,\"content_index\":0,\"delta\":\"ref\",\"logprobs\":[],\"obfuscation\":\"bOshPjIMrN0ri\"}\n\nevent: response.output_text.delta\ndata: {\"type\":\"response.output_text.delta\",\"sequence_number\":15,\"item_id\":\"msg_68cd2802f9648197b65015101b8e298008c2a9d82b319682\",\"output_index\":0,\"content_index\":0,\"delta\":\"2\",\"logprobs\":[],\"obfuscation\":\"B9PCr5gYOZQK6yb\"}\n\nevent: response.output_text.delta\ndata: {\"type\":\"response.output_text.delta\",\"sequence_number\":16,\"item_id\":\"msg_68cd2802f9648197b65015101b8e298008c2a9d82b319682\",\"output_index\":0,\"content_index\":0,\"delta\":\"$\",\"logprobs\":[],\"obfuscation\":\"em28q6CW5qh6I83\"}\n\nevent: response.output_text.delta\ndata: {\"type\":\"response.output_text.delta\",\"sequence_number\":17,\"item_id\":\"msg_68cd2802f9648197b65015101b8e298008c2a9d82b319682\",\"output_index\":0,\"content_index\":0,\"delta\":\"\\\",\\\"\",\"logprobs\":[],\"obfuscation\":\"jGjLqFnXnRiP7\"}\n\nevent: response.output_text.delta\ndata: {\"type\":\"response.output_text.delta\",\"sequence_number\":18,\"item_id\":\"msg_68cd2802f9648197b65015101b8e298008c2a9d82b319682\",\"output_index\":0,\"content_index\":0,\"delta\":\"block\",\"logprobs\":[],\"obfuscation\":\"a9Gzt49Ceq3\"}\n\nevent: response.output_text.delta\ndata: {\"type\":\"response.output_text.delta\",\"sequence_number\":19,\"item_id\":\"msg_68cd2802f9648197b65015101b8e298008c2a9d82b319682\",\"output_index\":0,\"content_index\":0,\"delta\":\"\\\":\\\"\",\"logprobs\":[],\"obfuscation\":\"3RGrNU2ZstnxL\"}\n\nevent: response.output_text.delta\ndata: {\"type\":\"response.output_text.delta\",\"sequence_number\":20,\"item_id\":\"msg_68cd2802f9648197b65015101b8e298008c2a9d82b319682\",\"output_index\":0,\"content_index\":0,\"delta\":\"<\",\"logprobs\":[],\"obfuscation\":\"yPJZb5f063QH2Ra\"}\n\nevent: response.output_text.delta\ndata: {\"type\":\"response.output_text.delta\",\"sequence_number\":21,\"item_id\":\"msg_68cd2802f9648197b65015101b8e298008c2a9d82b319682\",\"output_index\":0,\"content_index\":0,\"delta\":\"p\",\"logprobs\":[],\"obfuscation\":\"rRWo45eqDZ1ukBd\"}\n\nevent: response.output_text.delta\ndata: {\"type\":\"response.output_text.delta\",\"sequence_number\":22,\"item_id\":\"msg_68cd2802f9648197b65015101b8e298008c2a9d82b319682\",\"output_index\":0,\"content_index\":0,\"delta\":\">Hello\",\"logprobs\":[],\"obfuscation\":\"GYpQC28idE\"}\n\nevent: response.output_text.delta\ndata: {\"type\":\"response.output_text.delta\",\"sequence_number\":23,\"item_id\":\"msg_68cd2802f9648197b65015101b8e298008c2a9d82b319682\",\"output_index\":0,\"content_index\":0,\"delta\":\"!\",\"logprobs\":[],\"obfuscation\":\"0jh4irtd2dRznCE\"}\n\nevent: response.output_text.delta\ndata: {\"type\":\"response.output_text.delta\",\"sequence_number\":24,\"item_id\":\"msg_68cd2802f9648197b65015101b8e298008c2a9d82b319682\",\"output_index\":0,\"content_index\":0,\"delta\":\" <\",\"logprobs\":[],\"obfuscation\":\"tDtT0TWTThCYyL\"}\n\nevent: response.output_text.delta\ndata: {\"type\":\"response.output_text.delta\",\"sequence_number\":25,\"item_id\":\"msg_68cd2802f9648197b65015101b8e298008c2a9d82b319682\",\"output_index\":0,\"content_index\":0,\"delta\":\"strong\",\"logprobs\":[],\"obfuscation\":\"EniAOKAXTa\"}\n\nevent: response.output_text.delta\ndata: {\"type\":\"response.output_text.delta\",\"sequence_number\":26,\"item_id\":\"msg_68cd2802f9648197b65015101b8e298008c2a9d82b319682\",\"output_index\":0,\"content_index\":0,\"delta\":\">\",\"logprobs\":[],\"obfuscation\":\"eQ0FdJy728VJjNp\"}\n\nevent: response.output_text.delta\ndata: {\"type\":\"response.output_text.delta\",\"sequence_number\":27,\"item_id\":\"msg_68cd2802f9648197b65015101b8e298008c2a9d82b319682\",\"output_index\":0,\"content_index\":0,\"delta\":\"How\",\"logprobs\":[],\"obfuscation\":\"fxlBAA1zeYCRl\"}\n\nevent: response.output_text.delta\ndata: {\"type\":\"response.output_text.delta\",\"sequence_number\":28,\"item_id\":\"msg_68cd2802f9648197b65015101b8e298008c2a9d82b319682\",\"output_index\":0,\"content_index\":0,\"delta\":\" are\",\"logprobs\":[],\"obfuscation\":\"fzMwov7AOvdX\"}\n\nevent: response.output_text.delta\ndata: {\"type\":\"response.output_text.delta\",\"sequence_number\":29,\"item_id\":\"msg_68cd2802f9648197b65015101b8e298008c2a9d82b319682\",\"output_index\":0,\"content_index\":0,\"delta\":\" you\",\"logprobs\":[],\"obfuscation\":\"AZHSv7UpSE6w\"}\n\nevent: response.output_text.delta\ndata: {\"type\":\"response.output_text.delta\",\"sequence_number\":30,\"item_id\":\"msg_68cd2802f9648197b65015101b8e298008c2a9d82b319682\",\"output_index\":0,\"content_index\":0,\"delta\":\" doing\",\"logprobs\":[],\"obfuscation\":\"db8twOkxiE\"}\n\nevent: response.output_text.delta\ndata: {\"type\":\"response.output_text.delta\",\"sequence_number\":31,\"item_id\":\"msg_68cd2802f9648197b65015101b8e298008c2a9d82b319682\",\"output_index\":0,\"content_index\":0,\"delta\":\"?</\",\"logprobs\":[],\"obfuscation\":\"SnHFNJlncCjpg\"}\n\nevent: response.output_text.delta\ndata: {\"type\":\"response.output_text.delta\",\"sequence_number\":32,\"item_id\":\"msg_68cd2802f9648197b65015101b8e298008c2a9d82b319682\",\"output_index\":0,\"content_index\":0,\"delta\":\"strong\",\"logprobs\":[],\"obfuscation\":\"IhcDyQQIgS\"}\n\nevent: response.output_text.delta\ndata: {\"type\":\"response.output_text.delta\",\"sequence_number\":33,\"item_id\":\"msg_68cd2802f9648197b65015101b8e298008c2a9d82b319682\",\"output_index\":0,\"content_index\":0,\"delta\":\">\",\"logprobs\":[],\"obfuscation\":\"8oSykUPpP2DZ65v\"}\n\nevent: response.output_text.delta\ndata: {\"type\":\"response.output_text.delta\",\"sequence_number\":34,\"item_id\":\"msg_68cd2802f9648197b65015101b8e298008c2a9d82b319682\",\"output_index\":0,\"content_index\":0,\"delta\":\" <\",\"logprobs\":[],\"obfuscation\":\"MvudE5T6NuYuOc\"}\n\nevent: response.output_text.delta\ndata: {\"type\":\"response.output_text.delta\",\"sequence_number\":35,\"item_id\":\"msg_68cd2802f9648197b65015101b8e298008c2a9d82b319682\",\"output_index\":0,\"content_index\":0,\"delta\":\"span\",\"logprobs\":[],\"obfuscation\":\"VFrh0pXmdnmy\"}\n\nevent: response.output_text.delta\ndata: {\"type\":\"response.output_text.delta\",\"sequence_number\":36,\"item_id\":\"msg_68cd2802f9648197b65015101b8e298008c2a9d82b319682\",\"output_index\":0,\"content_index\":0,\"delta\":\" style\",\"logprobs\":[],\"obfuscation\":\"O8gpWEsEkg\"}\n\nevent: response.output_text.delta\ndata: {\"type\":\"response.output_text.delta\",\"sequence_number\":37,\"item_id\":\"msg_68cd2802f9648197b65015101b8e298008c2a9d82b319682\",\"output_index\":0,\"content_index\":0,\"delta\":\"=\\\\\\\"\",\"logprobs\":[],\"obfuscation\":\"gSNVyhGPNQXt6\"}\n\nevent: response.output_text.delta\ndata: {\"type\":\"response.output_text.delta\",\"sequence_number\":38,\"item_id\":\"msg_68cd2802f9648197b65015101b8e298008c2a9d82b319682\",\"output_index\":0,\"content_index\":0,\"delta\":\"color\",\"logprobs\":[],\"obfuscation\":\"WkAhPKXmHsX\"}\n\nevent: response.output_text.delta\ndata: {\"type\":\"response.output_text.delta\",\"sequence_number\":39,\"item_id\":\"msg_68cd2802f9648197b65015101b8e298008c2a9d82b319682\",\"output_index\":0,\"content_index\":0,\"delta\":\":\",\"logprobs\":[],\"obfuscation\":\"Y5KhSGGEdXJ5Lbi\"}\n\nevent: response.output_text.delta\ndata: {\"type\":\"response.output_text.delta\",\"sequence_number\":40,\"item_id\":\"msg_68cd2802f9648197b65015101b8e298008c2a9d82b319682\",\"output_index\":0,\"content_index\":0,\"delta\":\" rgb\",\"logprobs\":[],\"obfuscation\":\"uO0h5fNhdp09\"}\n\nevent: response.output_text.delta\ndata: {\"type\":\"response.output_text.delta\",\"sequence_number\":41,\"item_id\":\"msg_68cd2802f9648197b65015101b8e298008c2a9d82b319682\",\"output_index\":0,\"content_index\":0,\"delta\":\"(\",\"logprobs\":[],\"obfuscation\":\"QUAvVf6cCRdCRof\"}\n\nevent: response.output_text.delta\ndata: {\"type\":\"response.output_text.delta\",\"sequence_number\":42,\"item_id\":\"msg_68cd2802f9648197b65015101b8e298008c2a9d82b319682\",\"output_index\":0,\"content_index\":0,\"delta\":\"11\",\"logprobs\":[],\"obfuscation\":\"9LV9IOa8XB55iR\"}\n\nevent: response.output_text.delta\ndata: {\"type\":\"response.output_text.delta\",\"sequence_number\":43,\"item_id\":\"msg_68cd2802f9648197b65015101b8e298008c2a9d82b319682\",\"output_index\":0,\"content_index\":0,\"delta\":\",\",\"logprobs\":[],\"obfuscation\":\"X6QCJw2jjXKxPmK\"}\n\nevent: response.output_text.delta\ndata: {\"type\":\"response.output_text.delta\",\"sequence_number\":44,\"item_id\":\"msg_68cd2802f9648197b65015101b8e298008c2a9d82b319682\",\"output_index\":0,\"content_index\":0,\"delta\":\" \",\"logprobs\":[],\"obfuscation\":\"wX9HY9i2KA2jM6i\"}\n\nevent: response.output_text.delta\ndata: {\"type\":\"response.output_text.delta\",\"sequence_number\":45,\"item_id\":\"msg_68cd2802f9648197b65015101b8e298008c2a9d82b319682\",\"output_index\":0,\"content_index\":0,\"delta\":\"110\",\"logprobs\":[],\"obfuscation\":\"b1T4CPDeyZnKY\"}\n\nevent: response.output_text.delta\ndata: {\"type\":\"response.output_text.delta\",\"sequence_number\":46,\"item_id\":\"msg_68cd2802f9648197b65015101b8e298008c2a9d82b319682\",\"output_index\":0,\"content_index\":0,\"delta\":\",\",\"logprobs\":[],\"obfuscation\":\"8A1MpO4UnA2Av8f\"}\n\nevent: response.output_text.delta\ndata: {\"type\":\"response.output_text.delta\",\"sequence_number\":47,\"item_id\":\"msg_68cd2802f9648197b65015101b8e298008c2a9d82b319682\",\"output_index\":0,\"content_index\":0,\"delta\":\" \",\"logprobs\":[],\"obfuscation\":\"BUrVp8Za42RGGJk\"}\n\nevent: response.output_text.delta\ndata: {\"type\":\"response.output_text.delta\",\"sequence_number\":48,\"item_id\":\"msg_68cd2802f9648197b65015101b8e298008c2a9d82b319682\",\"output_index\":0,\"content_index\":0,\"delta\":\"153\",\"logprobs\":[],\"obfuscation\":\"IPONqPu3Wybzo\"}\n\nevent: response.output_text.delta\ndata: {\"type\":\"response.output_text.delta\",\"sequence_number\":49,\"item_id\":\"msg_68cd2802f9648197b65015101b8e298008c2a9d82b319682\",\"output_index\":0,\"content_index\":0,\"delta\":\");\",\"logprobs\":[],\"obfuscation\":\"WVAPUGcpo85Geg\"}\n\nevent: response.output_text.delta\ndata: {\"type\":\"response.output_text.delta\",\"sequence_number\":50,\"item_id\":\"msg_68cd2802f9648197b65015101b8e298008c2a9d82b319682\",\"output_index\":0,\"content_index\":0,\"delta\":\"\\\\\\\"\",\"logprobs\":[],\"obfuscation\":\"o6Nr7OpGDX4g7b\"}\n\nevent: response.output_text.delta\ndata: {\"type\":\"response.output_text.delta\",\"sequence_number\":51,\"item_id\":\"msg_68cd2802f9648197b65015101b8e298008c2a9d82b319682\",\"output_index\":0,\"content_index\":0,\"delta\":\" data\",\"logprobs\":[],\"obfuscation\":\"rKnXvahITVJ\"}\n\nevent: response.output_text.delta\ndata: {\"type\":\"response.output_text.delta\",\"sequence_number\":52,\"item_id\":\"msg_68cd2802f9648197b65015101b8e298008c2a9d82b319682\",\"output_index\":0,\"content_index\":0,\"delta\":\"-style\",\"logprobs\":[],\"obfuscation\":\"F8wSB3x0Li\"}\n\nevent: response.output_text.delta\ndata: {\"type\":\"response.output_text.delta\",\"sequence_number\":53,\"item_id\":\"msg_68cd2802f9648197b65015101b8e298008c2a9d82b319682\",\"output_index\":0,\"content_index\":0,\"delta\":\"-type\",\"logprobs\":[],\"obfuscation\":\"XJqjuXNrKuz\"}\n\nevent: response.output_text.delta\ndata: {\"type\":\"response.output_text.delta\",\"sequence_number\":54,\"item_id\":\"msg_68cd2802f9648197b65015101b8e298008c2a9d82b319682\",\"output_index\":0,\"content_index\":0,\"delta\":\"=\\\\\\\"\",\"logprobs\":[],\"obfuscation\":\"xas5z10coavDL\"}\n\nevent: response.output_text.delta\ndata: {\"type\":\"response.output_text.delta\",\"sequence_number\":55,\"item_id\":\"msg_68cd2802f9648197b65015101b8e298008c2a9d82b319682\",\"output_index\":0,\"content_index\":0,\"delta\":\"text\",\"logprobs\":[],\"obfuscation\":\"CL7XZLfBPBg2\"}\n\nevent: response.output_text.delta\ndata: {\"type\":\"response.output_text.delta\",\"sequence_number\":56,\"item_id\":\"msg_68cd2802f9648197b65015101b8e298008c2a9d82b319682\",\"output_index\":0,\"content_index\":0,\"delta\":\"Color\",\"logprobs\":[],\"obfuscation\":\"ckwWVYi6FGE\"}\n\nevent: response.output_text.delta\ndata: {\"type\":\"response.output_text.delta\",\"sequence_number\":57,\"item_id\":\"msg_68cd2802f9648197b65015101b8e298008c2a9d82b319682\",\"output_index\":0,\"content_index\":0,\"delta\":\"\\\\\\\"\",\"logprobs\":[],\"obfuscation\":\"BeOsFytZ3vTejV\"}\n\nevent: response.output_text.delta\ndata: {\"type\":\"response.output_text.delta\",\"sequence_number\":58,\"item_id\":\"msg_68cd2802f9648197b65015101b8e298008c2a9d82b319682\",\"output_index\":0,\"content_index\":0,\"delta\":\" data\",\"logprobs\":[],\"obfuscation\":\"NHxZCctld40\"}\n\nevent: response.output_text.delta\ndata: {\"type\":\"response.output_text.delta\",\"sequence_number\":59,\"item_id\":\"msg_68cd2802f9648197b65015101b8e298008c2a9d82b319682\",\"output_index\":0,\"content_index\":0,\"delta\":\"-value\",\"logprobs\":[],\"obfuscation\":\"Px4CPSMdsQ\"}\n\nevent: response.output_text.delta\ndata: {\"type\":\"response.output_text.delta\",\"sequence_number\":60,\"item_id\":\"msg_68cd2802f9648197b65015101b8e298008c2a9d82b319682\",\"output_index\":0,\"content_index\":0,\"delta\":\"=\\\\\\\"\",\"logprobs\":[],\"obfuscation\":\"2lZBkNjGvRZG9\"}\n\nevent: response.output_text.delta\ndata: {\"type\":\"response.output_text.delta\",\"sequence_number\":61,\"item_id\":\"msg_68cd2802f9648197b65015101b8e298008c2a9d82b319682\",\"output_index\":0,\"content_index\":0,\"delta\":\"blue\",\"logprobs\":[],\"obfuscation\":\"94yKcru27tKy\"}\n\nevent: response.output_text.delta\ndata: {\"type\":\"response.output_text.delta\",\"sequence_number\":62,\"item_id\":\"msg_68cd2802f9648197b65015101b8e298008c2a9d82b319682\",\"output_index\":0,\"content_index\":0,\"delta\":\"\\\\\\\"\",\"logprobs\":[],\"obfuscation\":\"TzhUq7Lmbr6SGK\"}\n\nevent: response.output_text.delta\ndata: {\"type\":\"response.output_text.delta\",\"sequence_number\":63,\"item_id\":\"msg_68cd2802f9648197b65015101b8e298008c2a9d82b319682\",\"output_index\":0,\"content_index\":0,\"delta\":\" data\",\"logprobs\":[],\"obfuscation\":\"Ip6pmK3iMnX\"}\n\nevent: response.output_text.delta\ndata: {\"type\":\"response.output_text.delta\",\"sequence_number\":64,\"item_id\":\"msg_68cd2802f9648197b65015101b8e298008c2a9d82b319682\",\"output_index\":0,\"content_index\":0,\"delta\":\"-edit\",\"logprobs\":[],\"obfuscation\":\"5B09OHAvzc7\"}\n\nevent: response.output_text.delta\ndata: {\"type\":\"response.output_text.delta\",\"sequence_number\":65,\"item_id\":\"msg_68cd2802f9648197b65015101b8e298008c2a9d82b319682\",\"output_index\":0,\"content_index\":0,\"delta\":\"able\",\"logprobs\":[],\"obfuscation\":\"LQzsUbMUVpKd\"}\n\nevent: response.output_text.delta\ndata: {\"type\":\"response.output_text.delta\",\"sequence_number\":66,\"item_id\":\"msg_68cd2802f9648197b65015101b8e298008c2a9d82b319682\",\"output_index\":0,\"content_index\":0,\"delta\":\"=\\\\\\\"\",\"logprobs\":[],\"obfuscation\":\"chkFUSyrI13LK\"}\n\nevent: response.output_text.delta\ndata: {\"type\":\"response.output_text.delta\",\"sequence_number\":67,\"item_id\":\"msg_68cd2802f9648197b65015101b8e298008c2a9d82b319682\",\"output_index\":0,\"content_index\":0,\"delta\":\"\\\\\\\">\",\"logprobs\":[],\"obfuscation\":\"u6X2jCIKGp9FD\"}\n\nevent: response.output_text.delta\ndata: {\"type\":\"response.output_text.delta\",\"sequence_number\":68,\"item_id\":\"msg_68cd2802f9648197b65015101b8e298008c2a9d82b319682\",\"output_index\":0,\"content_index\":0,\"delta\":\"This\",\"logprobs\":[],\"obfuscation\":\"lBKUEUZRIzQ3\"}\n\nevent: response.output_text.delta\ndata: {\"type\":\"response.output_text.delta\",\"sequence_number\":69,\"item_id\":\"msg_68cd2802f9648197b65015101b8e298008c2a9d82b319682\",\"output_index\":0,\"content_index\":0,\"delta\":\" text\",\"logprobs\":[],\"obfuscation\":\"EOrRI6N43bM\"}\n\nevent: response.output_text.delta\ndata: {\"type\":\"response.output_text.delta\",\"sequence_number\":70,\"item_id\":\"msg_68cd2802f9648197b65015101b8e298008c2a9d82b319682\",\"output_index\":0,\"content_index\":0,\"delta\":\" is\",\"logprobs\":[],\"obfuscation\":\"9W3GFAFuw1LbT\"}\n\nevent: response.output_text.delta\ndata: {\"type\":\"response.output_text.delta\",\"sequence_number\":71,\"item_id\":\"msg_68cd2802f9648197b65015101b8e298008c2a9d82b319682\",\"output_index\":0,\"content_index\":0,\"delta\":\" blue\",\"logprobs\":[],\"obfuscation\":\"MXMBorgLde5\"}\n\nevent: response.output_text.delta\ndata: {\"type\":\"response.output_text.delta\",\"sequence_number\":72,\"item_id\":\"msg_68cd2802f9648197b65015101b8e298008c2a9d82b319682\",\"output_index\":0,\"content_index\":0,\"delta\":\"!</\",\"logprobs\":[],\"obfuscation\":\"ADypzQVtxgQnR\"}\n\nevent: response.output_text.delta\ndata: {\"type\":\"response.output_text.delta\",\"sequence_number\":73,\"item_id\":\"msg_68cd2802f9648197b65015101b8e298008c2a9d82b319682\",\"output_index\":0,\"content_index\":0,\"delta\":\"span\",\"logprobs\":[],\"obfuscation\":\"eWJ5SsH7WYN6\"}\n\nevent: response.output_text.delta\ndata: {\"type\":\"response.output_text.delta\",\"sequence_number\":74,\"item_id\":\"msg_68cd2802f9648197b65015101b8e298008c2a9d82b319682\",\"output_index\":0,\"content_index\":0,\"delta\":\"></\",\"logprobs\":[],\"obfuscation\":\"3xVZEHleOVnLB\"}\n\nevent: response.output_text.delta\ndata: {\"type\":\"response.output_text.delta\",\"sequence_number\":75,\"item_id\":\"msg_68cd2802f9648197b65015101b8e298008c2a9d82b319682\",\"output_index\":0,\"content_index\":0,\"delta\":\"p\",\"logprobs\":[],\"obfuscation\":\"pzGYNhoYakv1brN\"}\n\nevent: response.output_text.delta\ndata: {\"type\":\"response.output_text.delta\",\"sequence_number\":76,\"item_id\":\"msg_68cd2802f9648197b65015101b8e298008c2a9d82b319682\",\"output_index\":0,\"content_index\":0,\"delta\":\">\",\"logprobs\":[],\"obfuscation\":\"7lkRv4eE43KeyeM\"}\n\nevent: response.output_text.delta\ndata: {\"type\":\"response.output_text.delta\",\"sequence_number\":77,\"item_id\":\"msg_68cd2802f9648197b65015101b8e298008c2a9d82b319682\",\"output_index\":0,\"content_index\":0,\"delta\":\"\\\"}\",\"logprobs\":[],\"obfuscation\":\"WYHG85KrKnVzwp\"}\n\nevent: response.output_text.delta\ndata: {\"type\":\"response.output_text.delta\",\"sequence_number\":78,\"item_id\":\"msg_68cd2802f9648197b65015101b8e298008c2a9d82b319682\",\"output_index\":0,\"content_index\":0,\"delta\":\"]}\",\"logprobs\":[],\"obfuscation\":\"3d5tLRl1d3K51T\"}\n\nevent: response.output_text.done\ndata: {\"type\":\"response.output_text.done\",\"sequence_number\":79,\"item_id\":\"msg_68cd2802f9648197b65015101b8e298008c2a9d82b319682\",\"output_index\":0,\"content_index\":0,\"text\":\"{\\\"operations\\\":[{\\\"type\\\":\\\"update\\\",\\\"id\\\":\\\"ref2$\\\",\\\"block\\\":\\\"<p>Hello! <strong>How are you doing?</strong> <span style=\\\\\\\"color: rgb(11, 110, 153);\\\\\\\" data-style-type=\\\\\\\"textColor\\\\\\\" data-value=\\\\\\\"blue\\\\\\\" data-editable=\\\\\\\"\\\\\\\">This text is blue!</span></p>\\\"}]}\",\"logprobs\":[]}\n\nevent: response.content_part.done\ndata: {\"type\":\"response.content_part.done\",\"sequence_number\":80,\"item_id\":\"msg_68cd2802f9648197b65015101b8e298008c2a9d82b319682\",\"output_index\":0,\"content_index\":0,\"part\":{\"type\":\"output_text\",\"annotations\":[],\"logprobs\":[],\"text\":\"{\\\"operations\\\":[{\\\"type\\\":\\\"update\\\",\\\"id\\\":\\\"ref2$\\\",\\\"block\\\":\\\"<p>Hello! <strong>How are you doing?</strong> <span style=\\\\\\\"color: rgb(11, 110, 153);\\\\\\\" data-style-type=\\\\\\\"textColor\\\\\\\" data-value=\\\\\\\"blue\\\\\\\" data-editable=\\\\\\\"\\\\\\\">This text is blue!</span></p>\\\"}]}\"}}\n\nevent: response.output_item.done\ndata: {\"type\":\"response.output_item.done\",\"sequence_number\":81,\"output_index\":0,\"item\":{\"id\":\"msg_68cd2802f9648197b65015101b8e298008c2a9d82b319682\",\"type\":\"message\",\"status\":\"completed\",\"content\":[{\"type\":\"output_text\",\"annotations\":[],\"logprobs\":[],\"text\":\"{\\\"operations\\\":[{\\\"type\\\":\\\"update\\\",\\\"id\\\":\\\"ref2$\\\",\\\"block\\\":\\\"<p>Hello! <strong>How are you doing?</strong> <span style=\\\\\\\"color: rgb(11, 110, 153);\\\\\\\" data-style-type=\\\\\\\"textColor\\\\\\\" data-value=\\\\\\\"blue\\\\\\\" data-editable=\\\\\\\"\\\\\\\">This text is blue!</span></p>\\\"}]}\"}],\"role\":\"assistant\"}}\n\nevent: response.completed\ndata: {\"type\":\"response.completed\",\"sequence_number\":82,\"response\":{\"id\":\"resp_68cd28025d3081979f45e56a788f540608c2a9d82b319682\",\"object\":\"response\",\"created_at\":1758275586,\"status\":\"completed\",\"background\":false,\"error\":null,\"incomplete_details\":null,\"instructions\":null,\"max_output_tokens\":null,\"max_tool_calls\":null,\"model\":\"gpt-4o-2024-08-06\",\"output\":[{\"id\":\"msg_68cd2802f9648197b65015101b8e298008c2a9d82b319682\",\"type\":\"message\",\"status\":\"completed\",\"content\":[{\"type\":\"output_text\",\"annotations\":[],\"logprobs\":[],\"text\":\"{\\\"operations\\\":[{\\\"type\\\":\\\"update\\\",\\\"id\\\":\\\"ref2$\\\",\\\"block\\\":\\\"<p>Hello! <strong>How are you doing?</strong> <span style=\\\\\\\"color: rgb(11, 110, 153);\\\\\\\" data-style-type=\\\\\\\"textColor\\\\\\\" data-value=\\\\\\\"blue\\\\\\\" data-editable=\\\\\\\"\\\\\\\">This text is blue!</span></p>\\\"}]}\"}],\"role\":\"assistant\"}],\"parallel_tool_calls\":true,\"previous_response_id\":null,\"prompt_cache_key\":null,\"reasoning\":{\"effort\":null,\"summary\":null},\"safety_identifier\":null,\"service_tier\":\"default\",\"store\":true,\"temperature\":1.0,\"text\":{\"format\":{\"type\":\"json_schema\",\"description\":null,\"name\":\"response\",\"schema\":{\"type\":\"object\",\"properties\":{\"operations\":{\"type\":\"array\",\"items\":{\"anyOf\":[{\"type\":\"object\",\"description\":\"Update a block\",\"properties\":{\"type\":{\"type\":\"string\",\"enum\":[\"update\"]},\"id\":{\"type\":\"string\",\"description\":\"id of block to update\"},\"block\":{\"type\":\"string\",\"description\":\"html of block (MUST be a single HTML element)\"}},\"required\":[\"type\",\"id\",\"block\"],\"additionalProperties\":false},{\"type\":\"object\",\"description\":\"Insert new blocks\",\"properties\":{\"type\":{\"type\":\"string\",\"enum\":[\"add\"]},\"referenceId\":{\"type\":\"string\",\"description\":\"MUST be an id of a block in the document\"},\"position\":{\"type\":\"string\",\"enum\":[\"before\",\"after\"],\"description\":\"`after` to add blocks AFTER (below) the block with `referenceId`, `before` to add the block BEFORE (above)\"},\"blocks\":{\"items\":{\"type\":\"string\",\"description\":\"html of block (MUST be a single, VALID HTML element)\"},\"type\":\"array\"}},\"required\":[\"type\",\"referenceId\",\"position\",\"blocks\"],\"additionalProperties\":false},{\"type\":\"object\",\"description\":\"Delete a block\",\"properties\":{\"type\":{\"type\":\"string\",\"enum\":[\"delete\"]},\"id\":{\"type\":\"string\",\"description\":\"id of block to delete\"}},\"required\":[\"type\",\"id\"],\"additionalProperties\":false}]}}},\"additionalProperties\":false,\"required\":[\"operations\"]},\"strict\":false},\"verbosity\":\"medium\"},\"tool_choice\":\"auto\",\"tools\":[],\"top_logprobs\":0,\"top_p\":1.0,\"truncation\":\"disabled\",\"usage\":{\"input_tokens\":742,\"input_tokens_details\":{\"cached_tokens\":0},\"output_tokens\":76,\"output_tokens_details\":{\"reasoning_tokens\":0},\"total_tokens\":818},\"user\":null,\"metadata\":{}}}\n\n",
    "headers": []
  }
}