{
  "request": {
    "method": "POST",
    "url": "https://localhost:3000/ai/proxy?provider=openai&url=https%3A%2F%2Fapi.openai.com%2Fv1%2Fresponses",
    "body": "{\"model\":\"gpt-4o-2024-08-06\",\"input\":[{\"role\":\"system\",\"content\":\"You're manipulating a selected part of a text document using HTML blocks. \\n      Make sure to follow the json schema provided and always include the trailing $ in ids.\\n      List items are 1 block with 1 list item each, so block content `<ul><li>item1</li></ul>` is valid, but `<ul><li>item1</li><li>item2</li></ul>` is invalid. We'll merge them automatically.\\n      This is the selection as an array of html blocks:\"},{\"role\":\"system\",\"content\":\"[{\\\"id\\\":\\\"ref2$\\\",\\\"block\\\":\\\"<p>Apples</p>\\\"},{\\\"id\\\":\\\"ref3$\\\",\\\"block\\\":\\\"<p>Bananas</p>\\\"}]\"},{\"role\":\"system\",\"content\":\"This is the entire document (INCLUDING the selected text), find the selected text in there to understand the context:[{\\\"block\\\":\\\"<p>I need to buy:</p>\\\"},{\\\"block\\\":\\\"<p>Apples</p>\\\"},{\\\"block\\\":\\\"<p>Bananas</p>\\\"}]\"},{\"role\":\"user\",\"content\":[{\"type\":\"input_text\",\"text\":\"turn into list (update existing blocks)\"}]}],\"text\":{\"format\":{\"type\":\"json_schema\",\"strict\":false,\"name\":\"response\",\"schema\":{\"type\":\"object\",\"properties\":{\"operations\":{\"type\":\"array\",\"items\":{\"anyOf\":[{\"type\":\"object\",\"description\":\"Update a block\",\"properties\":{\"type\":{\"type\":\"string\",\"enum\":[\"update\"]},\"id\":{\"type\":\"string\",\"description\":\"id of block to update\"},\"block\":{\"type\":\"string\",\"description\":\"html of block (MUST be a single HTML element)\"}},\"required\":[\"type\",\"id\",\"block\"],\"additionalProperties\":false},{\"type\":\"object\",\"description\":\"Insert new blocks\",\"properties\":{\"type\":{\"type\":\"string\",\"enum\":[\"add\"]},\"referenceId\":{\"type\":\"string\",\"description\":\"MUST be an id of a block in the document\"},\"position\":{\"type\":\"string\",\"enum\":[\"before\",\"after\"],\"description\":\"`after` to add blocks AFTER (below) the block with `referenceId`, `before` to add the block BEFORE (above)\"},\"blocks\":{\"items\":{\"type\":\"string\",\"description\":\"html of block (MUST be a single, VALID HTML element)\"},\"type\":\"array\"}},\"required\":[\"type\",\"referenceId\",\"position\",\"blocks\"],\"additionalProperties\":false},{\"type\":\"object\",\"description\":\"Delete a block\",\"properties\":{\"type\":{\"type\":\"string\",\"enum\":[\"delete\"]},\"id\":{\"type\":\"string\",\"description\":\"id of block to delete\"}},\"required\":[\"type\",\"id\"],\"additionalProperties\":false}]}}},\"additionalProperties\":false,\"required\":[\"operations\"]}}},\"stream\":true}",
    "headers": [],
    "cookies": []
  },
  "response": {
    "status": 200,
    "statusText": "",
    "body": "event: response.created\ndata: {\"type\":\"response.created\",\"sequence_number\":0,\"response\":{\"id\":\"resp_68d3bdc1aed88194848748d3eafc88e40e9a5f73255536e6\",\"object\":\"response\",\"created_at\":1758707137,\"status\":\"in_progress\",\"background\":false,\"error\":null,\"incomplete_details\":null,\"instructions\":null,\"max_output_tokens\":null,\"max_tool_calls\":null,\"model\":\"gpt-4o-2024-08-06\",\"output\":[],\"parallel_tool_calls\":true,\"previous_response_id\":null,\"prompt_cache_key\":null,\"reasoning\":{\"effort\":null,\"summary\":null},\"safety_identifier\":null,\"service_tier\":\"auto\",\"store\":true,\"temperature\":1.0,\"text\":{\"format\":{\"type\":\"json_schema\",\"description\":null,\"name\":\"response\",\"schema\":{\"type\":\"object\",\"properties\":{\"operations\":{\"type\":\"array\",\"items\":{\"anyOf\":[{\"type\":\"object\",\"description\":\"Update a block\",\"properties\":{\"type\":{\"type\":\"string\",\"enum\":[\"update\"]},\"id\":{\"type\":\"string\",\"description\":\"id of block to update\"},\"block\":{\"type\":\"string\",\"description\":\"html of block (MUST be a single HTML element)\"}},\"required\":[\"type\",\"id\",\"block\"],\"additionalProperties\":false},{\"type\":\"object\",\"description\":\"Insert new blocks\",\"properties\":{\"type\":{\"type\":\"string\",\"enum\":[\"add\"]},\"referenceId\":{\"type\":\"string\",\"description\":\"MUST be an id of a block in the document\"},\"position\":{\"type\":\"string\",\"enum\":[\"before\",\"after\"],\"description\":\"`after` to add blocks AFTER (below) the block with `referenceId`, `before` to add the block BEFORE (above)\"},\"blocks\":{\"items\":{\"type\":\"string\",\"description\":\"html of block (MUST be a single, VALID HTML element)\"},\"type\":\"array\"}},\"required\":[\"type\",\"referenceId\",\"position\",\"blocks\"],\"additionalProperties\":false},{\"type\":\"object\",\"description\":\"Delete a block\",\"properties\":{\"type\":{\"type\":\"string\",\"enum\":[\"delete\"]},\"id\":{\"type\":\"string\",\"description\":\"id of block to delete\"}},\"required\":[\"type\",\"id\"],\"additionalProperties\":false}]}}},\"additionalProperties\":false,\"required\":[\"operations\"]},\"strict\":false},\"verbosity\":\"medium\"},\"tool_choice\":\"auto\",\"tools\":[],\"top_logprobs\":0,\"top_p\":1.0,\"truncation\":\"disabled\",\"usage\":null,\"user\":null,\"metadata\":{}}}\n\nevent: response.in_progress\ndata: {\"type\":\"response.in_progress\",\"sequence_number\":1,\"response\":{\"id\":\"resp_68d3bdc1aed88194848748d3eafc88e40e9a5f73255536e6\",\"object\":\"response\",\"created_at\":1758707137,\"status\":\"in_progress\",\"background\":false,\"error\":null,\"incomplete_details\":null,\"instructions\":null,\"max_output_tokens\":null,\"max_tool_calls\":null,\"model\":\"gpt-4o-2024-08-06\",\"output\":[],\"parallel_tool_calls\":true,\"previous_response_id\":null,\"prompt_cache_key\":null,\"reasoning\":{\"effort\":null,\"summary\":null},\"safety_identifier\":null,\"service_tier\":\"auto\",\"store\":true,\"temperature\":1.0,\"text\":{\"format\":{\"type\":\"json_schema\",\"description\":null,\"name\":\"response\",\"schema\":{\"type\":\"object\",\"properties\":{\"operations\":{\"type\":\"array\",\"items\":{\"anyOf\":[{\"type\":\"object\",\"description\":\"Update a block\",\"properties\":{\"type\":{\"type\":\"string\",\"enum\":[\"update\"]},\"id\":{\"type\":\"string\",\"description\":\"id of block to update\"},\"block\":{\"type\":\"string\",\"description\":\"html of block (MUST be a single HTML element)\"}},\"required\":[\"type\",\"id\",\"block\"],\"additionalProperties\":false},{\"type\":\"object\",\"description\":\"Insert new blocks\",\"properties\":{\"type\":{\"type\":\"string\",\"enum\":[\"add\"]},\"referenceId\":{\"type\":\"string\",\"description\":\"MUST be an id of a block in the document\"},\"position\":{\"type\":\"string\",\"enum\":[\"before\",\"after\"],\"description\":\"`after` to add blocks AFTER (below) the block with `referenceId`, `before` to add the block BEFORE (above)\"},\"blocks\":{\"items\":{\"type\":\"string\",\"description\":\"html of block (MUST be a single, VALID HTML element)\"},\"type\":\"array\"}},\"required\":[\"type\",\"referenceId\",\"position\",\"blocks\"],\"additionalProperties\":false},{\"type\":\"object\",\"description\":\"Delete a block\",\"properties\":{\"type\":{\"type\":\"string\",\"enum\":[\"delete\"]},\"id\":{\"type\":\"string\",\"description\":\"id of block to delete\"}},\"required\":[\"type\",\"id\"],\"additionalProperties\":false}]}}},\"additionalProperties\":false,\"required\":[\"operations\"]},\"strict\":false},\"verbosity\":\"medium\"},\"tool_choice\":\"auto\",\"tools\":[],\"top_logprobs\":0,\"top_p\":1.0,\"truncation\":\"disabled\",\"usage\":null,\"user\":null,\"metadata\":{}}}\n\nevent: response.output_item.added\ndata: {\"type\":\"response.output_item.added\",\"sequence_number\":2,\"output_index\":0,\"item\":{\"id\":\"msg_68d3bdc23f448194b40e15cb051139e90e9a5f73255536e6\",\"type\":\"message\",\"status\":\"in_progress\",\"content\":[],\"role\":\"assistant\"}}\n\nevent: response.content_part.added\ndata: {\"type\":\"response.content_part.added\",\"sequence_number\":3,\"item_id\":\"msg_68d3bdc23f448194b40e15cb051139e90e9a5f73255536e6\",\"output_index\":0,\"content_index\":0,\"part\":{\"type\":\"output_text\",\"annotations\":[],\"logprobs\":[],\"text\":\"\"}}\n\nevent: response.output_text.delta\ndata: {\"type\":\"response.output_text.delta\",\"sequence_number\":4,\"item_id\":\"msg_68d3bdc23f448194b40e15cb051139e90e9a5f73255536e6\",\"output_index\":0,\"content_index\":0,\"delta\":\"{\\\"\",\"logprobs\":[],\"obfuscation\":\"v5VOSVaNpTeNik\"}\n\nevent: response.output_text.delta\ndata: {\"type\":\"response.output_text.delta\",\"sequence_number\":5,\"item_id\":\"msg_68d3bdc23f448194b40e15cb051139e90e9a5f73255536e6\",\"output_index\":0,\"content_index\":0,\"delta\":\"operations\",\"logprobs\":[],\"obfuscation\":\"gXS4n4\"}\n\nevent: response.output_text.delta\ndata: {\"type\":\"response.output_text.delta\",\"sequence_number\":6,\"item_id\":\"msg_68d3bdc23f448194b40e15cb051139e90e9a5f73255536e6\",\"output_index\":0,\"content_index\":0,\"delta\":\"\\\":[\",\"logprobs\":[],\"obfuscation\":\"65Ri2HxG0mExl\"}\n\nevent: response.output_text.delta\ndata: {\"type\":\"response.output_text.delta\",\"sequence_number\":7,\"item_id\":\"msg_68d3bdc23f448194b40e15cb051139e90e9a5f73255536e6\",\"output_index\":0,\"content_index\":0,\"delta\":\"{\\\"\",\"logprobs\":[],\"obfuscation\":\"tfiX33yJFEKmTC\"}\n\nevent: response.output_text.delta\ndata: {\"type\":\"response.output_text.delta\",\"sequence_number\":8,\"item_id\":\"msg_68d3bdc23f448194b40e15cb051139e90e9a5f73255536e6\",\"output_index\":0,\"content_index\":0,\"delta\":\"type\",\"logprobs\":[],\"obfuscation\":\"QeAFT3iAymTi\"}\n\nevent: response.output_text.delta\ndata: {\"type\":\"response.output_text.delta\",\"sequence_number\":9,\"item_id\":\"msg_68d3bdc23f448194b40e15cb051139e90e9a5f73255536e6\",\"output_index\":0,\"content_index\":0,\"delta\":\"\\\":\\\"\",\"logprobs\":[],\"obfuscation\":\"fXCkkViSOsRT0\"}\n\nevent: response.output_text.delta\ndata: {\"type\":\"response.output_text.delta\",\"sequence_number\":10,\"item_id\":\"msg_68d3bdc23f448194b40e15cb051139e90e9a5f73255536e6\",\"output_index\":0,\"content_index\":0,\"delta\":\"update\",\"logprobs\":[],\"obfuscation\":\"Boqrp90OLY\"}\n\nevent: response.output_text.delta\ndata: {\"type\":\"response.output_text.delta\",\"sequence_number\":11,\"item_id\":\"msg_68d3bdc23f448194b40e15cb051139e90e9a5f73255536e6\",\"output_index\":0,\"content_index\":0,\"delta\":\"\\\",\\\"\",\"logprobs\":[],\"obfuscation\":\"SAXiLgImKHsj7\"}\n\nevent: response.output_text.delta\ndata: {\"type\":\"response.output_text.delta\",\"sequence_number\":12,\"item_id\":\"msg_68d3bdc23f448194b40e15cb051139e90e9a5f73255536e6\",\"output_index\":0,\"content_index\":0,\"delta\":\"id\",\"logprobs\":[],\"obfuscation\":\"dDGsheMIfxXYbr\"}\n\nevent: response.output_text.delta\ndata: {\"type\":\"response.output_text.delta\",\"sequence_number\":13,\"item_id\":\"msg_68d3bdc23f448194b40e15cb051139e90e9a5f73255536e6\",\"output_index\":0,\"content_index\":0,\"delta\":\"\\\":\\\"\",\"logprobs\":[],\"obfuscation\":\"qqqSm0CFXtUV0\"}\n\nevent: response.output_text.delta\ndata: {\"type\":\"response.output_text.delta\",\"sequence_number\":14,\"item_id\":\"msg_68d3bdc23f448194b40e15cb051139e90e9a5f73255536e6\",\"output_index\":0,\"content_index\":0,\"delta\":\"ref\",\"logprobs\":[],\"obfuscation\":\"fr8ukq8KpXgdt\"}\n\nevent: response.output_text.delta\ndata: {\"type\":\"response.output_text.delta\",\"sequence_number\":15,\"item_id\":\"msg_68d3bdc23f448194b40e15cb051139e90e9a5f73255536e6\",\"output_index\":0,\"content_index\":0,\"delta\":\"2\",\"logprobs\":[],\"obfuscation\":\"QBsuMspPMGeUjJu\"}\n\nevent: response.output_text.delta\ndata: {\"type\":\"response.output_text.delta\",\"sequence_number\":16,\"item_id\":\"msg_68d3bdc23f448194b40e15cb051139e90e9a5f73255536e6\",\"output_index\":0,\"content_index\":0,\"delta\":\"$\",\"logprobs\":[],\"obfuscation\":\"ZIucU8XS8RBdyst\"}\n\nevent: response.output_text.delta\ndata: {\"type\":\"response.output_text.delta\",\"sequence_number\":17,\"item_id\":\"msg_68d3bdc23f448194b40e15cb051139e90e9a5f73255536e6\",\"output_index\":0,\"content_index\":0,\"delta\":\"\\\",\\\"\",\"logprobs\":[],\"obfuscation\":\"Z1n8KDTwVmbaw\"}\n\nevent: response.output_text.delta\ndata: {\"type\":\"response.output_text.delta\",\"sequence_number\":18,\"item_id\":\"msg_68d3bdc23f448194b40e15cb051139e90e9a5f73255536e6\",\"output_index\":0,\"content_index\":0,\"delta\":\"block\",\"logprobs\":[],\"obfuscation\":\"jCHx2y4JtLl\"}\n\nevent: response.output_text.delta\ndata: {\"type\":\"response.output_text.delta\",\"sequence_number\":19,\"item_id\":\"msg_68d3bdc23f448194b40e15cb051139e90e9a5f73255536e6\",\"output_index\":0,\"content_index\":0,\"delta\":\"\\\":\\\"\",\"logprobs\":[],\"obfuscation\":\"EXwrzDt2Gs2zX\"}\n\nevent: response.output_text.delta\ndata: {\"type\":\"response.output_text.delta\",\"sequence_number\":20,\"item_id\":\"msg_68d3bdc23f448194b40e15cb051139e90e9a5f73255536e6\",\"output_index\":0,\"content_index\":0,\"delta\":\"<\",\"logprobs\":[],\"obfuscation\":\"pdK3ncHSt04WYap\"}\n\nevent: response.output_text.delta\ndata: {\"type\":\"response.output_text.delta\",\"sequence_number\":21,\"item_id\":\"msg_68d3bdc23f448194b40e15cb051139e90e9a5f73255536e6\",\"output_index\":0,\"content_index\":0,\"delta\":\"ul\",\"logprobs\":[],\"obfuscation\":\"rTYykRZ4C2y3JC\"}\n\nevent: response.output_text.delta\ndata: {\"type\":\"response.output_text.delta\",\"sequence_number\":22,\"item_id\":\"msg_68d3bdc23f448194b40e15cb051139e90e9a5f73255536e6\",\"output_index\":0,\"content_index\":0,\"delta\":\"><\",\"logprobs\":[],\"obfuscation\":\"QOJJygJAqaYsNa\"}\n\nevent: response.output_text.delta\ndata: {\"type\":\"response.output_text.delta\",\"sequence_number\":23,\"item_id\":\"msg_68d3bdc23f448194b40e15cb051139e90e9a5f73255536e6\",\"output_index\":0,\"content_index\":0,\"delta\":\"li\",\"logprobs\":[],\"obfuscation\":\"oTjKkB23xDb5Lq\"}\n\nevent: response.output_text.delta\ndata: {\"type\":\"response.output_text.delta\",\"sequence_number\":24,\"item_id\":\"msg_68d3bdc23f448194b40e15cb051139e90e9a5f73255536e6\",\"output_index\":0,\"content_index\":0,\"delta\":\">\",\"logprobs\":[],\"obfuscation\":\"eVQTrbjryIgv0pI\"}\n\nevent: response.output_text.delta\ndata: {\"type\":\"response.output_text.delta\",\"sequence_number\":25,\"item_id\":\"msg_68d3bdc23f448194b40e15cb051139e90e9a5f73255536e6\",\"output_index\":0,\"content_index\":0,\"delta\":\"Ap\",\"logprobs\":[],\"obfuscation\":\"FcWPv2ecjCa8qp\"}\n\nevent: response.output_text.delta\ndata: {\"type\":\"response.output_text.delta\",\"sequence_number\":26,\"item_id\":\"msg_68d3bdc23f448194b40e15cb051139e90e9a5f73255536e6\",\"output_index\":0,\"content_index\":0,\"delta\":\"ples\",\"logprobs\":[],\"obfuscation\":\"xjKxdGEcQ5yw\"}\n\nevent: response.output_text.delta\ndata: {\"type\":\"response.output_text.delta\",\"sequence_number\":27,\"item_id\":\"msg_68d3bdc23f448194b40e15cb051139e90e9a5f73255536e6\",\"output_index\":0,\"content_index\":0,\"delta\":\"</\",\"logprobs\":[],\"obfuscation\":\"ccA1vRIGkWW6IV\"}\n\nevent: response.output_text.delta\ndata: {\"type\":\"response.output_text.delta\",\"sequence_number\":28,\"item_id\":\"msg_68d3bdc23f448194b40e15cb051139e90e9a5f73255536e6\",\"output_index\":0,\"content_index\":0,\"delta\":\"li\",\"logprobs\":[],\"obfuscation\":\"0hEynUcDtxrAt0\"}\n\nevent: response.output_text.delta\ndata: {\"type\":\"response.output_text.delta\",\"sequence_number\":29,\"item_id\":\"msg_68d3bdc23f448194b40e15cb051139e90e9a5f73255536e6\",\"output_index\":0,\"content_index\":0,\"delta\":\"></\",\"logprobs\":[],\"obfuscation\":\"3cyP2Qc5I58sw\"}\n\nevent: response.output_text.delta\ndata: {\"type\":\"response.output_text.delta\",\"sequence_number\":30,\"item_id\":\"msg_68d3bdc23f448194b40e15cb051139e90e9a5f73255536e6\",\"output_index\":0,\"content_index\":0,\"delta\":\"ul\",\"logprobs\":[],\"obfuscation\":\"qb2JTiASYkfbC3\"}\n\nevent: response.output_text.delta\ndata: {\"type\":\"response.output_text.delta\",\"sequence_number\":31,\"item_id\":\"msg_68d3bdc23f448194b40e15cb051139e90e9a5f73255536e6\",\"output_index\":0,\"content_index\":0,\"delta\":\">\\\"\",\"logprobs\":[],\"obfuscation\":\"I3YvKOGe9ad6J7\"}\n\nevent: response.output_text.delta\ndata: {\"type\":\"response.output_text.delta\",\"sequence_number\":32,\"item_id\":\"msg_68d3bdc23f448194b40e15cb051139e90e9a5f73255536e6\",\"output_index\":0,\"content_index\":0,\"delta\":\"},{\\\"\",\"logprobs\":[],\"obfuscation\":\"I5Sxw8JUso1S\"}\n\nevent: response.output_text.delta\ndata: {\"type\":\"response.output_text.delta\",\"sequence_number\":33,\"item_id\":\"msg_68d3bdc23f448194b40e15cb051139e90e9a5f73255536e6\",\"output_index\":0,\"content_index\":0,\"delta\":\"type\",\"logprobs\":[],\"obfuscation\":\"n6jmw8S4mXHa\"}\n\nevent: response.output_text.delta\ndata: {\"type\":\"response.output_text.delta\",\"sequence_number\":34,\"item_id\":\"msg_68d3bdc23f448194b40e15cb051139e90e9a5f73255536e6\",\"output_index\":0,\"content_index\":0,\"delta\":\"\\\":\\\"\",\"logprobs\":[],\"obfuscation\":\"XUi5xflEF4hPB\"}\n\nevent: response.output_text.delta\ndata: {\"type\":\"response.output_text.delta\",\"sequence_number\":35,\"item_id\":\"msg_68d3bdc23f448194b40e15cb051139e90e9a5f73255536e6\",\"output_index\":0,\"content_index\":0,\"delta\":\"update\",\"logprobs\":[],\"obfuscation\":\"w2KdnguCUq\"}\n\nevent: response.output_text.delta\ndata: {\"type\":\"response.output_text.delta\",\"sequence_number\":36,\"item_id\":\"msg_68d3bdc23f448194b40e15cb051139e90e9a5f73255536e6\",\"output_index\":0,\"content_index\":0,\"delta\":\"\\\",\\\"\",\"logprobs\":[],\"obfuscation\":\"Y5EMcaTNA32X3\"}\n\nevent: response.output_text.delta\ndata: {\"type\":\"response.output_text.delta\",\"sequence_number\":37,\"item_id\":\"msg_68d3bdc23f448194b40e15cb051139e90e9a5f73255536e6\",\"output_index\":0,\"content_index\":0,\"delta\":\"id\",\"logprobs\":[],\"obfuscation\":\"lDwf3XMlf3mMd9\"}\n\nevent: response.output_text.delta\ndata: {\"type\":\"response.output_text.delta\",\"sequence_number\":38,\"item_id\":\"msg_68d3bdc23f448194b40e15cb051139e90e9a5f73255536e6\",\"output_index\":0,\"content_index\":0,\"delta\":\"\\\":\\\"\",\"logprobs\":[],\"obfuscation\":\"o7YoxMUbzXvOa\"}\n\nevent: response.output_text.delta\ndata: {\"type\":\"response.output_text.delta\",\"sequence_number\":39,\"item_id\":\"msg_68d3bdc23f448194b40e15cb051139e90e9a5f73255536e6\",\"output_index\":0,\"content_index\":0,\"delta\":\"ref\",\"logprobs\":[],\"obfuscation\":\"jYkbzkdS3tmBT\"}\n\nevent: response.output_text.delta\ndata: {\"type\":\"response.output_text.delta\",\"sequence_number\":40,\"item_id\":\"msg_68d3bdc23f448194b40e15cb051139e90e9a5f73255536e6\",\"output_index\":0,\"content_index\":0,\"delta\":\"3\",\"logprobs\":[],\"obfuscation\":\"9VdmK15TjFJ3P7h\"}\n\nevent: response.output_text.delta\ndata: {\"type\":\"response.output_text.delta\",\"sequence_number\":41,\"item_id\":\"msg_68d3bdc23f448194b40e15cb051139e90e9a5f73255536e6\",\"output_index\":0,\"content_index\":0,\"delta\":\"$\",\"logprobs\":[],\"obfuscation\":\"isy72E4HU9UxgXg\"}\n\nevent: response.output_text.delta\ndata: {\"type\":\"response.output_text.delta\",\"sequence_number\":42,\"item_id\":\"msg_68d3bdc23f448194b40e15cb051139e90e9a5f73255536e6\",\"output_index\":0,\"content_index\":0,\"delta\":\"\\\",\\\"\",\"logprobs\":[],\"obfuscation\":\"9kPlFT33Uc8Fc\"}\n\nevent: response.output_text.delta\ndata: {\"type\":\"response.output_text.delta\",\"sequence_number\":43,\"item_id\":\"msg_68d3bdc23f448194b40e15cb051139e90e9a5f73255536e6\",\"output_index\":0,\"content_index\":0,\"delta\":\"block\",\"logprobs\":[],\"obfuscation\":\"F7nfmitFpey\"}\n\nevent: response.output_text.delta\ndata: {\"type\":\"response.output_text.delta\",\"sequence_number\":44,\"item_id\":\"msg_68d3bdc23f448194b40e15cb051139e90e9a5f73255536e6\",\"output_index\":0,\"content_index\":0,\"delta\":\"\\\":\\\"\",\"logprobs\":[],\"obfuscation\":\"7sneAQSu0WJYE\"}\n\nevent: response.output_text.delta\ndata: {\"type\":\"response.output_text.delta\",\"sequence_number\":45,\"item_id\":\"msg_68d3bdc23f448194b40e15cb051139e90e9a5f73255536e6\",\"output_index\":0,\"content_index\":0,\"delta\":\"<\",\"logprobs\":[],\"obfuscation\":\"2YKcz9TfKMtoSiK\"}\n\nevent: response.output_text.delta\ndata: {\"type\":\"response.output_text.delta\",\"sequence_number\":46,\"item_id\":\"msg_68d3bdc23f448194b40e15cb051139e90e9a5f73255536e6\",\"output_index\":0,\"content_index\":0,\"delta\":\"ul\",\"logprobs\":[],\"obfuscation\":\"oHjbRBkuicAvHa\"}\n\nevent: response.output_text.delta\ndata: {\"type\":\"response.output_text.delta\",\"sequence_number\":47,\"item_id\":\"msg_68d3bdc23f448194b40e15cb051139e90e9a5f73255536e6\",\"output_index\":0,\"content_index\":0,\"delta\":\"><\",\"logprobs\":[],\"obfuscation\":\"NhCbHHHfAElThH\"}\n\nevent: response.output_text.delta\ndata: {\"type\":\"response.output_text.delta\",\"sequence_number\":48,\"item_id\":\"msg_68d3bdc23f448194b40e15cb051139e90e9a5f73255536e6\",\"output_index\":0,\"content_index\":0,\"delta\":\"li\",\"logprobs\":[],\"obfuscation\":\"8GtZIakzqalAFU\"}\n\nevent: response.output_text.delta\ndata: {\"type\":\"response.output_text.delta\",\"sequence_number\":49,\"item_id\":\"msg_68d3bdc23f448194b40e15cb051139e90e9a5f73255536e6\",\"output_index\":0,\"content_index\":0,\"delta\":\">\",\"logprobs\":[],\"obfuscation\":\"SX1OyfazwG0X9jQ\"}\n\nevent: response.output_text.delta\ndata: {\"type\":\"response.output_text.delta\",\"sequence_number\":50,\"item_id\":\"msg_68d3bdc23f448194b40e15cb051139e90e9a5f73255536e6\",\"output_index\":0,\"content_index\":0,\"delta\":\"Ban\",\"logprobs\":[],\"obfuscation\":\"nlRqR3juNQhy7\"}\n\nevent: response.output_text.delta\ndata: {\"type\":\"response.output_text.delta\",\"sequence_number\":51,\"item_id\":\"msg_68d3bdc23f448194b40e15cb051139e90e9a5f73255536e6\",\"output_index\":0,\"content_index\":0,\"delta\":\"anas\",\"logprobs\":[],\"obfuscation\":\"BmSZqaKlAsVi\"}\n\nevent: response.output_text.delta\ndata: {\"type\":\"response.output_text.delta\",\"sequence_number\":52,\"item_id\":\"msg_68d3bdc23f448194b40e15cb051139e90e9a5f73255536e6\",\"output_index\":0,\"content_index\":0,\"delta\":\"</\",\"logprobs\":[],\"obfuscation\":\"mD2ywYUwp0UkNe\"}\n\nevent: response.output_text.delta\ndata: {\"type\":\"response.output_text.delta\",\"sequence_number\":53,\"item_id\":\"msg_68d3bdc23f448194b40e15cb051139e90e9a5f73255536e6\",\"output_index\":0,\"content_index\":0,\"delta\":\"li\",\"logprobs\":[],\"obfuscation\":\"wer6esLzG6wg9f\"}\n\nevent: response.output_text.delta\ndata: {\"type\":\"response.output_text.delta\",\"sequence_number\":54,\"item_id\":\"msg_68d3bdc23f448194b40e15cb051139e90e9a5f73255536e6\",\"output_index\":0,\"content_index\":0,\"delta\":\"></\",\"logprobs\":[],\"obfuscation\":\"l1guHoIQak0GG\"}\n\nevent: response.output_text.delta\ndata: {\"type\":\"response.output_text.delta\",\"sequence_number\":55,\"item_id\":\"msg_68d3bdc23f448194b40e15cb051139e90e9a5f73255536e6\",\"output_index\":0,\"content_index\":0,\"delta\":\"ul\",\"logprobs\":[],\"obfuscation\":\"1bdZyDmrSxETjw\"}\n\nevent: response.output_text.delta\ndata: {\"type\":\"response.output_text.delta\",\"sequence_number\":56,\"item_id\":\"msg_68d3bdc23f448194b40e15cb051139e90e9a5f73255536e6\",\"output_index\":0,\"content_index\":0,\"delta\":\">\",\"logprobs\":[],\"obfuscation\":\"jaPh1gw1juIBmXU\"}\n\nevent: response.output_text.delta\ndata: {\"type\":\"response.output_text.delta\",\"sequence_number\":57,\"item_id\":\"msg_68d3bdc23f448194b40e15cb051139e90e9a5f73255536e6\",\"output_index\":0,\"content_index\":0,\"delta\":\"\\\"}\",\"logprobs\":[],\"obfuscation\":\"6T3xG1vM9KkF4G\"}\n\nevent: response.output_text.delta\ndata: {\"type\":\"response.output_text.delta\",\"sequence_number\":58,\"item_id\":\"msg_68d3bdc23f448194b40e15cb051139e90e9a5f73255536e6\",\"output_index\":0,\"content_index\":0,\"delta\":\"]}\",\"logprobs\":[],\"obfuscation\":\"4Q77o6T7JwlKdU\"}\n\nevent: response.output_text.done\ndata: {\"type\":\"response.output_text.done\",\"sequence_number\":59,\"item_id\":\"msg_68d3bdc23f448194b40e15cb051139e90e9a5f73255536e6\",\"output_index\":0,\"content_index\":0,\"text\":\"{\\\"operations\\\":[{\\\"type\\\":\\\"update\\\",\\\"id\\\":\\\"ref2$\\\",\\\"block\\\":\\\"<ul><li>Apples</li></ul>\\\"},{\\\"type\\\":\\\"update\\\",\\\"id\\\":\\\"ref3$\\\",\\\"block\\\":\\\"<ul><li>Bananas</li></ul>\\\"}]}\",\"logprobs\":[]}\n\nevent: response.content_part.done\ndata: {\"type\":\"response.content_part.done\",\"sequence_number\":60,\"item_id\":\"msg_68d3bdc23f448194b40e15cb051139e90e9a5f73255536e6\",\"output_index\":0,\"content_index\":0,\"part\":{\"type\":\"output_text\",\"annotations\":[],\"logprobs\":[],\"text\":\"{\\\"operations\\\":[{\\\"type\\\":\\\"update\\\",\\\"id\\\":\\\"ref2$\\\",\\\"block\\\":\\\"<ul><li>Apples</li></ul>\\\"},{\\\"type\\\":\\\"update\\\",\\\"id\\\":\\\"ref3$\\\",\\\"block\\\":\\\"<ul><li>Bananas</li></ul>\\\"}]}\"}}\n\nevent: response.output_item.done\ndata: {\"type\":\"response.output_item.done\",\"sequence_number\":61,\"output_index\":0,\"item\":{\"id\":\"msg_68d3bdc23f448194b40e15cb051139e90e9a5f73255536e6\",\"type\":\"message\",\"status\":\"completed\",\"content\":[{\"type\":\"output_text\",\"annotations\":[],\"logprobs\":[],\"text\":\"{\\\"operations\\\":[{\\\"type\\\":\\\"update\\\",\\\"id\\\":\\\"ref2$\\\",\\\"block\\\":\\\"<ul><li>Apples</li></ul>\\\"},{\\\"type\\\":\\\"update\\\",\\\"id\\\":\\\"ref3$\\\",\\\"block\\\":\\\"<ul><li>Bananas</li></ul>\\\"}]}\"}],\"role\":\"assistant\"}}\n\nevent: response.completed\ndata: {\"type\":\"response.completed\",\"sequence_number\":62,\"response\":{\"id\":\"resp_68d3bdc1aed88194848748d3eafc88e40e9a5f73255536e6\",\"object\":\"response\",\"created_at\":1758707137,\"status\":\"completed\",\"background\":false,\"error\":null,\"incomplete_details\":null,\"instructions\":null,\"max_output_tokens\":null,\"max_tool_calls\":null,\"model\":\"gpt-4o-2024-08-06\",\"output\":[{\"id\":\"msg_68d3bdc23f448194b40e15cb051139e90e9a5f73255536e6\",\"type\":\"message\",\"status\":\"completed\",\"content\":[{\"type\":\"output_text\",\"annotations\":[],\"logprobs\":[],\"text\":\"{\\\"operations\\\":[{\\\"type\\\":\\\"update\\\",\\\"id\\\":\\\"ref2$\\\",\\\"block\\\":\\\"<ul><li>Apples</li></ul>\\\"},{\\\"type\\\":\\\"update\\\",\\\"id\\\":\\\"ref3$\\\",\\\"block\\\":\\\"<ul><li>Bananas</li></ul>\\\"}]}\"}],\"role\":\"assistant\"}],\"parallel_tool_calls\":true,\"previous_response_id\":null,\"prompt_cache_key\":null,\"reasoning\":{\"effort\":null,\"summary\":null},\"safety_identifier\":null,\"service_tier\":\"default\",\"store\":true,\"temperature\":1.0,\"text\":{\"format\":{\"type\":\"json_schema\",\"description\":null,\"name\":\"response\",\"schema\":{\"type\":\"object\",\"properties\":{\"operations\":{\"type\":\"array\",\"items\":{\"anyOf\":[{\"type\":\"object\",\"description\":\"Update a block\",\"properties\":{\"type\":{\"type\":\"string\",\"enum\":[\"update\"]},\"id\":{\"type\":\"string\",\"description\":\"id of block to update\"},\"block\":{\"type\":\"string\",\"description\":\"html of block (MUST be a single HTML element)\"}},\"required\":[\"type\",\"id\",\"block\"],\"additionalProperties\":false},{\"type\":\"object\",\"description\":\"Insert new blocks\",\"properties\":{\"type\":{\"type\":\"string\",\"enum\":[\"add\"]},\"referenceId\":{\"type\":\"string\",\"description\":\"MUST be an id of a block in the document\"},\"position\":{\"type\":\"string\",\"enum\":[\"before\",\"after\"],\"description\":\"`after` to add blocks AFTER (below) the block with `referenceId`, `before` to add the block BEFORE (above)\"},\"blocks\":{\"items\":{\"type\":\"string\",\"description\":\"html of block (MUST be a single, VALID HTML element)\"},\"type\":\"array\"}},\"required\":[\"type\",\"referenceId\",\"position\",\"blocks\"],\"additionalProperties\":false},{\"type\":\"object\",\"description\":\"Delete a block\",\"properties\":{\"type\":{\"type\":\"string\",\"enum\":[\"delete\"]},\"id\":{\"type\":\"string\",\"description\":\"id of block to delete\"}},\"required\":[\"type\",\"id\"],\"additionalProperties\":false}]}}},\"additionalProperties\":false,\"required\":[\"operations\"]},\"strict\":false},\"verbosity\":\"medium\"},\"tool_choice\":\"auto\",\"tools\":[],\"top_logprobs\":0,\"top_p\":1.0,\"truncation\":\"disabled\",\"usage\":{\"input_tokens\":474,\"input_tokens_details\":{\"cached_tokens\":0},\"output_tokens\":56,\"output_tokens_details\":{\"reasoning_tokens\":0},\"total_tokens\":530},\"user\":null,\"metadata\":{}}}\n\n",
    "headers": []
  }
}