[
  {
    "children": [],
    "content": [
      {
        "styles": {},
        "text": "ParagraphParagraph",
        "type": "text",
      },
    ],
    "id": "0",
    "props": {
      "backgroundColor": "default",
      "textAlignment": "left",
      "textColor": "default",
    },
    "type": "paragraph",
  },
  {
    "children": [],
    "content": {
      "columnWidths": [
        undefined,
        undefined,
      ],
      "headerCols": undefined,
      "headerRows": undefined,
      "rows": [
        {
          "cells": [
            {
              "content": [
                {
                  "styles": {},
                  "text": "Table Cell",
                  "type": "text",
                },
              ],
              "props": {
                "backgroundColor": "default",
                "colspan": 1,
                "rowspan": 1,
                "textAlignment": "left",
                "textColor": "default",
              },
              "type": "tableCell",
            },
            {
              "content": [
                {
                  "styles": {},
                  "text": "Table Cell",
                  "type": "text",
                },
              ],
              "props": {
                "backgroundColor": "default",
                "colspan": 1,
                "rowspan": 1,
                "textAlignment": "left",
                "textColor": "default",
              },
              "type": "tableCell",
            },
          ],
        },
        {
          "cells": [
            {
              "content": [
                {
                  "styles": {},
                  "text": "Table Cell",
                  "type": "text",
                },
              ],
              "props": {
                "backgroundColor": "default",
                "colspan": 1,
                "rowspan": 1,
                "textAlignment": "left",
                "textColor": "default",
              },
              "type": "tableCell",
            },
            {
              "content": [
                {
                  "styles": {},
                  "text": "Table Cell",
                  "type": "text",
                },
              ],
              "props": {
                "backgroundColor": "default",
                "colspan": 1,
                "rowspan": 1,
                "textAlignment": "left",
                "textColor": "default",
              },
              "type": "tableCell",
            },
          ],
        },
      ],
      "type": "tableContent",
    },
    "id": "1",
    "props": {
      "textColor": "default",
    },
    "type": "table",
  },
  {
    "children": [],
    "content": [
      {
        "styles": {},
        "text": "Custom Paragraph",
        "type": "text",
      },
    ],
    "id": "2",
    "props": {},
    "type": "customParagraph",
  },
  {
    "children": [],
    "content": [],
    "id": "3",
    "props": {
      "backgroundColor": "default",
      "textAlignment": "left",
      "textColor": "default",
    },
    "type": "paragraph",
  },
]