<p class="simple-react-custom-paragraph" data-editable="">Custom React Paragraph</p>
<p class="simple-react-custom-paragraph" data-editable="">Nested React Custom Paragraph 1</p>
<p class="simple-react-custom-paragraph" data-editable="">Nested React Custom Paragraph 2</p>