[
  {
    "attrs": {
      "id": "1",
    },
    "content": [
      {
        "attrs": {
          "backgroundColor": "default",
          "caption": "Caption",
          "name": "",
          "previewWidth": 256,
          "showPreview": true,
          "textAlignment": "left",
          "url": "exampleURL",
        },
        "type": "image",
      },
      {
        "content": [
          {
            "attrs": {
              "id": "2",
            },
            "content": [
              {
                "attrs": {
                  "backgroundColor": "default",
                  "caption": "Caption",
                  "name": "",
                  "previewWidth": 256,
                  "showPreview": true,
                  "textAlignment": "left",
                  "url": "exampleURL",
                },
                "type": "image",
              },
            ],
            "type": "blockContainer",
          },
        ],
        "type": "blockGroup",
      },
    ],
    "type": "blockContainer",
  },
]