<?xml version="1.0" encoding="UTF-8" standalone="yes"?>
<w:document mc:Ignorable="w14 w15 wp14" xmlns:wpc="http://schemas.microsoft.com/office/word/2010/wordprocessingCanvas" xmlns:mc="http://schemas.openxmlformats.org/markup-compatibility/2006" xmlns:o="urn:schemas-microsoft-com:office:office" xmlns:r="http://schemas.openxmlformats.org/officeDocument/2006/relationships" xmlns:m="http://schemas.openxmlformats.org/officeDocument/2006/math" xmlns:v="urn:schemas-microsoft-com:vml" xmlns:wp14="http://schemas.microsoft.com/office/word/2010/wordprocessingDrawing" xmlns:wp="http://schemas.openxmlformats.org/drawingml/2006/wordprocessingDrawing" xmlns:w10="urn:schemas-microsoft-com:office:word" xmlns:w="http://schemas.openxmlformats.org/wordprocessingml/2006/main" xmlns:w14="http://schemas.microsoft.com/office/word/2010/wordml" xmlns:w15="http://schemas.microsoft.com/office/word/2012/wordml" xmlns:wpg="http://schemas.microsoft.com/office/word/2010/wordprocessingGroup" xmlns:wpi="http://schemas.microsoft.com/office/word/2010/wordprocessingInk" xmlns:wne="http://schemas.microsoft.com/office/word/2006/wordml" xmlns:wps="http://schemas.microsoft.com/office/word/2010/wordprocessingShape" xmlns:cx="http://schemas.microsoft.com/office/drawing/2014/chartex" xmlns:cx1="http://schemas.microsoft.com/office/drawing/2015/9/8/chartex" xmlns:cx2="http://schemas.microsoft.com/office/drawing/2015/10/21/chartex" xmlns:cx3="http://schemas.microsoft.com/office/drawing/2016/5/9/chartex" xmlns:cx4="http://schemas.microsoft.com/office/drawing/2016/5/10/chartex" xmlns:cx5="http://schemas.microsoft.com/office/drawing/2016/5/11/chartex" xmlns:cx6="http://schemas.microsoft.com/office/drawing/2016/5/12/chartex" xmlns:cx7="http://schemas.microsoft.com/office/drawing/2016/5/13/chartex" xmlns:cx8="http://schemas.microsoft.com/office/drawing/2016/5/14/chartex" xmlns:aink="http://schemas.microsoft.com/office/drawing/2016/ink" xmlns:am3d="http://schemas.microsoft.com/office/drawing/2017/model3d" xmlns:w16cex="http://schemas.microsoft.com/office/word/2018/wordml/cex" xmlns:w16cid="http://schemas.microsoft.com/office/word/2016/wordml/cid" xmlns:w16="http://schemas.microsoft.com/office/word/2018/wordml" xmlns:w16sdtdh="http://schemas.microsoft.com/office/word/2020/wordml/sdtdatahash" xmlns:w16se="http://schemas.microsoft.com/office/word/2015/wordml/symex">
    <w:body>
        <w:tbl>
            <w:tblPr>
                <w:tblW w:type="auto" w:w="100"/>
                <w:tblBorders>
                    <w:top w:val="nil"/>
                    <w:left w:val="nil"/>
                    <w:bottom w:val="nil"/>
                    <w:right w:val="nil"/>
                    <w:insideH w:val="nil"/>
                    <w:insideV w:val="nil"/>
                </w:tblBorders>
                <w:tblLayout w:type="autofit"/>
            </w:tblPr>
            <w:tblGrid>
                <w:gridCol w:w="100"/>
                <w:gridCol w:w="100"/>
                <w:gridCol w:w="100"/>
            </w:tblGrid>
            <w:tr>
                <w:tc>
                    <w:tcPr>
                        <w:tcW w:type="pct" w:w="26.666666666666668%"/>
                    </w:tcPr>
                    <w:p>
                        <w:pPr>
                            <w:pStyle w:val="Normal"/>
                            <w:rPr>
                                <w:rFonts w:ascii="Inter" w:cs="Inter" w:eastAsia="Inter" w:hAnsi="Inter"/>
                            </w:rPr>
                        </w:pPr>
                        <w:r>
                            <w:t xml:space="preserve">This paragraph is in a column!</w:t>
                        </w:r>
                    </w:p>
                </w:tc>
                <w:tc>
                    <w:tcPr>
                        <w:tcW w:type="pct" w:w="46.666666666666664%"/>
                    </w:tcPr>
                    <w:p>
                        <w:pPr>
                            <w:pStyle w:val="Heading1"/>
                        </w:pPr>
                        <w:r>
                            <w:t xml:space="preserve">So is this heading!</w:t>
                        </w:r>
                    </w:p>
                </w:tc>
                <w:tc>
                    <w:tcPr>
                        <w:tcW w:type="pct" w:w="26.666666666666668%"/>
                    </w:tcPr>
                    <w:p>
                        <w:pPr>
                            <w:pStyle w:val="Normal"/>
                            <w:rPr>
                                <w:rFonts w:ascii="Inter" w:cs="Inter" w:eastAsia="Inter" w:hAnsi="Inter"/>
                            </w:rPr>
                        </w:pPr>
                        <w:r>
                            <w:t xml:space="preserve">You can have multiple blocks in a column too</w:t>
                        </w:r>
                    </w:p>
                    <w:p>
                        <w:pPr>
                            <w:pStyle w:val="ListParagraph"/>
                            <w:numPr>
                                <w:ilvl w:val="2"/>
                                <w:numId w:val="2"/>
                            </w:numPr>
                        </w:pPr>
                        <w:r>
                            <w:t xml:space="preserve">Block 1</w:t>
                        </w:r>
                    </w:p>
                    <w:p>
                        <w:pPr>
                            <w:pStyle w:val="ListParagraph"/>
                            <w:numPr>
                                <w:ilvl w:val="2"/>
                                <w:numId w:val="2"/>
                            </w:numPr>
                        </w:pPr>
                        <w:r>
                            <w:t xml:space="preserve">Block 2</w:t>
                        </w:r>
                    </w:p>
                    <w:p>
                        <w:pPr>
                            <w:pStyle w:val="ListParagraph"/>
                            <w:numPr>
                                <w:ilvl w:val="2"/>
                                <w:numId w:val="2"/>
                            </w:numPr>
                        </w:pPr>
                        <w:r>
                            <w:t xml:space="preserve">Block 3</w:t>
                        </w:r>
                    </w:p>
                </w:tc>
            </w:tr>
        </w:tbl>
        <w:sectPr>
            <w:pgSz w:w="11906" w:h="16838" w:orient="portrait"/>
            <w:pgMar w:top="1440" w:right="1440" w:bottom="1440" w:left="1440" w:header="708" w:footer="708" w:gutter="0"/>
            <w:pgNumType/>
            <w:docGrid w:linePitch="360"/>
        </w:sectPr>
    </w:body>
</w:document>