<ul>
  <li>
    <p>Bullet List Item 1</p>
  </li>
  <li>
    <p>Bullet List Item 2</p>
  </li>
</ul>
<ol>
  <li>
    <p>Numbered List Item 1</p>
  </li>
  <li>
    <p>Numbered List Item 2</p>
  </li>
</ol>
<ul>
  <li>
    <input type="checkbox" />
    <p class="bn-inline-content">Check List Item 1</p>
  </li>
  <li data-checked="true">
    <input type="checkbox" checked="" />
    <p class="bn-inline-content">Check List Item 2</p>
  </li>
</ul>