{
  "request": {
    "method": "POST",
    "url": "https://api.openai.com/v1/responses",
    "body": "{\"model\":\"gpt-4o-2024-08-06\",\"input\":[{\"role\":\"system\",\"content\":\"You're manipulating a text document using HTML blocks. \\n        Make sure to follow the json schema provided. When referencing ids they MUST be EXACTLY the same (including the trailing $). \\n        List items are 1 block with 1 list item each, so block content `<ul><li>item1</li></ul>` is valid, but `<ul><li>item1</li><li>item2</li></ul>` is invalid. We'll merge them automatically.\\n        For code blocks, you can use the `data-language` attribute on a <code> block (wrapped with <pre>) to specify the language.\\n        This is the initial document as an array of html blocks (the cursor is BETWEEN two blocks as indicated by cursor: true):\"},{\"role\":\"system\",\"content\":\"[{\\\"id\\\":\\\"ref1$\\\",\\\"block\\\":\\\"<p style=\\\\\\\"background-color: rgb(251, 228, 228);\\\\\\\" data-background-color=\\\\\\\"red\\\\\\\">Colored text</p>\\\"},{\\\"cursor\\\":true},{\\\"id\\\":\\\"ref2$\\\",\\\"block\\\":\\\"<p style=\\\\\\\"text-align: right;\\\\\\\" data-text-alignment=\\\\\\\"right\\\\\\\">Aligned text</p>\\\"}]\"},{\"role\":\"system\",\"content\":\"First, determine what part of the document the user is talking about. You SHOULD probably take cursor info into account if needed.\\n       EXAMPLE: if user says \\\"below\\\" (without pointing to a specific part of the document) he / she probably indicates the block(s) after the cursor. \\n       EXAMPLE: If you want to insert content AT the cursor position (UNLESS indicated otherwise by the user), \\n       then you need `referenceId` to point to the block before the cursor with position `after` (or block below and `before`).\\n      \\n      Prefer updating existing blocks over removing and adding (but this also depends on the user's question).\"},{\"role\":\"user\",\"content\":[{\"type\":\"input_text\",\"text\":\"clear the formatting (colors and alignment)\"}]}],\"tools\":[{\"type\":\"function\",\"name\":\"applyDocumentOperations\",\"parameters\":{\"type\":\"object\",\"properties\":{\"operations\":{\"type\":\"array\",\"items\":{\"anyOf\":[{\"type\":\"object\",\"description\":\"Update a block\",\"properties\":{\"type\":{\"type\":\"string\",\"enum\":[\"update\"]},\"id\":{\"type\":\"string\",\"description\":\"id of block to update\"},\"block\":{\"type\":\"string\",\"description\":\"html of block (MUST be a single HTML element)\"}},\"required\":[\"type\",\"id\",\"block\"],\"additionalProperties\":false},{\"type\":\"object\",\"description\":\"Insert new blocks\",\"properties\":{\"type\":{\"type\":\"string\",\"enum\":[\"add\"]},\"referenceId\":{\"type\":\"string\",\"description\":\"MUST be an id of a block in the document\"},\"position\":{\"type\":\"string\",\"enum\":[\"before\",\"after\"],\"description\":\"`after` to add blocks AFTER (below) the block with `referenceId`, `before` to add the block BEFORE (above)\"},\"blocks\":{\"items\":{\"type\":\"string\",\"description\":\"html of block (MUST be a single, VALID HTML element)\"},\"type\":\"array\"}},\"required\":[\"type\",\"referenceId\",\"position\",\"blocks\"],\"additionalProperties\":false},{\"type\":\"object\",\"description\":\"Delete a block\",\"properties\":{\"type\":{\"type\":\"string\",\"enum\":[\"delete\"]},\"id\":{\"type\":\"string\",\"description\":\"id of block to delete\"}},\"required\":[\"type\",\"id\"],\"additionalProperties\":false}]}}},\"additionalProperties\":false,\"required\":[\"operations\"]},\"strict\":false}],\"tool_choice\":\"required\",\"stream\":true}",
    "headers": [],
    "cookies": []
  },
  "response": {
    "status": 200,
    "statusText": "",
    "body": "event: response.created\ndata: {\"type\":\"response.created\",\"sequence_number\":0,\"response\":{\"id\":\"resp_68d4e7c97e508194915bb3eff6990b9b079ee81e68f75c1e\",\"object\":\"response\",\"created_at\":1758783433,\"status\":\"in_progress\",\"background\":false,\"error\":null,\"incomplete_details\":null,\"instructions\":null,\"max_output_tokens\":null,\"max_tool_calls\":null,\"model\":\"gpt-4o-2024-08-06\",\"output\":[],\"parallel_tool_calls\":true,\"previous_response_id\":null,\"prompt_cache_key\":null,\"reasoning\":{\"effort\":null,\"summary\":null},\"safety_identifier\":null,\"service_tier\":\"auto\",\"store\":true,\"temperature\":1.0,\"text\":{\"format\":{\"type\":\"text\"},\"verbosity\":\"medium\"},\"tool_choice\":\"required\",\"tools\":[{\"type\":\"function\",\"description\":null,\"name\":\"applyDocumentOperations\",\"parameters\":{\"type\":\"object\",\"properties\":{\"operations\":{\"type\":\"array\",\"items\":{\"anyOf\":[{\"type\":\"object\",\"description\":\"Update a block\",\"properties\":{\"type\":{\"type\":\"string\",\"enum\":[\"update\"]},\"id\":{\"type\":\"string\",\"description\":\"id of block to update\"},\"block\":{\"type\":\"string\",\"description\":\"html of block (MUST be a single HTML element)\"}},\"required\":[\"type\",\"id\",\"block\"],\"additionalProperties\":false},{\"type\":\"object\",\"description\":\"Insert new blocks\",\"properties\":{\"type\":{\"type\":\"string\",\"enum\":[\"add\"]},\"referenceId\":{\"type\":\"string\",\"description\":\"MUST be an id of a block in the document\"},\"position\":{\"type\":\"string\",\"enum\":[\"before\",\"after\"],\"description\":\"`after` to add blocks AFTER (below) the block with `referenceId`, `before` to add the block BEFORE (above)\"},\"blocks\":{\"items\":{\"type\":\"string\",\"description\":\"html of block (MUST be a single, VALID HTML element)\"},\"type\":\"array\"}},\"required\":[\"type\",\"referenceId\",\"position\",\"blocks\"],\"additionalProperties\":false},{\"type\":\"object\",\"description\":\"Delete a block\",\"properties\":{\"type\":{\"type\":\"string\",\"enum\":[\"delete\"]},\"id\":{\"type\":\"string\",\"description\":\"id of block to delete\"}},\"required\":[\"type\",\"id\"],\"additionalProperties\":false}]}}},\"additionalProperties\":false,\"required\":[\"operations\"]},\"strict\":false}],\"top_logprobs\":0,\"top_p\":1.0,\"truncation\":\"disabled\",\"usage\":null,\"user\":null,\"metadata\":{}}}\n\nevent: response.in_progress\ndata: {\"type\":\"response.in_progress\",\"sequence_number\":1,\"response\":{\"id\":\"resp_68d4e7c97e508194915bb3eff6990b9b079ee81e68f75c1e\",\"object\":\"response\",\"created_at\":1758783433,\"status\":\"in_progress\",\"background\":false,\"error\":null,\"incomplete_details\":null,\"instructions\":null,\"max_output_tokens\":null,\"max_tool_calls\":null,\"model\":\"gpt-4o-2024-08-06\",\"output\":[],\"parallel_tool_calls\":true,\"previous_response_id\":null,\"prompt_cache_key\":null,\"reasoning\":{\"effort\":null,\"summary\":null},\"safety_identifier\":null,\"service_tier\":\"auto\",\"store\":true,\"temperature\":1.0,\"text\":{\"format\":{\"type\":\"text\"},\"verbosity\":\"medium\"},\"tool_choice\":\"required\",\"tools\":[{\"type\":\"function\",\"description\":null,\"name\":\"applyDocumentOperations\",\"parameters\":{\"type\":\"object\",\"properties\":{\"operations\":{\"type\":\"array\",\"items\":{\"anyOf\":[{\"type\":\"object\",\"description\":\"Update a block\",\"properties\":{\"type\":{\"type\":\"string\",\"enum\":[\"update\"]},\"id\":{\"type\":\"string\",\"description\":\"id of block to update\"},\"block\":{\"type\":\"string\",\"description\":\"html of block (MUST be a single HTML element)\"}},\"required\":[\"type\",\"id\",\"block\"],\"additionalProperties\":false},{\"type\":\"object\",\"description\":\"Insert new blocks\",\"properties\":{\"type\":{\"type\":\"string\",\"enum\":[\"add\"]},\"referenceId\":{\"type\":\"string\",\"description\":\"MUST be an id of a block in the document\"},\"position\":{\"type\":\"string\",\"enum\":[\"before\",\"after\"],\"description\":\"`after` to add blocks AFTER (below) the block with `referenceId`, `before` to add the block BEFORE (above)\"},\"blocks\":{\"items\":{\"type\":\"string\",\"description\":\"html of block (MUST be a single, VALID HTML element)\"},\"type\":\"array\"}},\"required\":[\"type\",\"referenceId\",\"position\",\"blocks\"],\"additionalProperties\":false},{\"type\":\"object\",\"description\":\"Delete a block\",\"properties\":{\"type\":{\"type\":\"string\",\"enum\":[\"delete\"]},\"id\":{\"type\":\"string\",\"description\":\"id of block to delete\"}},\"required\":[\"type\",\"id\"],\"additionalProperties\":false}]}}},\"additionalProperties\":false,\"required\":[\"operations\"]},\"strict\":false}],\"top_logprobs\":0,\"top_p\":1.0,\"truncation\":\"disabled\",\"usage\":null,\"user\":null,\"metadata\":{}}}\n\nevent: response.output_item.added\ndata: {\"type\":\"response.output_item.added\",\"sequence_number\":2,\"output_index\":0,\"item\":{\"id\":\"fc_68d4e7ca0a14819489bdd6dae452bf5d079ee81e68f75c1e\",\"type\":\"function_call\",\"status\":\"in_progress\",\"arguments\":\"\",\"call_id\":\"call_7uYUcjheTbm5Mzc14xd3ToSY\",\"name\":\"applyDocumentOperations\"}}\n\nevent: response.function_call_arguments.delta\ndata: {\"type\":\"response.function_call_arguments.delta\",\"sequence_number\":3,\"item_id\":\"fc_68d4e7ca0a14819489bdd6dae452bf5d079ee81e68f75c1e\",\"output_index\":0,\"delta\":\"{\\\"\",\"obfuscation\":\"DOYXNazHwvpzVN\"}\n\nevent: response.function_call_arguments.delta\ndata: {\"type\":\"response.function_call_arguments.delta\",\"sequence_number\":4,\"item_id\":\"fc_68d4e7ca0a14819489bdd6dae452bf5d079ee81e68f75c1e\",\"output_index\":0,\"delta\":\"operations\",\"obfuscation\":\"FVSfJh\"}\n\nevent: response.function_call_arguments.delta\ndata: {\"type\":\"response.function_call_arguments.delta\",\"sequence_number\":5,\"item_id\":\"fc_68d4e7ca0a14819489bdd6dae452bf5d079ee81e68f75c1e\",\"output_index\":0,\"delta\":\"\\\":[\",\"obfuscation\":\"RR2TLrdsHZbx4\"}\n\nevent: response.function_call_arguments.delta\ndata: {\"type\":\"response.function_call_arguments.delta\",\"sequence_number\":6,\"item_id\":\"fc_68d4e7ca0a14819489bdd6dae452bf5d079ee81e68f75c1e\",\"output_index\":0,\"delta\":\"{\\\"\",\"obfuscation\":\"QbMl7G3yy61F20\"}\n\nevent: response.function_call_arguments.delta\ndata: {\"type\":\"response.function_call_arguments.delta\",\"sequence_number\":7,\"item_id\":\"fc_68d4e7ca0a14819489bdd6dae452bf5d079ee81e68f75c1e\",\"output_index\":0,\"delta\":\"type\",\"obfuscation\":\"Lz0Qj8TwrXDl\"}\n\nevent: response.function_call_arguments.delta\ndata: {\"type\":\"response.function_call_arguments.delta\",\"sequence_number\":8,\"item_id\":\"fc_68d4e7ca0a14819489bdd6dae452bf5d079ee81e68f75c1e\",\"output_index\":0,\"delta\":\"\\\":\\\"\",\"obfuscation\":\"MsU9bMNGzUMMT\"}\n\nevent: response.function_call_arguments.delta\ndata: {\"type\":\"response.function_call_arguments.delta\",\"sequence_number\":9,\"item_id\":\"fc_68d4e7ca0a14819489bdd6dae452bf5d079ee81e68f75c1e\",\"output_index\":0,\"delta\":\"update\",\"obfuscation\":\"HY1omQstWa\"}\n\nevent: response.function_call_arguments.delta\ndata: {\"type\":\"response.function_call_arguments.delta\",\"sequence_number\":10,\"item_id\":\"fc_68d4e7ca0a14819489bdd6dae452bf5d079ee81e68f75c1e\",\"output_index\":0,\"delta\":\"\\\",\\\"\",\"obfuscation\":\"1fB8t9J5hfOW4\"}\n\nevent: response.function_call_arguments.delta\ndata: {\"type\":\"response.function_call_arguments.delta\",\"sequence_number\":11,\"item_id\":\"fc_68d4e7ca0a14819489bdd6dae452bf5d079ee81e68f75c1e\",\"output_index\":0,\"delta\":\"id\",\"obfuscation\":\"TIagU2czrszEP4\"}\n\nevent: response.function_call_arguments.delta\ndata: {\"type\":\"response.function_call_arguments.delta\",\"sequence_number\":12,\"item_id\":\"fc_68d4e7ca0a14819489bdd6dae452bf5d079ee81e68f75c1e\",\"output_index\":0,\"delta\":\"\\\":\\\"\",\"obfuscation\":\"WXZmpbnLF63bi\"}\n\nevent: response.function_call_arguments.delta\ndata: {\"type\":\"response.function_call_arguments.delta\",\"sequence_number\":13,\"item_id\":\"fc_68d4e7ca0a14819489bdd6dae452bf5d079ee81e68f75c1e\",\"output_index\":0,\"delta\":\"ref\",\"obfuscation\":\"mqDYtk2JVAgrU\"}\n\nevent: response.function_call_arguments.delta\ndata: {\"type\":\"response.function_call_arguments.delta\",\"sequence_number\":14,\"item_id\":\"fc_68d4e7ca0a14819489bdd6dae452bf5d079ee81e68f75c1e\",\"output_index\":0,\"delta\":\"1\",\"obfuscation\":\"OtopZzIZRas3fBY\"}\n\nevent: response.function_call_arguments.delta\ndata: {\"type\":\"response.function_call_arguments.delta\",\"sequence_number\":15,\"item_id\":\"fc_68d4e7ca0a14819489bdd6dae452bf5d079ee81e68f75c1e\",\"output_index\":0,\"delta\":\"$\",\"obfuscation\":\"WCzEICgMmxEF0o7\"}\n\nevent: response.function_call_arguments.delta\ndata: {\"type\":\"response.function_call_arguments.delta\",\"sequence_number\":16,\"item_id\":\"fc_68d4e7ca0a14819489bdd6dae452bf5d079ee81e68f75c1e\",\"output_index\":0,\"delta\":\"\\\",\\\"\",\"obfuscation\":\"WbNP4nob2zIYG\"}\n\nevent: response.function_call_arguments.delta\ndata: {\"type\":\"response.function_call_arguments.delta\",\"sequence_number\":17,\"item_id\":\"fc_68d4e7ca0a14819489bdd6dae452bf5d079ee81e68f75c1e\",\"output_index\":0,\"delta\":\"block\",\"obfuscation\":\"7qUEG3aBKzh\"}\n\nevent: response.function_call_arguments.delta\ndata: {\"type\":\"response.function_call_arguments.delta\",\"sequence_number\":18,\"item_id\":\"fc_68d4e7ca0a14819489bdd6dae452bf5d079ee81e68f75c1e\",\"output_index\":0,\"delta\":\"\\\":\\\"\",\"obfuscation\":\"z9ETyashbS0sz\"}\n\nevent: response.function_call_arguments.delta\ndata: {\"type\":\"response.function_call_arguments.delta\",\"sequence_number\":19,\"item_id\":\"fc_68d4e7ca0a14819489bdd6dae452bf5d079ee81e68f75c1e\",\"output_index\":0,\"delta\":\"<\",\"obfuscation\":\"lU596hUHW3aWsyV\"}\n\nevent: response.function_call_arguments.delta\ndata: {\"type\":\"response.function_call_arguments.delta\",\"sequence_number\":20,\"item_id\":\"fc_68d4e7ca0a14819489bdd6dae452bf5d079ee81e68f75c1e\",\"output_index\":0,\"delta\":\"p\",\"obfuscation\":\"bqvngTE7NYRBIsV\"}\n\nevent: response.function_call_arguments.delta\ndata: {\"type\":\"response.function_call_arguments.delta\",\"sequence_number\":21,\"item_id\":\"fc_68d4e7ca0a14819489bdd6dae452bf5d079ee81e68f75c1e\",\"output_index\":0,\"delta\":\">\",\"obfuscation\":\"sBMHSpplCOKnvRY\"}\n\nevent: response.function_call_arguments.delta\ndata: {\"type\":\"response.function_call_arguments.delta\",\"sequence_number\":22,\"item_id\":\"fc_68d4e7ca0a14819489bdd6dae452bf5d079ee81e68f75c1e\",\"output_index\":0,\"delta\":\"Colored\",\"obfuscation\":\"e6p8d3d25\"}\n\nevent: response.function_call_arguments.delta\ndata: {\"type\":\"response.function_call_arguments.delta\",\"sequence_number\":23,\"item_id\":\"fc_68d4e7ca0a14819489bdd6dae452bf5d079ee81e68f75c1e\",\"output_index\":0,\"delta\":\" text\",\"obfuscation\":\"D515wasGoFB\"}\n\nevent: response.function_call_arguments.delta\ndata: {\"type\":\"response.function_call_arguments.delta\",\"sequence_number\":24,\"item_id\":\"fc_68d4e7ca0a14819489bdd6dae452bf5d079ee81e68f75c1e\",\"output_index\":0,\"delta\":\"</\",\"obfuscation\":\"ARACVmnRgWC1Iz\"}\n\nevent: response.function_call_arguments.delta\ndata: {\"type\":\"response.function_call_arguments.delta\",\"sequence_number\":25,\"item_id\":\"fc_68d4e7ca0a14819489bdd6dae452bf5d079ee81e68f75c1e\",\"output_index\":0,\"delta\":\"p\",\"obfuscation\":\"p5QyyHgAphg4FwA\"}\n\nevent: response.function_call_arguments.delta\ndata: {\"type\":\"response.function_call_arguments.delta\",\"sequence_number\":26,\"item_id\":\"fc_68d4e7ca0a14819489bdd6dae452bf5d079ee81e68f75c1e\",\"output_index\":0,\"delta\":\">\\\"\",\"obfuscation\":\"Tabz8rgYyjUu3K\"}\n\nevent: response.function_call_arguments.delta\ndata: {\"type\":\"response.function_call_arguments.delta\",\"sequence_number\":27,\"item_id\":\"fc_68d4e7ca0a14819489bdd6dae452bf5d079ee81e68f75c1e\",\"output_index\":0,\"delta\":\"},{\\\"\",\"obfuscation\":\"3iT2XbB9HjCv\"}\n\nevent: response.function_call_arguments.delta\ndata: {\"type\":\"response.function_call_arguments.delta\",\"sequence_number\":28,\"item_id\":\"fc_68d4e7ca0a14819489bdd6dae452bf5d079ee81e68f75c1e\",\"output_index\":0,\"delta\":\"type\",\"obfuscation\":\"P7iGsRuin2tL\"}\n\nevent: response.function_call_arguments.delta\ndata: {\"type\":\"response.function_call_arguments.delta\",\"sequence_number\":29,\"item_id\":\"fc_68d4e7ca0a14819489bdd6dae452bf5d079ee81e68f75c1e\",\"output_index\":0,\"delta\":\"\\\":\\\"\",\"obfuscation\":\"nD1rgvZMjs2oa\"}\n\nevent: response.function_call_arguments.delta\ndata: {\"type\":\"response.function_call_arguments.delta\",\"sequence_number\":30,\"item_id\":\"fc_68d4e7ca0a14819489bdd6dae452bf5d079ee81e68f75c1e\",\"output_index\":0,\"delta\":\"update\",\"obfuscation\":\"DaQLON8POm\"}\n\nevent: response.function_call_arguments.delta\ndata: {\"type\":\"response.function_call_arguments.delta\",\"sequence_number\":31,\"item_id\":\"fc_68d4e7ca0a14819489bdd6dae452bf5d079ee81e68f75c1e\",\"output_index\":0,\"delta\":\"\\\",\\\"\",\"obfuscation\":\"0vjdtTVK3JFu7\"}\n\nevent: response.function_call_arguments.delta\ndata: {\"type\":\"response.function_call_arguments.delta\",\"sequence_number\":32,\"item_id\":\"fc_68d4e7ca0a14819489bdd6dae452bf5d079ee81e68f75c1e\",\"output_index\":0,\"delta\":\"id\",\"obfuscation\":\"wQIOaC4iyHt1oJ\"}\n\nevent: response.function_call_arguments.delta\ndata: {\"type\":\"response.function_call_arguments.delta\",\"sequence_number\":33,\"item_id\":\"fc_68d4e7ca0a14819489bdd6dae452bf5d079ee81e68f75c1e\",\"output_index\":0,\"delta\":\"\\\":\\\"\",\"obfuscation\":\"I0jXNE6sGV2nn\"}\n\nevent: response.function_call_arguments.delta\ndata: {\"type\":\"response.function_call_arguments.delta\",\"sequence_number\":34,\"item_id\":\"fc_68d4e7ca0a14819489bdd6dae452bf5d079ee81e68f75c1e\",\"output_index\":0,\"delta\":\"ref\",\"obfuscation\":\"M65D2vENSHwnS\"}\n\nevent: response.function_call_arguments.delta\ndata: {\"type\":\"response.function_call_arguments.delta\",\"sequence_number\":35,\"item_id\":\"fc_68d4e7ca0a14819489bdd6dae452bf5d079ee81e68f75c1e\",\"output_index\":0,\"delta\":\"2\",\"obfuscation\":\"7lfaW0xyABg9qxc\"}\n\nevent: response.function_call_arguments.delta\ndata: {\"type\":\"response.function_call_arguments.delta\",\"sequence_number\":36,\"item_id\":\"fc_68d4e7ca0a14819489bdd6dae452bf5d079ee81e68f75c1e\",\"output_index\":0,\"delta\":\"$\",\"obfuscation\":\"xebQ5BPSezDzhUr\"}\n\nevent: response.function_call_arguments.delta\ndata: {\"type\":\"response.function_call_arguments.delta\",\"sequence_number\":37,\"item_id\":\"fc_68d4e7ca0a14819489bdd6dae452bf5d079ee81e68f75c1e\",\"output_index\":0,\"delta\":\"\\\",\\\"\",\"obfuscation\":\"rzBpoETrXRKj5\"}\n\nevent: response.function_call_arguments.delta\ndata: {\"type\":\"response.function_call_arguments.delta\",\"sequence_number\":38,\"item_id\":\"fc_68d4e7ca0a14819489bdd6dae452bf5d079ee81e68f75c1e\",\"output_index\":0,\"delta\":\"block\",\"obfuscation\":\"zV4GjilHb4M\"}\n\nevent: response.function_call_arguments.delta\ndata: {\"type\":\"response.function_call_arguments.delta\",\"sequence_number\":39,\"item_id\":\"fc_68d4e7ca0a14819489bdd6dae452bf5d079ee81e68f75c1e\",\"output_index\":0,\"delta\":\"\\\":\\\"\",\"obfuscation\":\"10gaxcsPqRJNS\"}\n\nevent: response.function_call_arguments.delta\ndata: {\"type\":\"response.function_call_arguments.delta\",\"sequence_number\":40,\"item_id\":\"fc_68d4e7ca0a14819489bdd6dae452bf5d079ee81e68f75c1e\",\"output_index\":0,\"delta\":\"<\",\"obfuscation\":\"i10TOmXPL7hRMGf\"}\n\nevent: response.function_call_arguments.delta\ndata: {\"type\":\"response.function_call_arguments.delta\",\"sequence_number\":41,\"item_id\":\"fc_68d4e7ca0a14819489bdd6dae452bf5d079ee81e68f75c1e\",\"output_index\":0,\"delta\":\"p\",\"obfuscation\":\"XcGio6W1G8Huk7a\"}\n\nevent: response.function_call_arguments.delta\ndata: {\"type\":\"response.function_call_arguments.delta\",\"sequence_number\":42,\"item_id\":\"fc_68d4e7ca0a14819489bdd6dae452bf5d079ee81e68f75c1e\",\"output_index\":0,\"delta\":\">\",\"obfuscation\":\"F1Ylrwl6cyhO95o\"}\n\nevent: response.function_call_arguments.delta\ndata: {\"type\":\"response.function_call_arguments.delta\",\"sequence_number\":43,\"item_id\":\"fc_68d4e7ca0a14819489bdd6dae452bf5d079ee81e68f75c1e\",\"output_index\":0,\"delta\":\"Aligned\",\"obfuscation\":\"pbMyqrVlT\"}\n\nevent: response.function_call_arguments.delta\ndata: {\"type\":\"response.function_call_arguments.delta\",\"sequence_number\":44,\"item_id\":\"fc_68d4e7ca0a14819489bdd6dae452bf5d079ee81e68f75c1e\",\"output_index\":0,\"delta\":\" text\",\"obfuscation\":\"qJqn3NQ4ZdG\"}\n\nevent: response.function_call_arguments.delta\ndata: {\"type\":\"response.function_call_arguments.delta\",\"sequence_number\":45,\"item_id\":\"fc_68d4e7ca0a14819489bdd6dae452bf5d079ee81e68f75c1e\",\"output_index\":0,\"delta\":\"</\",\"obfuscation\":\"3dImYgBvjpKykk\"}\n\nevent: response.function_call_arguments.delta\ndata: {\"type\":\"response.function_call_arguments.delta\",\"sequence_number\":46,\"item_id\":\"fc_68d4e7ca0a14819489bdd6dae452bf5d079ee81e68f75c1e\",\"output_index\":0,\"delta\":\"p\",\"obfuscation\":\"tzOciqh4Fc9vbfb\"}\n\nevent: response.function_call_arguments.delta\ndata: {\"type\":\"response.function_call_arguments.delta\",\"sequence_number\":47,\"item_id\":\"fc_68d4e7ca0a14819489bdd6dae452bf5d079ee81e68f75c1e\",\"output_index\":0,\"delta\":\">\",\"obfuscation\":\"OEbTTCx7tHt7JUy\"}\n\nevent: response.function_call_arguments.delta\ndata: {\"type\":\"response.function_call_arguments.delta\",\"sequence_number\":48,\"item_id\":\"fc_68d4e7ca0a14819489bdd6dae452bf5d079ee81e68f75c1e\",\"output_index\":0,\"delta\":\"\\\"}\",\"obfuscation\":\"26M1Sb0kMwzxz7\"}\n\nevent: response.function_call_arguments.delta\ndata: {\"type\":\"response.function_call_arguments.delta\",\"sequence_number\":49,\"item_id\":\"fc_68d4e7ca0a14819489bdd6dae452bf5d079ee81e68f75c1e\",\"output_index\":0,\"delta\":\"]}\",\"obfuscation\":\"Fe1niifp4GJQU8\"}\n\nevent: response.function_call_arguments.done\ndata: {\"type\":\"response.function_call_arguments.done\",\"sequence_number\":50,\"item_id\":\"fc_68d4e7ca0a14819489bdd6dae452bf5d079ee81e68f75c1e\",\"output_index\":0,\"arguments\":\"{\\\"operations\\\":[{\\\"type\\\":\\\"update\\\",\\\"id\\\":\\\"ref1$\\\",\\\"block\\\":\\\"<p>Colored text</p>\\\"},{\\\"type\\\":\\\"update\\\",\\\"id\\\":\\\"ref2$\\\",\\\"block\\\":\\\"<p>Aligned text</p>\\\"}]}\"}\n\nevent: response.output_item.done\ndata: {\"type\":\"response.output_item.done\",\"sequence_number\":51,\"output_index\":0,\"item\":{\"id\":\"fc_68d4e7ca0a14819489bdd6dae452bf5d079ee81e68f75c1e\",\"type\":\"function_call\",\"status\":\"completed\",\"arguments\":\"{\\\"operations\\\":[{\\\"type\\\":\\\"update\\\",\\\"id\\\":\\\"ref1$\\\",\\\"block\\\":\\\"<p>Colored text</p>\\\"},{\\\"type\\\":\\\"update\\\",\\\"id\\\":\\\"ref2$\\\",\\\"block\\\":\\\"<p>Aligned text</p>\\\"}]}\",\"call_id\":\"call_7uYUcjheTbm5Mzc14xd3ToSY\",\"name\":\"applyDocumentOperations\"}}\n\nevent: response.completed\ndata: {\"type\":\"response.completed\",\"sequence_number\":52,\"response\":{\"id\":\"resp_68d4e7c97e508194915bb3eff6990b9b079ee81e68f75c1e\",\"object\":\"response\",\"created_at\":1758783433,\"status\":\"completed\",\"background\":false,\"error\":null,\"incomplete_details\":null,\"instructions\":null,\"max_output_tokens\":null,\"max_tool_calls\":null,\"model\":\"gpt-4o-2024-08-06\",\"output\":[{\"id\":\"fc_68d4e7ca0a14819489bdd6dae452bf5d079ee81e68f75c1e\",\"type\":\"function_call\",\"status\":\"completed\",\"arguments\":\"{\\\"operations\\\":[{\\\"type\\\":\\\"update\\\",\\\"id\\\":\\\"ref1$\\\",\\\"block\\\":\\\"<p>Colored text</p>\\\"},{\\\"type\\\":\\\"update\\\",\\\"id\\\":\\\"ref2$\\\",\\\"block\\\":\\\"<p>Aligned text</p>\\\"}]}\",\"call_id\":\"call_7uYUcjheTbm5Mzc14xd3ToSY\",\"name\":\"applyDocumentOperations\"}],\"parallel_tool_calls\":true,\"previous_response_id\":null,\"prompt_cache_key\":null,\"reasoning\":{\"effort\":null,\"summary\":null},\"safety_identifier\":null,\"service_tier\":\"default\",\"store\":true,\"temperature\":1.0,\"text\":{\"format\":{\"type\":\"text\"},\"verbosity\":\"medium\"},\"tool_choice\":\"required\",\"tools\":[{\"type\":\"function\",\"description\":null,\"name\":\"applyDocumentOperations\",\"parameters\":{\"type\":\"object\",\"properties\":{\"operations\":{\"type\":\"array\",\"items\":{\"anyOf\":[{\"type\":\"object\",\"description\":\"Update a block\",\"properties\":{\"type\":{\"type\":\"string\",\"enum\":[\"update\"]},\"id\":{\"type\":\"string\",\"description\":\"id of block to update\"},\"block\":{\"type\":\"string\",\"description\":\"html of block (MUST be a single HTML element)\"}},\"required\":[\"type\",\"id\",\"block\"],\"additionalProperties\":false},{\"type\":\"object\",\"description\":\"Insert new blocks\",\"properties\":{\"type\":{\"type\":\"string\",\"enum\":[\"add\"]},\"referenceId\":{\"type\":\"string\",\"description\":\"MUST be an id of a block in the document\"},\"position\":{\"type\":\"string\",\"enum\":[\"before\",\"after\"],\"description\":\"`after` to add blocks AFTER (below) the block with `referenceId`, `before` to add the block BEFORE (above)\"},\"blocks\":{\"items\":{\"type\":\"string\",\"description\":\"html of block (MUST be a single, VALID HTML element)\"},\"type\":\"array\"}},\"required\":[\"type\",\"referenceId\",\"position\",\"blocks\"],\"additionalProperties\":false},{\"type\":\"object\",\"description\":\"Delete a block\",\"properties\":{\"type\":{\"type\":\"string\",\"enum\":[\"delete\"]},\"id\":{\"type\":\"string\",\"description\":\"id of block to delete\"}},\"required\":[\"type\",\"id\"],\"additionalProperties\":false}]}}},\"additionalProperties\":false,\"required\":[\"operations\"]},\"strict\":false}],\"top_logprobs\":0,\"top_p\":1.0,\"truncation\":\"disabled\",\"usage\":{\"input_tokens\":576,\"input_tokens_details\":{\"cached_tokens\":0},\"output_tokens\":48,\"output_tokens_details\":{\"reasoning_tokens\":0},\"total_tokens\":624},\"user\":null,\"metadata\":{}}}\n\n",
    "headers": []
  }
}