{
  "request": {
    "method": "POST",
    "url": "https://localhost:3000/ai/proxy?provider=openai&url=https%3A%2F%2Fapi.openai.com%2Fv1%2Fresponses",
    "body": "{\"model\":\"gpt-4o-2024-08-06\",\"input\":[{\"role\":\"system\",\"content\":\"You're manipulating a text document using HTML blocks. \\n        Make sure to follow the json schema provided. When referencing ids they MUST be EXACTLY the same (including the trailing $). \\n        List items are 1 block with 1 list item each, so block content `<ul><li>item1</li></ul>` is valid, but `<ul><li>item1</li><li>item2</li></ul>` is invalid. We'll merge them automatically.\\n        For code blocks, you can use the `data-language` attribute on a code block to specify the language.\\n        This is the initial document as an array of html blocks (the cursor is BETWEEN two blocks as indicated by cursor: true):\"},{\"role\":\"system\",\"content\":\"[{\\\"id\\\":\\\"ref1$\\\",\\\"block\\\":\\\"<p>Hello, world!</p>\\\"},{\\\"cursor\\\":true},{\\\"id\\\":\\\"ref2$\\\",\\\"block\\\":\\\"<p>Hello, <span data-inline-content-type=\\\\\\\"mention\\\\\\\" data-user=\\\\\\\"John Doe\\\\\\\">@John Doe</span>! <strong>How are you doing?</strong> <span data-text-color=\\\\\\\"blue\\\\\\\">This text is blue!</span></p>\\\"},{\\\"id\\\":\\\"ref3$\\\",\\\"block\\\":\\\"<p>Hello, world! <strong>Bold text. </strong><a target=\\\\\\\"_blank\\\\\\\" rel=\\\\\\\"noopener noreferrer nofollow\\\\\\\" href=\\\\\\\"https://www.google.com\\\\\\\">Link.</a></p>\\\"}]\"},{\"role\":\"system\",\"content\":\"First, determine what part of the document the user is talking about. You SHOULD probably take cursor info into account if needed.\\n       EXAMPLE: if user says \\\"below\\\" (without pointing to a specific part of the document) he / she probably indicates the block(s) after the cursor. \\n       EXAMPLE: If you want to insert content AT the cursor position (UNLESS indicated otherwise by the user), \\n       then you need `referenceId` to point to the block before the cursor with position `after` (or block below and `before`).\\n      \\n      Prefer updating existing blocks over removing and adding (but this also depends on the user's question).\"},{\"role\":\"user\",\"content\":[{\"type\":\"input_text\",\"text\":\"translate the first paragraph to german\"}]}],\"text\":{\"format\":{\"type\":\"json_schema\",\"strict\":false,\"name\":\"response\",\"schema\":{\"type\":\"object\",\"properties\":{\"operations\":{\"type\":\"array\",\"items\":{\"anyOf\":[{\"type\":\"object\",\"description\":\"Update a block\",\"properties\":{\"type\":{\"type\":\"string\",\"enum\":[\"update\"]},\"id\":{\"type\":\"string\",\"description\":\"id of block to update\"},\"block\":{\"type\":\"string\",\"description\":\"html of block (MUST be a single HTML element)\"}},\"required\":[\"type\",\"id\",\"block\"],\"additionalProperties\":false},{\"type\":\"object\",\"description\":\"Insert new blocks\",\"properties\":{\"type\":{\"type\":\"string\",\"enum\":[\"add\"]},\"referenceId\":{\"type\":\"string\",\"description\":\"MUST be an id of a block in the document\"},\"position\":{\"type\":\"string\",\"enum\":[\"before\",\"after\"],\"description\":\"`after` to add blocks AFTER (below) the block with `referenceId`, `before` to add the block BEFORE (above)\"},\"blocks\":{\"items\":{\"type\":\"string\",\"description\":\"html of block (MUST be a single HTML element)\"},\"type\":\"array\"}},\"required\":[\"type\",\"referenceId\",\"position\",\"blocks\"],\"additionalProperties\":false},{\"type\":\"object\",\"description\":\"Delete a block\",\"properties\":{\"type\":{\"type\":\"string\",\"enum\":[\"delete\"]},\"id\":{\"type\":\"string\",\"description\":\"id of block to delete\"}},\"required\":[\"type\",\"id\"],\"additionalProperties\":false}]}}},\"additionalProperties\":false,\"required\":[\"operations\"]}}},\"stream\":true}",
    "headers": [],
    "cookies": []
  },
  "response": {
    "status": 200,
    "statusText": "",
    "body": "event: response.created\ndata: {\"type\":\"response.created\",\"sequence_number\":0,\"response\":{\"id\":\"resp_03091ee8ee0e5cb00068cad55e75788197982d674f59116b9e\",\"object\":\"response\",\"created_at\":1758123358,\"status\":\"in_progress\",\"background\":false,\"error\":null,\"incomplete_details\":null,\"instructions\":null,\"max_output_tokens\":null,\"max_tool_calls\":null,\"model\":\"gpt-4o-2024-08-06\",\"output\":[],\"parallel_tool_calls\":true,\"previous_response_id\":null,\"prompt_cache_key\":null,\"reasoning\":{\"effort\":null,\"summary\":null},\"safety_identifier\":null,\"service_tier\":\"auto\",\"store\":true,\"temperature\":1.0,\"text\":{\"format\":{\"type\":\"json_schema\",\"description\":null,\"name\":\"response\",\"schema\":{\"type\":\"object\",\"properties\":{\"operations\":{\"type\":\"array\",\"items\":{\"anyOf\":[{\"type\":\"object\",\"description\":\"Update a block\",\"properties\":{\"type\":{\"type\":\"string\",\"enum\":[\"update\"]},\"id\":{\"type\":\"string\",\"description\":\"id of block to update\"},\"block\":{\"type\":\"string\",\"description\":\"html of block (MUST be a single HTML element)\"}},\"required\":[\"type\",\"id\",\"block\"],\"additionalProperties\":false},{\"type\":\"object\",\"description\":\"Insert new blocks\",\"properties\":{\"type\":{\"type\":\"string\",\"enum\":[\"add\"]},\"referenceId\":{\"type\":\"string\",\"description\":\"MUST be an id of a block in the document\"},\"position\":{\"type\":\"string\",\"enum\":[\"before\",\"after\"],\"description\":\"`after` to add blocks AFTER (below) the block with `referenceId`, `before` to add the block BEFORE (above)\"},\"blocks\":{\"items\":{\"type\":\"string\",\"description\":\"html of block (MUST be a single HTML element)\"},\"type\":\"array\"}},\"required\":[\"type\",\"referenceId\",\"position\",\"blocks\"],\"additionalProperties\":false},{\"type\":\"object\",\"description\":\"Delete a block\",\"properties\":{\"type\":{\"type\":\"string\",\"enum\":[\"delete\"]},\"id\":{\"type\":\"string\",\"description\":\"id of block to delete\"}},\"required\":[\"type\",\"id\"],\"additionalProperties\":false}]}}},\"additionalProperties\":false,\"required\":[\"operations\"]},\"strict\":false},\"verbosity\":\"medium\"},\"tool_choice\":\"auto\",\"tools\":[],\"top_logprobs\":0,\"top_p\":1.0,\"truncation\":\"disabled\",\"usage\":null,\"user\":null,\"metadata\":{}}}\n\nevent: response.in_progress\ndata: {\"type\":\"response.in_progress\",\"sequence_number\":1,\"response\":{\"id\":\"resp_03091ee8ee0e5cb00068cad55e75788197982d674f59116b9e\",\"object\":\"response\",\"created_at\":1758123358,\"status\":\"in_progress\",\"background\":false,\"error\":null,\"incomplete_details\":null,\"instructions\":null,\"max_output_tokens\":null,\"max_tool_calls\":null,\"model\":\"gpt-4o-2024-08-06\",\"output\":[],\"parallel_tool_calls\":true,\"previous_response_id\":null,\"prompt_cache_key\":null,\"reasoning\":{\"effort\":null,\"summary\":null},\"safety_identifier\":null,\"service_tier\":\"auto\",\"store\":true,\"temperature\":1.0,\"text\":{\"format\":{\"type\":\"json_schema\",\"description\":null,\"name\":\"response\",\"schema\":{\"type\":\"object\",\"properties\":{\"operations\":{\"type\":\"array\",\"items\":{\"anyOf\":[{\"type\":\"object\",\"description\":\"Update a block\",\"properties\":{\"type\":{\"type\":\"string\",\"enum\":[\"update\"]},\"id\":{\"type\":\"string\",\"description\":\"id of block to update\"},\"block\":{\"type\":\"string\",\"description\":\"html of block (MUST be a single HTML element)\"}},\"required\":[\"type\",\"id\",\"block\"],\"additionalProperties\":false},{\"type\":\"object\",\"description\":\"Insert new blocks\",\"properties\":{\"type\":{\"type\":\"string\",\"enum\":[\"add\"]},\"referenceId\":{\"type\":\"string\",\"description\":\"MUST be an id of a block in the document\"},\"position\":{\"type\":\"string\",\"enum\":[\"before\",\"after\"],\"description\":\"`after` to add blocks AFTER (below) the block with `referenceId`, `before` to add the block BEFORE (above)\"},\"blocks\":{\"items\":{\"type\":\"string\",\"description\":\"html of block (MUST be a single HTML element)\"},\"type\":\"array\"}},\"required\":[\"type\",\"referenceId\",\"position\",\"blocks\"],\"additionalProperties\":false},{\"type\":\"object\",\"description\":\"Delete a block\",\"properties\":{\"type\":{\"type\":\"string\",\"enum\":[\"delete\"]},\"id\":{\"type\":\"string\",\"description\":\"id of block to delete\"}},\"required\":[\"type\",\"id\"],\"additionalProperties\":false}]}}},\"additionalProperties\":false,\"required\":[\"operations\"]},\"strict\":false},\"verbosity\":\"medium\"},\"tool_choice\":\"auto\",\"tools\":[],\"top_logprobs\":0,\"top_p\":1.0,\"truncation\":\"disabled\",\"usage\":null,\"user\":null,\"metadata\":{}}}\n\nevent: response.output_item.added\ndata: {\"type\":\"response.output_item.added\",\"sequence_number\":2,\"output_index\":0,\"item\":{\"id\":\"msg_03091ee8ee0e5cb00068cad55f09b48197b7ab35d7544d8ea0\",\"type\":\"message\",\"status\":\"in_progress\",\"content\":[],\"role\":\"assistant\"}}\n\nevent: response.content_part.added\ndata: {\"type\":\"response.content_part.added\",\"sequence_number\":3,\"item_id\":\"msg_03091ee8ee0e5cb00068cad55f09b48197b7ab35d7544d8ea0\",\"output_index\":0,\"content_index\":0,\"part\":{\"type\":\"output_text\",\"annotations\":[],\"logprobs\":[],\"text\":\"\"}}\n\nevent: response.output_text.delta\ndata: {\"type\":\"response.output_text.delta\",\"sequence_number\":4,\"item_id\":\"msg_03091ee8ee0e5cb00068cad55f09b48197b7ab35d7544d8ea0\",\"output_index\":0,\"content_index\":0,\"delta\":\"{\\\"\",\"logprobs\":[],\"obfuscation\":\"HLt92VMu7Usmua\"}\n\nevent: response.output_text.delta\ndata: {\"type\":\"response.output_text.delta\",\"sequence_number\":5,\"item_id\":\"msg_03091ee8ee0e5cb00068cad55f09b48197b7ab35d7544d8ea0\",\"output_index\":0,\"content_index\":0,\"delta\":\"operations\",\"logprobs\":[],\"obfuscation\":\"GSLfUe\"}\n\nevent: response.output_text.delta\ndata: {\"type\":\"response.output_text.delta\",\"sequence_number\":6,\"item_id\":\"msg_03091ee8ee0e5cb00068cad55f09b48197b7ab35d7544d8ea0\",\"output_index\":0,\"content_index\":0,\"delta\":\"\\\":[\",\"logprobs\":[],\"obfuscation\":\"NtLlNHiijAKMA\"}\n\nevent: response.output_text.delta\ndata: {\"type\":\"response.output_text.delta\",\"sequence_number\":7,\"item_id\":\"msg_03091ee8ee0e5cb00068cad55f09b48197b7ab35d7544d8ea0\",\"output_index\":0,\"content_index\":0,\"delta\":\"{\\\"\",\"logprobs\":[],\"obfuscation\":\"imwFQCZZWEkF5H\"}\n\nevent: response.output_text.delta\ndata: {\"type\":\"response.output_text.delta\",\"sequence_number\":8,\"item_id\":\"msg_03091ee8ee0e5cb00068cad55f09b48197b7ab35d7544d8ea0\",\"output_index\":0,\"content_index\":0,\"delta\":\"type\",\"logprobs\":[],\"obfuscation\":\"S5wbVCGyKyLM\"}\n\nevent: response.output_text.delta\ndata: {\"type\":\"response.output_text.delta\",\"sequence_number\":9,\"item_id\":\"msg_03091ee8ee0e5cb00068cad55f09b48197b7ab35d7544d8ea0\",\"output_index\":0,\"content_index\":0,\"delta\":\"\\\":\\\"\",\"logprobs\":[],\"obfuscation\":\"tmG3RRQ13cRFC\"}\n\nevent: response.output_text.delta\ndata: {\"type\":\"response.output_text.delta\",\"sequence_number\":10,\"item_id\":\"msg_03091ee8ee0e5cb00068cad55f09b48197b7ab35d7544d8ea0\",\"output_index\":0,\"content_index\":0,\"delta\":\"update\",\"logprobs\":[],\"obfuscation\":\"sgCiUsV5y7\"}\n\nevent: response.output_text.delta\ndata: {\"type\":\"response.output_text.delta\",\"sequence_number\":11,\"item_id\":\"msg_03091ee8ee0e5cb00068cad55f09b48197b7ab35d7544d8ea0\",\"output_index\":0,\"content_index\":0,\"delta\":\"\\\",\\\"\",\"logprobs\":[],\"obfuscation\":\"XblWlBhhUUM0g\"}\n\nevent: response.output_text.delta\ndata: {\"type\":\"response.output_text.delta\",\"sequence_number\":12,\"item_id\":\"msg_03091ee8ee0e5cb00068cad55f09b48197b7ab35d7544d8ea0\",\"output_index\":0,\"content_index\":0,\"delta\":\"id\",\"logprobs\":[],\"obfuscation\":\"5vgbrPkGhAIH5F\"}\n\nevent: response.output_text.delta\ndata: {\"type\":\"response.output_text.delta\",\"sequence_number\":13,\"item_id\":\"msg_03091ee8ee0e5cb00068cad55f09b48197b7ab35d7544d8ea0\",\"output_index\":0,\"content_index\":0,\"delta\":\"\\\":\\\"\",\"logprobs\":[],\"obfuscation\":\"F1BgNyCubeJ70\"}\n\nevent: response.output_text.delta\ndata: {\"type\":\"response.output_text.delta\",\"sequence_number\":14,\"item_id\":\"msg_03091ee8ee0e5cb00068cad55f09b48197b7ab35d7544d8ea0\",\"output_index\":0,\"content_index\":0,\"delta\":\"ref\",\"logprobs\":[],\"obfuscation\":\"cUi3zH3T7CZxB\"}\n\nevent: response.output_text.delta\ndata: {\"type\":\"response.output_text.delta\",\"sequence_number\":15,\"item_id\":\"msg_03091ee8ee0e5cb00068cad55f09b48197b7ab35d7544d8ea0\",\"output_index\":0,\"content_index\":0,\"delta\":\"1\",\"logprobs\":[],\"obfuscation\":\"HvKujI8cyfSQYN4\"}\n\nevent: response.output_text.delta\ndata: {\"type\":\"response.output_text.delta\",\"sequence_number\":16,\"item_id\":\"msg_03091ee8ee0e5cb00068cad55f09b48197b7ab35d7544d8ea0\",\"output_index\":0,\"content_index\":0,\"delta\":\"$\",\"logprobs\":[],\"obfuscation\":\"CfVBUpkJxfZrAfF\"}\n\nevent: response.output_text.delta\ndata: {\"type\":\"response.output_text.delta\",\"sequence_number\":17,\"item_id\":\"msg_03091ee8ee0e5cb00068cad55f09b48197b7ab35d7544d8ea0\",\"output_index\":0,\"content_index\":0,\"delta\":\"\\\",\\\"\",\"logprobs\":[],\"obfuscation\":\"ut9nHYK55Ap7O\"}\n\nevent: response.output_text.delta\ndata: {\"type\":\"response.output_text.delta\",\"sequence_number\":18,\"item_id\":\"msg_03091ee8ee0e5cb00068cad55f09b48197b7ab35d7544d8ea0\",\"output_index\":0,\"content_index\":0,\"delta\":\"block\",\"logprobs\":[],\"obfuscation\":\"GwNeoLjC5Vt\"}\n\nevent: response.output_text.delta\ndata: {\"type\":\"response.output_text.delta\",\"sequence_number\":19,\"item_id\":\"msg_03091ee8ee0e5cb00068cad55f09b48197b7ab35d7544d8ea0\",\"output_index\":0,\"content_index\":0,\"delta\":\"\\\":\\\"\",\"logprobs\":[],\"obfuscation\":\"27PcdsoIVLvTQ\"}\n\nevent: response.output_text.delta\ndata: {\"type\":\"response.output_text.delta\",\"sequence_number\":20,\"item_id\":\"msg_03091ee8ee0e5cb00068cad55f09b48197b7ab35d7544d8ea0\",\"output_index\":0,\"content_index\":0,\"delta\":\"<\",\"logprobs\":[],\"obfuscation\":\"pHAND1CLYQPd2Xn\"}\n\nevent: response.output_text.delta\ndata: {\"type\":\"response.output_text.delta\",\"sequence_number\":21,\"item_id\":\"msg_03091ee8ee0e5cb00068cad55f09b48197b7ab35d7544d8ea0\",\"output_index\":0,\"content_index\":0,\"delta\":\"p\",\"logprobs\":[],\"obfuscation\":\"WykB7XQW0W6BoeA\"}\n\nevent: response.output_text.delta\ndata: {\"type\":\"response.output_text.delta\",\"sequence_number\":22,\"item_id\":\"msg_03091ee8ee0e5cb00068cad55f09b48197b7ab35d7544d8ea0\",\"output_index\":0,\"content_index\":0,\"delta\":\">\",\"logprobs\":[],\"obfuscation\":\"tgpkVHBYcM7jDgg\"}\n\nevent: response.output_text.delta\ndata: {\"type\":\"response.output_text.delta\",\"sequence_number\":23,\"item_id\":\"msg_03091ee8ee0e5cb00068cad55f09b48197b7ab35d7544d8ea0\",\"output_index\":0,\"content_index\":0,\"delta\":\"Hallo\",\"logprobs\":[],\"obfuscation\":\"DOt4kIgCRDO\"}\n\nevent: response.output_text.delta\ndata: {\"type\":\"response.output_text.delta\",\"sequence_number\":24,\"item_id\":\"msg_03091ee8ee0e5cb00068cad55f09b48197b7ab35d7544d8ea0\",\"output_index\":0,\"content_index\":0,\"delta\":\",\",\"logprobs\":[],\"obfuscation\":\"PhiIb2SPedVkxj2\"}\n\nevent: response.output_text.delta\ndata: {\"type\":\"response.output_text.delta\",\"sequence_number\":25,\"item_id\":\"msg_03091ee8ee0e5cb00068cad55f09b48197b7ab35d7544d8ea0\",\"output_index\":0,\"content_index\":0,\"delta\":\" Welt\",\"logprobs\":[],\"obfuscation\":\"TzS8IZHwwa3\"}\n\nevent: response.output_text.delta\ndata: {\"type\":\"response.output_text.delta\",\"sequence_number\":26,\"item_id\":\"msg_03091ee8ee0e5cb00068cad55f09b48197b7ab35d7544d8ea0\",\"output_index\":0,\"content_index\":0,\"delta\":\"!</\",\"logprobs\":[],\"obfuscation\":\"xr5IHcoR0OCQD\"}\n\nevent: response.output_text.delta\ndata: {\"type\":\"response.output_text.delta\",\"sequence_number\":27,\"item_id\":\"msg_03091ee8ee0e5cb00068cad55f09b48197b7ab35d7544d8ea0\",\"output_index\":0,\"content_index\":0,\"delta\":\"p\",\"logprobs\":[],\"obfuscation\":\"UTOlI1JSVWGMj6q\"}\n\nevent: response.output_text.delta\ndata: {\"type\":\"response.output_text.delta\",\"sequence_number\":28,\"item_id\":\"msg_03091ee8ee0e5cb00068cad55f09b48197b7ab35d7544d8ea0\",\"output_index\":0,\"content_index\":0,\"delta\":\">\",\"logprobs\":[],\"obfuscation\":\"xCbpTLc8vCSBAhI\"}\n\nevent: response.output_text.delta\ndata: {\"type\":\"response.output_text.delta\",\"sequence_number\":29,\"item_id\":\"msg_03091ee8ee0e5cb00068cad55f09b48197b7ab35d7544d8ea0\",\"output_index\":0,\"content_index\":0,\"delta\":\"\\\"}\",\"logprobs\":[],\"obfuscation\":\"SZthpkShqyqKCq\"}\n\nevent: response.output_text.delta\ndata: {\"type\":\"response.output_text.delta\",\"sequence_number\":30,\"item_id\":\"msg_03091ee8ee0e5cb00068cad55f09b48197b7ab35d7544d8ea0\",\"output_index\":0,\"content_index\":0,\"delta\":\"]}\",\"logprobs\":[],\"obfuscation\":\"nrCC4f3v8OsXyx\"}\n\nevent: response.output_text.done\ndata: {\"type\":\"response.output_text.done\",\"sequence_number\":31,\"item_id\":\"msg_03091ee8ee0e5cb00068cad55f09b48197b7ab35d7544d8ea0\",\"output_index\":0,\"content_index\":0,\"text\":\"{\\\"operations\\\":[{\\\"type\\\":\\\"update\\\",\\\"id\\\":\\\"ref1$\\\",\\\"block\\\":\\\"<p>Hallo, Welt!</p>\\\"}]}\",\"logprobs\":[]}\n\nevent: response.content_part.done\ndata: {\"type\":\"response.content_part.done\",\"sequence_number\":32,\"item_id\":\"msg_03091ee8ee0e5cb00068cad55f09b48197b7ab35d7544d8ea0\",\"output_index\":0,\"content_index\":0,\"part\":{\"type\":\"output_text\",\"annotations\":[],\"logprobs\":[],\"text\":\"{\\\"operations\\\":[{\\\"type\\\":\\\"update\\\",\\\"id\\\":\\\"ref1$\\\",\\\"block\\\":\\\"<p>Hallo, Welt!</p>\\\"}]}\"}}\n\nevent: response.output_item.done\ndata: {\"type\":\"response.output_item.done\",\"sequence_number\":33,\"output_index\":0,\"item\":{\"id\":\"msg_03091ee8ee0e5cb00068cad55f09b48197b7ab35d7544d8ea0\",\"type\":\"message\",\"status\":\"completed\",\"content\":[{\"type\":\"output_text\",\"annotations\":[],\"logprobs\":[],\"text\":\"{\\\"operations\\\":[{\\\"type\\\":\\\"update\\\",\\\"id\\\":\\\"ref1$\\\",\\\"block\\\":\\\"<p>Hallo, Welt!</p>\\\"}]}\"}],\"role\":\"assistant\"}}\n\nevent: response.completed\ndata: {\"type\":\"response.completed\",\"sequence_number\":34,\"response\":{\"id\":\"resp_03091ee8ee0e5cb00068cad55e75788197982d674f59116b9e\",\"object\":\"response\",\"created_at\":1758123358,\"status\":\"completed\",\"background\":false,\"error\":null,\"incomplete_details\":null,\"instructions\":null,\"max_output_tokens\":null,\"max_tool_calls\":null,\"model\":\"gpt-4o-2024-08-06\",\"output\":[{\"id\":\"msg_03091ee8ee0e5cb00068cad55f09b48197b7ab35d7544d8ea0\",\"type\":\"message\",\"status\":\"completed\",\"content\":[{\"type\":\"output_text\",\"annotations\":[],\"logprobs\":[],\"text\":\"{\\\"operations\\\":[{\\\"type\\\":\\\"update\\\",\\\"id\\\":\\\"ref1$\\\",\\\"block\\\":\\\"<p>Hallo, Welt!</p>\\\"}]}\"}],\"role\":\"assistant\"}],\"parallel_tool_calls\":true,\"previous_response_id\":null,\"prompt_cache_key\":null,\"reasoning\":{\"effort\":null,\"summary\":null},\"safety_identifier\":null,\"service_tier\":\"default\",\"store\":true,\"temperature\":1.0,\"text\":{\"format\":{\"type\":\"json_schema\",\"description\":null,\"name\":\"response\",\"schema\":{\"type\":\"object\",\"properties\":{\"operations\":{\"type\":\"array\",\"items\":{\"anyOf\":[{\"type\":\"object\",\"description\":\"Update a block\",\"properties\":{\"type\":{\"type\":\"string\",\"enum\":[\"update\"]},\"id\":{\"type\":\"string\",\"description\":\"id of block to update\"},\"block\":{\"type\":\"string\",\"description\":\"html of block (MUST be a single HTML element)\"}},\"required\":[\"type\",\"id\",\"block\"],\"additionalProperties\":false},{\"type\":\"object\",\"description\":\"Insert new blocks\",\"properties\":{\"type\":{\"type\":\"string\",\"enum\":[\"add\"]},\"referenceId\":{\"type\":\"string\",\"description\":\"MUST be an id of a block in the document\"},\"position\":{\"type\":\"string\",\"enum\":[\"before\",\"after\"],\"description\":\"`after` to add blocks AFTER (below) the block with `referenceId`, `before` to add the block BEFORE (above)\"},\"blocks\":{\"items\":{\"type\":\"string\",\"description\":\"html of block (MUST be a single HTML element)\"},\"type\":\"array\"}},\"required\":[\"type\",\"referenceId\",\"position\",\"blocks\"],\"additionalProperties\":false},{\"type\":\"object\",\"description\":\"Delete a block\",\"properties\":{\"type\":{\"type\":\"string\",\"enum\":[\"delete\"]},\"id\":{\"type\":\"string\",\"description\":\"id of block to delete\"}},\"required\":[\"type\",\"id\"],\"additionalProperties\":false}]}}},\"additionalProperties\":false,\"required\":[\"operations\"]},\"strict\":false},\"verbosity\":\"medium\"},\"tool_choice\":\"auto\",\"tools\":[],\"top_logprobs\":0,\"top_p\":1.0,\"truncation\":\"disabled\",\"usage\":{\"input_tokens\":688,\"input_tokens_details\":{\"cached_tokens\":0},\"output_tokens\":28,\"output_tokens_details\":{\"reasoning_tokens\":0},\"total_tokens\":716},\"user\":null,\"metadata\":{}}}\n\n",
    "headers": []
  }
}