{
  "request": {
    "method": "POST",
    "url": "https://api.openai.com/v1/responses",
    "body": "{\"model\":\"gpt-4o-2024-08-06\",\"input\":[{\"role\":\"system\",\"content\":\"You're manipulating a text document using HTML blocks. \\n        Make sure to follow the json schema provided. When referencing ids they MUST be EXACTLY the same (including the trailing $). \\n        List items are 1 block with 1 list item each, so block content `<ul><li>item1</li></ul>` is valid, but `<ul><li>item1</li><li>item2</li></ul>` is invalid. We'll merge them automatically.\\n        For code blocks, you can use the `data-language` attribute on a <code> block (wrapped with <pre>) to specify the language.\\n        This is the initial document as an array of html blocks (the cursor is BETWEEN two blocks as indicated by cursor: true):\"},{\"role\":\"system\",\"content\":\"[{\\\"id\\\":\\\"ref1$\\\",\\\"block\\\":\\\"<p>Hello, world!</p>\\\"},{\\\"cursor\\\":true},{\\\"id\\\":\\\"ref2$\\\",\\\"block\\\":\\\"<p>Hello, <span data-inline-content-type=\\\\\\\"mention\\\\\\\" data-user=\\\\\\\"John Doe\\\\\\\">@John Doe</span>! <strong>How are you doing?</strong> <span style=\\\\\\\"color: rgb(11, 110, 153);\\\\\\\" data-style-type=\\\\\\\"textColor\\\\\\\" data-value=\\\\\\\"blue\\\\\\\" data-editable=\\\\\\\"\\\\\\\">This text is blue!</span></p>\\\"},{\\\"id\\\":\\\"ref3$\\\",\\\"block\\\":\\\"<p>Hello, world! <strong>Bold text. </strong><a target=\\\\\\\"_blank\\\\\\\" rel=\\\\\\\"noopener noreferrer nofollow\\\\\\\" href=\\\\\\\"https://www.google.com\\\\\\\">Link.</a></p>\\\"}]\"},{\"role\":\"system\",\"content\":\"First, determine what part of the document the user is talking about. You SHOULD probably take cursor info into account if needed.\\n       EXAMPLE: if user says \\\"below\\\" (without pointing to a specific part of the document) he / she probably indicates the block(s) after the cursor. \\n       EXAMPLE: If you want to insert content AT the cursor position (UNLESS indicated otherwise by the user), \\n       then you need `referenceId` to point to the block before the cursor with position `after` (or block below and `before`).\\n      \\n      Prefer updating existing blocks over removing and adding (but this also depends on the user's question).\"},{\"role\":\"user\",\"content\":[{\"type\":\"input_text\",\"text\":\"make first paragraph bold\"}]}],\"tools\":[{\"type\":\"function\",\"name\":\"applyDocumentOperations\",\"parameters\":{\"type\":\"object\",\"properties\":{\"operations\":{\"type\":\"array\",\"items\":{\"anyOf\":[{\"type\":\"object\",\"description\":\"Update a block\",\"properties\":{\"type\":{\"type\":\"string\",\"enum\":[\"update\"]},\"id\":{\"type\":\"string\",\"description\":\"id of block to update\"},\"block\":{\"type\":\"string\",\"description\":\"html of block (MUST be a single HTML element)\"}},\"required\":[\"type\",\"id\",\"block\"],\"additionalProperties\":false},{\"type\":\"object\",\"description\":\"Insert new blocks\",\"properties\":{\"type\":{\"type\":\"string\",\"enum\":[\"add\"]},\"referenceId\":{\"type\":\"string\",\"description\":\"MUST be an id of a block in the document\"},\"position\":{\"type\":\"string\",\"enum\":[\"before\",\"after\"],\"description\":\"`after` to add blocks AFTER (below) the block with `referenceId`, `before` to add the block BEFORE (above)\"},\"blocks\":{\"items\":{\"type\":\"string\",\"description\":\"html of block (MUST be a single, VALID HTML element)\"},\"type\":\"array\"}},\"required\":[\"type\",\"referenceId\",\"position\",\"blocks\"],\"additionalProperties\":false},{\"type\":\"object\",\"description\":\"Delete a block\",\"properties\":{\"type\":{\"type\":\"string\",\"enum\":[\"delete\"]},\"id\":{\"type\":\"string\",\"description\":\"id of block to delete\"}},\"required\":[\"type\",\"id\"],\"additionalProperties\":false}]}}},\"additionalProperties\":false,\"required\":[\"operations\"]},\"strict\":false}],\"tool_choice\":\"required\",\"stream\":true}",
    "headers": [],
    "cookies": []
  },
  "response": {
    "status": 200,
    "statusText": "",
    "body": "event: response.created\ndata: {\"type\":\"response.created\",\"sequence_number\":0,\"response\":{\"id\":\"resp_68d4e7bf28f88190a83a70a62fafa2f8023dde18f892187f\",\"object\":\"response\",\"created_at\":1758783423,\"status\":\"in_progress\",\"background\":false,\"error\":null,\"incomplete_details\":null,\"instructions\":null,\"max_output_tokens\":null,\"max_tool_calls\":null,\"model\":\"gpt-4o-2024-08-06\",\"output\":[],\"parallel_tool_calls\":true,\"previous_response_id\":null,\"prompt_cache_key\":null,\"reasoning\":{\"effort\":null,\"summary\":null},\"safety_identifier\":null,\"service_tier\":\"auto\",\"store\":true,\"temperature\":1.0,\"text\":{\"format\":{\"type\":\"text\"},\"verbosity\":\"medium\"},\"tool_choice\":\"required\",\"tools\":[{\"type\":\"function\",\"description\":null,\"name\":\"applyDocumentOperations\",\"parameters\":{\"type\":\"object\",\"properties\":{\"operations\":{\"type\":\"array\",\"items\":{\"anyOf\":[{\"type\":\"object\",\"description\":\"Update a block\",\"properties\":{\"type\":{\"type\":\"string\",\"enum\":[\"update\"]},\"id\":{\"type\":\"string\",\"description\":\"id of block to update\"},\"block\":{\"type\":\"string\",\"description\":\"html of block (MUST be a single HTML element)\"}},\"required\":[\"type\",\"id\",\"block\"],\"additionalProperties\":false},{\"type\":\"object\",\"description\":\"Insert new blocks\",\"properties\":{\"type\":{\"type\":\"string\",\"enum\":[\"add\"]},\"referenceId\":{\"type\":\"string\",\"description\":\"MUST be an id of a block in the document\"},\"position\":{\"type\":\"string\",\"enum\":[\"before\",\"after\"],\"description\":\"`after` to add blocks AFTER (below) the block with `referenceId`, `before` to add the block BEFORE (above)\"},\"blocks\":{\"items\":{\"type\":\"string\",\"description\":\"html of block (MUST be a single, VALID HTML element)\"},\"type\":\"array\"}},\"required\":[\"type\",\"referenceId\",\"position\",\"blocks\"],\"additionalProperties\":false},{\"type\":\"object\",\"description\":\"Delete a block\",\"properties\":{\"type\":{\"type\":\"string\",\"enum\":[\"delete\"]},\"id\":{\"type\":\"string\",\"description\":\"id of block to delete\"}},\"required\":[\"type\",\"id\"],\"additionalProperties\":false}]}}},\"additionalProperties\":false,\"required\":[\"operations\"]},\"strict\":false}],\"top_logprobs\":0,\"top_p\":1.0,\"truncation\":\"disabled\",\"usage\":null,\"user\":null,\"metadata\":{}}}\n\nevent: response.in_progress\ndata: {\"type\":\"response.in_progress\",\"sequence_number\":1,\"response\":{\"id\":\"resp_68d4e7bf28f88190a83a70a62fafa2f8023dde18f892187f\",\"object\":\"response\",\"created_at\":1758783423,\"status\":\"in_progress\",\"background\":false,\"error\":null,\"incomplete_details\":null,\"instructions\":null,\"max_output_tokens\":null,\"max_tool_calls\":null,\"model\":\"gpt-4o-2024-08-06\",\"output\":[],\"parallel_tool_calls\":true,\"previous_response_id\":null,\"prompt_cache_key\":null,\"reasoning\":{\"effort\":null,\"summary\":null},\"safety_identifier\":null,\"service_tier\":\"auto\",\"store\":true,\"temperature\":1.0,\"text\":{\"format\":{\"type\":\"text\"},\"verbosity\":\"medium\"},\"tool_choice\":\"required\",\"tools\":[{\"type\":\"function\",\"description\":null,\"name\":\"applyDocumentOperations\",\"parameters\":{\"type\":\"object\",\"properties\":{\"operations\":{\"type\":\"array\",\"items\":{\"anyOf\":[{\"type\":\"object\",\"description\":\"Update a block\",\"properties\":{\"type\":{\"type\":\"string\",\"enum\":[\"update\"]},\"id\":{\"type\":\"string\",\"description\":\"id of block to update\"},\"block\":{\"type\":\"string\",\"description\":\"html of block (MUST be a single HTML element)\"}},\"required\":[\"type\",\"id\",\"block\"],\"additionalProperties\":false},{\"type\":\"object\",\"description\":\"Insert new blocks\",\"properties\":{\"type\":{\"type\":\"string\",\"enum\":[\"add\"]},\"referenceId\":{\"type\":\"string\",\"description\":\"MUST be an id of a block in the document\"},\"position\":{\"type\":\"string\",\"enum\":[\"before\",\"after\"],\"description\":\"`after` to add blocks AFTER (below) the block with `referenceId`, `before` to add the block BEFORE (above)\"},\"blocks\":{\"items\":{\"type\":\"string\",\"description\":\"html of block (MUST be a single, VALID HTML element)\"},\"type\":\"array\"}},\"required\":[\"type\",\"referenceId\",\"position\",\"blocks\"],\"additionalProperties\":false},{\"type\":\"object\",\"description\":\"Delete a block\",\"properties\":{\"type\":{\"type\":\"string\",\"enum\":[\"delete\"]},\"id\":{\"type\":\"string\",\"description\":\"id of block to delete\"}},\"required\":[\"type\",\"id\"],\"additionalProperties\":false}]}}},\"additionalProperties\":false,\"required\":[\"operations\"]},\"strict\":false}],\"top_logprobs\":0,\"top_p\":1.0,\"truncation\":\"disabled\",\"usage\":null,\"user\":null,\"metadata\":{}}}\n\nevent: response.output_item.added\ndata: {\"type\":\"response.output_item.added\",\"sequence_number\":2,\"output_index\":0,\"item\":{\"id\":\"fc_68d4e7bfbbc0819083f6d364b3c73dbf023dde18f892187f\",\"type\":\"function_call\",\"status\":\"in_progress\",\"arguments\":\"\",\"call_id\":\"call_EfZduslXIZF30VfKMO24C5vb\",\"name\":\"applyDocumentOperations\"}}\n\nevent: response.function_call_arguments.delta\ndata: {\"type\":\"response.function_call_arguments.delta\",\"sequence_number\":3,\"item_id\":\"fc_68d4e7bfbbc0819083f6d364b3c73dbf023dde18f892187f\",\"output_index\":0,\"delta\":\"{\\\"\",\"obfuscation\":\"seO7gIzUM4Hidk\"}\n\nevent: response.function_call_arguments.delta\ndata: {\"type\":\"response.function_call_arguments.delta\",\"sequence_number\":4,\"item_id\":\"fc_68d4e7bfbbc0819083f6d364b3c73dbf023dde18f892187f\",\"output_index\":0,\"delta\":\"operations\",\"obfuscation\":\"659X9Q\"}\n\nevent: response.function_call_arguments.delta\ndata: {\"type\":\"response.function_call_arguments.delta\",\"sequence_number\":5,\"item_id\":\"fc_68d4e7bfbbc0819083f6d364b3c73dbf023dde18f892187f\",\"output_index\":0,\"delta\":\"\\\":[\",\"obfuscation\":\"fUJbS3Hdvm2KJ\"}\n\nevent: response.function_call_arguments.delta\ndata: {\"type\":\"response.function_call_arguments.delta\",\"sequence_number\":6,\"item_id\":\"fc_68d4e7bfbbc0819083f6d364b3c73dbf023dde18f892187f\",\"output_index\":0,\"delta\":\"{\\\"\",\"obfuscation\":\"RXDzyyFuAm3tOG\"}\n\nevent: response.function_call_arguments.delta\ndata: {\"type\":\"response.function_call_arguments.delta\",\"sequence_number\":7,\"item_id\":\"fc_68d4e7bfbbc0819083f6d364b3c73dbf023dde18f892187f\",\"output_index\":0,\"delta\":\"type\",\"obfuscation\":\"6TqoHGMFssMH\"}\n\nevent: response.function_call_arguments.delta\ndata: {\"type\":\"response.function_call_arguments.delta\",\"sequence_number\":8,\"item_id\":\"fc_68d4e7bfbbc0819083f6d364b3c73dbf023dde18f892187f\",\"output_index\":0,\"delta\":\"\\\":\\\"\",\"obfuscation\":\"vy5c1U2fpTEoy\"}\n\nevent: response.function_call_arguments.delta\ndata: {\"type\":\"response.function_call_arguments.delta\",\"sequence_number\":9,\"item_id\":\"fc_68d4e7bfbbc0819083f6d364b3c73dbf023dde18f892187f\",\"output_index\":0,\"delta\":\"update\",\"obfuscation\":\"eDqljw3aGO\"}\n\nevent: response.function_call_arguments.delta\ndata: {\"type\":\"response.function_call_arguments.delta\",\"sequence_number\":10,\"item_id\":\"fc_68d4e7bfbbc0819083f6d364b3c73dbf023dde18f892187f\",\"output_index\":0,\"delta\":\"\\\",\\\"\",\"obfuscation\":\"3HqiVRBSmh4tR\"}\n\nevent: response.function_call_arguments.delta\ndata: {\"type\":\"response.function_call_arguments.delta\",\"sequence_number\":11,\"item_id\":\"fc_68d4e7bfbbc0819083f6d364b3c73dbf023dde18f892187f\",\"output_index\":0,\"delta\":\"id\",\"obfuscation\":\"1UK4LyUbnNVdIm\"}\n\nevent: response.function_call_arguments.delta\ndata: {\"type\":\"response.function_call_arguments.delta\",\"sequence_number\":12,\"item_id\":\"fc_68d4e7bfbbc0819083f6d364b3c73dbf023dde18f892187f\",\"output_index\":0,\"delta\":\"\\\":\\\"\",\"obfuscation\":\"7n9jHuLkHXo2g\"}\n\nevent: response.function_call_arguments.delta\ndata: {\"type\":\"response.function_call_arguments.delta\",\"sequence_number\":13,\"item_id\":\"fc_68d4e7bfbbc0819083f6d364b3c73dbf023dde18f892187f\",\"output_index\":0,\"delta\":\"ref\",\"obfuscation\":\"xVAJM9zPRevCj\"}\n\nevent: response.function_call_arguments.delta\ndata: {\"type\":\"response.function_call_arguments.delta\",\"sequence_number\":14,\"item_id\":\"fc_68d4e7bfbbc0819083f6d364b3c73dbf023dde18f892187f\",\"output_index\":0,\"delta\":\"1\",\"obfuscation\":\"veNA1rj1Q5zcdJ7\"}\n\nevent: response.function_call_arguments.delta\ndata: {\"type\":\"response.function_call_arguments.delta\",\"sequence_number\":15,\"item_id\":\"fc_68d4e7bfbbc0819083f6d364b3c73dbf023dde18f892187f\",\"output_index\":0,\"delta\":\"$\",\"obfuscation\":\"ssjQn0C8h0KY70Y\"}\n\nevent: response.function_call_arguments.delta\ndata: {\"type\":\"response.function_call_arguments.delta\",\"sequence_number\":16,\"item_id\":\"fc_68d4e7bfbbc0819083f6d364b3c73dbf023dde18f892187f\",\"output_index\":0,\"delta\":\"\\\",\\\"\",\"obfuscation\":\"OcFMi0w5dz2iR\"}\n\nevent: response.function_call_arguments.delta\ndata: {\"type\":\"response.function_call_arguments.delta\",\"sequence_number\":17,\"item_id\":\"fc_68d4e7bfbbc0819083f6d364b3c73dbf023dde18f892187f\",\"output_index\":0,\"delta\":\"block\",\"obfuscation\":\"vd1GhdFN2zb\"}\n\nevent: response.function_call_arguments.delta\ndata: {\"type\":\"response.function_call_arguments.delta\",\"sequence_number\":18,\"item_id\":\"fc_68d4e7bfbbc0819083f6d364b3c73dbf023dde18f892187f\",\"output_index\":0,\"delta\":\"\\\":\\\"\",\"obfuscation\":\"gx3IPzvyyF2Ru\"}\n\nevent: response.function_call_arguments.delta\ndata: {\"type\":\"response.function_call_arguments.delta\",\"sequence_number\":19,\"item_id\":\"fc_68d4e7bfbbc0819083f6d364b3c73dbf023dde18f892187f\",\"output_index\":0,\"delta\":\"<\",\"obfuscation\":\"WkxyfjQgbhzgOQy\"}\n\nevent: response.function_call_arguments.delta\ndata: {\"type\":\"response.function_call_arguments.delta\",\"sequence_number\":20,\"item_id\":\"fc_68d4e7bfbbc0819083f6d364b3c73dbf023dde18f892187f\",\"output_index\":0,\"delta\":\"p\",\"obfuscation\":\"R850pmWdDDYHgtf\"}\n\nevent: response.function_call_arguments.delta\ndata: {\"type\":\"response.function_call_arguments.delta\",\"sequence_number\":21,\"item_id\":\"fc_68d4e7bfbbc0819083f6d364b3c73dbf023dde18f892187f\",\"output_index\":0,\"delta\":\"><\",\"obfuscation\":\"jb3US2ZNwZNdr2\"}\n\nevent: response.function_call_arguments.delta\ndata: {\"type\":\"response.function_call_arguments.delta\",\"sequence_number\":22,\"item_id\":\"fc_68d4e7bfbbc0819083f6d364b3c73dbf023dde18f892187f\",\"output_index\":0,\"delta\":\"strong\",\"obfuscation\":\"LMGQE0ECm9\"}\n\nevent: response.function_call_arguments.delta\ndata: {\"type\":\"response.function_call_arguments.delta\",\"sequence_number\":23,\"item_id\":\"fc_68d4e7bfbbc0819083f6d364b3c73dbf023dde18f892187f\",\"output_index\":0,\"delta\":\">Hello\",\"obfuscation\":\"5wDakNLM5B\"}\n\nevent: response.function_call_arguments.delta\ndata: {\"type\":\"response.function_call_arguments.delta\",\"sequence_number\":24,\"item_id\":\"fc_68d4e7bfbbc0819083f6d364b3c73dbf023dde18f892187f\",\"output_index\":0,\"delta\":\",\",\"obfuscation\":\"wD7kaTDmhSHpOnV\"}\n\nevent: response.function_call_arguments.delta\ndata: {\"type\":\"response.function_call_arguments.delta\",\"sequence_number\":25,\"item_id\":\"fc_68d4e7bfbbc0819083f6d364b3c73dbf023dde18f892187f\",\"output_index\":0,\"delta\":\" world\",\"obfuscation\":\"AoR5eorisk\"}\n\nevent: response.function_call_arguments.delta\ndata: {\"type\":\"response.function_call_arguments.delta\",\"sequence_number\":26,\"item_id\":\"fc_68d4e7bfbbc0819083f6d364b3c73dbf023dde18f892187f\",\"output_index\":0,\"delta\":\"!</\",\"obfuscation\":\"K0Sv7D70iPohV\"}\n\nevent: response.function_call_arguments.delta\ndata: {\"type\":\"response.function_call_arguments.delta\",\"sequence_number\":27,\"item_id\":\"fc_68d4e7bfbbc0819083f6d364b3c73dbf023dde18f892187f\",\"output_index\":0,\"delta\":\"strong\",\"obfuscation\":\"DVKqt5aDLY\"}\n\nevent: response.function_call_arguments.delta\ndata: {\"type\":\"response.function_call_arguments.delta\",\"sequence_number\":28,\"item_id\":\"fc_68d4e7bfbbc0819083f6d364b3c73dbf023dde18f892187f\",\"output_index\":0,\"delta\":\"></\",\"obfuscation\":\"RNNFaQvOgVPgs\"}\n\nevent: response.function_call_arguments.delta\ndata: {\"type\":\"response.function_call_arguments.delta\",\"sequence_number\":29,\"item_id\":\"fc_68d4e7bfbbc0819083f6d364b3c73dbf023dde18f892187f\",\"output_index\":0,\"delta\":\"p\",\"obfuscation\":\"22YYSgBYpKgZd82\"}\n\nevent: response.function_call_arguments.delta\ndata: {\"type\":\"response.function_call_arguments.delta\",\"sequence_number\":30,\"item_id\":\"fc_68d4e7bfbbc0819083f6d364b3c73dbf023dde18f892187f\",\"output_index\":0,\"delta\":\">\",\"obfuscation\":\"8KrV7uk2g94Gcf0\"}\n\nevent: response.function_call_arguments.delta\ndata: {\"type\":\"response.function_call_arguments.delta\",\"sequence_number\":31,\"item_id\":\"fc_68d4e7bfbbc0819083f6d364b3c73dbf023dde18f892187f\",\"output_index\":0,\"delta\":\"\\\"}\",\"obfuscation\":\"qARWn4JrIGzQAU\"}\n\nevent: response.function_call_arguments.delta\ndata: {\"type\":\"response.function_call_arguments.delta\",\"sequence_number\":32,\"item_id\":\"fc_68d4e7bfbbc0819083f6d364b3c73dbf023dde18f892187f\",\"output_index\":0,\"delta\":\"]}\",\"obfuscation\":\"Q7YRGaZKUIp9Ad\"}\n\nevent: response.function_call_arguments.done\ndata: {\"type\":\"response.function_call_arguments.done\",\"sequence_number\":33,\"item_id\":\"fc_68d4e7bfbbc0819083f6d364b3c73dbf023dde18f892187f\",\"output_index\":0,\"arguments\":\"{\\\"operations\\\":[{\\\"type\\\":\\\"update\\\",\\\"id\\\":\\\"ref1$\\\",\\\"block\\\":\\\"<p><strong>Hello, world!</strong></p>\\\"}]}\"}\n\nevent: response.output_item.done\ndata: {\"type\":\"response.output_item.done\",\"sequence_number\":34,\"output_index\":0,\"item\":{\"id\":\"fc_68d4e7bfbbc0819083f6d364b3c73dbf023dde18f892187f\",\"type\":\"function_call\",\"status\":\"completed\",\"arguments\":\"{\\\"operations\\\":[{\\\"type\\\":\\\"update\\\",\\\"id\\\":\\\"ref1$\\\",\\\"block\\\":\\\"<p><strong>Hello, world!</strong></p>\\\"}]}\",\"call_id\":\"call_EfZduslXIZF30VfKMO24C5vb\",\"name\":\"applyDocumentOperations\"}}\n\nevent: response.completed\ndata: {\"type\":\"response.completed\",\"sequence_number\":35,\"response\":{\"id\":\"resp_68d4e7bf28f88190a83a70a62fafa2f8023dde18f892187f\",\"object\":\"response\",\"created_at\":1758783423,\"status\":\"completed\",\"background\":false,\"error\":null,\"incomplete_details\":null,\"instructions\":null,\"max_output_tokens\":null,\"max_tool_calls\":null,\"model\":\"gpt-4o-2024-08-06\",\"output\":[{\"id\":\"fc_68d4e7bfbbc0819083f6d364b3c73dbf023dde18f892187f\",\"type\":\"function_call\",\"status\":\"completed\",\"arguments\":\"{\\\"operations\\\":[{\\\"type\\\":\\\"update\\\",\\\"id\\\":\\\"ref1$\\\",\\\"block\\\":\\\"<p><strong>Hello, world!</strong></p>\\\"}]}\",\"call_id\":\"call_EfZduslXIZF30VfKMO24C5vb\",\"name\":\"applyDocumentOperations\"}],\"parallel_tool_calls\":true,\"previous_response_id\":null,\"prompt_cache_key\":null,\"reasoning\":{\"effort\":null,\"summary\":null},\"safety_identifier\":null,\"service_tier\":\"default\",\"store\":true,\"temperature\":1.0,\"text\":{\"format\":{\"type\":\"text\"},\"verbosity\":\"medium\"},\"tool_choice\":\"required\",\"tools\":[{\"type\":\"function\",\"description\":null,\"name\":\"applyDocumentOperations\",\"parameters\":{\"type\":\"object\",\"properties\":{\"operations\":{\"type\":\"array\",\"items\":{\"anyOf\":[{\"type\":\"object\",\"description\":\"Update a block\",\"properties\":{\"type\":{\"type\":\"string\",\"enum\":[\"update\"]},\"id\":{\"type\":\"string\",\"description\":\"id of block to update\"},\"block\":{\"type\":\"string\",\"description\":\"html of block (MUST be a single HTML element)\"}},\"required\":[\"type\",\"id\",\"block\"],\"additionalProperties\":false},{\"type\":\"object\",\"description\":\"Insert new blocks\",\"properties\":{\"type\":{\"type\":\"string\",\"enum\":[\"add\"]},\"referenceId\":{\"type\":\"string\",\"description\":\"MUST be an id of a block in the document\"},\"position\":{\"type\":\"string\",\"enum\":[\"before\",\"after\"],\"description\":\"`after` to add blocks AFTER (below) the block with `referenceId`, `before` to add the block BEFORE (above)\"},\"blocks\":{\"items\":{\"type\":\"string\",\"description\":\"html of block (MUST be a single, VALID HTML element)\"},\"type\":\"array\"}},\"required\":[\"type\",\"referenceId\",\"position\",\"blocks\"],\"additionalProperties\":false},{\"type\":\"object\",\"description\":\"Delete a block\",\"properties\":{\"type\":{\"type\":\"string\",\"enum\":[\"delete\"]},\"id\":{\"type\":\"string\",\"description\":\"id of block to delete\"}},\"required\":[\"type\",\"id\"],\"additionalProperties\":false}]}}},\"additionalProperties\":false,\"required\":[\"operations\"]},\"strict\":false}],\"top_logprobs\":0,\"top_p\":1.0,\"truncation\":\"disabled\",\"usage\":{\"input_tokens\":659,\"input_tokens_details\":{\"cached_tokens\":0},\"output_tokens\":31,\"output_tokens_details\":{\"reasoning_tokens\":0},\"total_tokens\":690},\"user\":null,\"metadata\":{}}}\n\n",
    "headers": []
  }
}