{
  "request": {
    "method": "POST",
    "url": "https://api.openai.com/v1/responses",
    "body": "{\"model\":\"gpt-4o-2024-08-06\",\"input\":[{\"role\":\"system\",\"content\":\"You're manipulating a text document using HTML blocks. \\n        Make sure to follow the json schema provided. When referencing ids they MUST be EXACTLY the same (including the trailing $). \\n        List items are 1 block with 1 list item each, so block content `<ul><li>item1</li></ul>` is valid, but `<ul><li>item1</li><li>item2</li></ul>` is invalid. We'll merge them automatically.\\n        For code blocks, you can use the `data-language` attribute on a <code> block (wrapped with <pre>) to specify the language.\\n        This is the initial document as an array of html blocks (the cursor is BETWEEN two blocks as indicated by cursor: true):\"},{\"role\":\"system\",\"content\":\"[{\\\"id\\\":\\\"ref1$\\\",\\\"block\\\":\\\"<p>Hello, world!</p>\\\"},{\\\"cursor\\\":true},{\\\"id\\\":\\\"ref2$\\\",\\\"block\\\":\\\"<p>Hello, <span data-inline-content-type=\\\\\\\"mention\\\\\\\" data-user=\\\\\\\"John Doe\\\\\\\">@John Doe</span>! <strong>How are you doing?</strong> <span style=\\\\\\\"color: rgb(11, 110, 153);\\\\\\\" data-style-type=\\\\\\\"textColor\\\\\\\" data-value=\\\\\\\"blue\\\\\\\" data-editable=\\\\\\\"\\\\\\\">This text is blue!</span></p>\\\"},{\\\"id\\\":\\\"ref3$\\\",\\\"block\\\":\\\"<p>Hello, world! <strong>Bold text. </strong><a target=\\\\\\\"_blank\\\\\\\" rel=\\\\\\\"noopener noreferrer nofollow\\\\\\\" href=\\\\\\\"https://www.google.com\\\\\\\">Link.</a></p>\\\"}]\"},{\"role\":\"system\",\"content\":\"First, determine what part of the document the user is talking about. You SHOULD probably take cursor info into account if needed.\\n       EXAMPLE: if user says \\\"below\\\" (without pointing to a specific part of the document) he / she probably indicates the block(s) after the cursor. \\n       EXAMPLE: If you want to insert content AT the cursor position (UNLESS indicated otherwise by the user), \\n       then you need `referenceId` to point to the block before the cursor with position `after` (or block below and `before`).\\n      \\n      Prefer updating existing blocks over removing and adding (but this also depends on the user's question).\"},{\"role\":\"user\",\"content\":[{\"type\":\"input_text\",\"text\":\"change to say 'Hello! How are you doing? This text is blue!' (remove mention but keep bold text)\"}]}],\"tools\":[{\"type\":\"function\",\"name\":\"applyDocumentOperations\",\"parameters\":{\"type\":\"object\",\"properties\":{\"operations\":{\"type\":\"array\",\"items\":{\"anyOf\":[{\"type\":\"object\",\"description\":\"Update a block\",\"properties\":{\"type\":{\"type\":\"string\",\"enum\":[\"update\"]},\"id\":{\"type\":\"string\",\"description\":\"id of block to update\"},\"block\":{\"type\":\"string\",\"description\":\"html of block (MUST be a single HTML element)\"}},\"required\":[\"type\",\"id\",\"block\"],\"additionalProperties\":false},{\"type\":\"object\",\"description\":\"Insert new blocks\",\"properties\":{\"type\":{\"type\":\"string\",\"enum\":[\"add\"]},\"referenceId\":{\"type\":\"string\",\"description\":\"MUST be an id of a block in the document\"},\"position\":{\"type\":\"string\",\"enum\":[\"before\",\"after\"],\"description\":\"`after` to add blocks AFTER (below) the block with `referenceId`, `before` to add the block BEFORE (above)\"},\"blocks\":{\"items\":{\"type\":\"string\",\"description\":\"html of block (MUST be a single, VALID HTML element)\"},\"type\":\"array\"}},\"required\":[\"type\",\"referenceId\",\"position\",\"blocks\"],\"additionalProperties\":false},{\"type\":\"object\",\"description\":\"Delete a block\",\"properties\":{\"type\":{\"type\":\"string\",\"enum\":[\"delete\"]},\"id\":{\"type\":\"string\",\"description\":\"id of block to delete\"}},\"required\":[\"type\",\"id\"],\"additionalProperties\":false}]}}},\"additionalProperties\":false,\"required\":[\"operations\"]},\"strict\":false}],\"tool_choice\":\"required\",\"stream\":true}",
    "headers": [],
    "cookies": []
  },
  "response": {
    "status": 200,
    "statusText": "",
    "body": "event: response.created\ndata: {\"type\":\"response.created\",\"sequence_number\":0,\"response\":{\"id\":\"resp_68d4e7bc70088193b0c7b94085ac96ac038b51f9cc5aa4c2\",\"object\":\"response\",\"created_at\":1758783420,\"status\":\"in_progress\",\"background\":false,\"error\":null,\"incomplete_details\":null,\"instructions\":null,\"max_output_tokens\":null,\"max_tool_calls\":null,\"model\":\"gpt-4o-2024-08-06\",\"output\":[],\"parallel_tool_calls\":true,\"previous_response_id\":null,\"prompt_cache_key\":null,\"reasoning\":{\"effort\":null,\"summary\":null},\"safety_identifier\":null,\"service_tier\":\"auto\",\"store\":true,\"temperature\":1.0,\"text\":{\"format\":{\"type\":\"text\"},\"verbosity\":\"medium\"},\"tool_choice\":\"required\",\"tools\":[{\"type\":\"function\",\"description\":null,\"name\":\"applyDocumentOperations\",\"parameters\":{\"type\":\"object\",\"properties\":{\"operations\":{\"type\":\"array\",\"items\":{\"anyOf\":[{\"type\":\"object\",\"description\":\"Update a block\",\"properties\":{\"type\":{\"type\":\"string\",\"enum\":[\"update\"]},\"id\":{\"type\":\"string\",\"description\":\"id of block to update\"},\"block\":{\"type\":\"string\",\"description\":\"html of block (MUST be a single HTML element)\"}},\"required\":[\"type\",\"id\",\"block\"],\"additionalProperties\":false},{\"type\":\"object\",\"description\":\"Insert new blocks\",\"properties\":{\"type\":{\"type\":\"string\",\"enum\":[\"add\"]},\"referenceId\":{\"type\":\"string\",\"description\":\"MUST be an id of a block in the document\"},\"position\":{\"type\":\"string\",\"enum\":[\"before\",\"after\"],\"description\":\"`after` to add blocks AFTER (below) the block with `referenceId`, `before` to add the block BEFORE (above)\"},\"blocks\":{\"items\":{\"type\":\"string\",\"description\":\"html of block (MUST be a single, VALID HTML element)\"},\"type\":\"array\"}},\"required\":[\"type\",\"referenceId\",\"position\",\"blocks\"],\"additionalProperties\":false},{\"type\":\"object\",\"description\":\"Delete a block\",\"properties\":{\"type\":{\"type\":\"string\",\"enum\":[\"delete\"]},\"id\":{\"type\":\"string\",\"description\":\"id of block to delete\"}},\"required\":[\"type\",\"id\"],\"additionalProperties\":false}]}}},\"additionalProperties\":false,\"required\":[\"operations\"]},\"strict\":false}],\"top_logprobs\":0,\"top_p\":1.0,\"truncation\":\"disabled\",\"usage\":null,\"user\":null,\"metadata\":{}}}\n\nevent: response.in_progress\ndata: {\"type\":\"response.in_progress\",\"sequence_number\":1,\"response\":{\"id\":\"resp_68d4e7bc70088193b0c7b94085ac96ac038b51f9cc5aa4c2\",\"object\":\"response\",\"created_at\":1758783420,\"status\":\"in_progress\",\"background\":false,\"error\":null,\"incomplete_details\":null,\"instructions\":null,\"max_output_tokens\":null,\"max_tool_calls\":null,\"model\":\"gpt-4o-2024-08-06\",\"output\":[],\"parallel_tool_calls\":true,\"previous_response_id\":null,\"prompt_cache_key\":null,\"reasoning\":{\"effort\":null,\"summary\":null},\"safety_identifier\":null,\"service_tier\":\"auto\",\"store\":true,\"temperature\":1.0,\"text\":{\"format\":{\"type\":\"text\"},\"verbosity\":\"medium\"},\"tool_choice\":\"required\",\"tools\":[{\"type\":\"function\",\"description\":null,\"name\":\"applyDocumentOperations\",\"parameters\":{\"type\":\"object\",\"properties\":{\"operations\":{\"type\":\"array\",\"items\":{\"anyOf\":[{\"type\":\"object\",\"description\":\"Update a block\",\"properties\":{\"type\":{\"type\":\"string\",\"enum\":[\"update\"]},\"id\":{\"type\":\"string\",\"description\":\"id of block to update\"},\"block\":{\"type\":\"string\",\"description\":\"html of block (MUST be a single HTML element)\"}},\"required\":[\"type\",\"id\",\"block\"],\"additionalProperties\":false},{\"type\":\"object\",\"description\":\"Insert new blocks\",\"properties\":{\"type\":{\"type\":\"string\",\"enum\":[\"add\"]},\"referenceId\":{\"type\":\"string\",\"description\":\"MUST be an id of a block in the document\"},\"position\":{\"type\":\"string\",\"enum\":[\"before\",\"after\"],\"description\":\"`after` to add blocks AFTER (below) the block with `referenceId`, `before` to add the block BEFORE (above)\"},\"blocks\":{\"items\":{\"type\":\"string\",\"description\":\"html of block (MUST be a single, VALID HTML element)\"},\"type\":\"array\"}},\"required\":[\"type\",\"referenceId\",\"position\",\"blocks\"],\"additionalProperties\":false},{\"type\":\"object\",\"description\":\"Delete a block\",\"properties\":{\"type\":{\"type\":\"string\",\"enum\":[\"delete\"]},\"id\":{\"type\":\"string\",\"description\":\"id of block to delete\"}},\"required\":[\"type\",\"id\"],\"additionalProperties\":false}]}}},\"additionalProperties\":false,\"required\":[\"operations\"]},\"strict\":false}],\"top_logprobs\":0,\"top_p\":1.0,\"truncation\":\"disabled\",\"usage\":null,\"user\":null,\"metadata\":{}}}\n\nevent: response.output_item.added\ndata: {\"type\":\"response.output_item.added\",\"sequence_number\":2,\"output_index\":0,\"item\":{\"id\":\"fc_68d4e7bcf7ec8193bbf88c092b38ad5a038b51f9cc5aa4c2\",\"type\":\"function_call\",\"status\":\"in_progress\",\"arguments\":\"\",\"call_id\":\"call_UjIZ7oJt4qu2StEaIfFMmtEa\",\"name\":\"applyDocumentOperations\"}}\n\nevent: response.function_call_arguments.delta\ndata: {\"type\":\"response.function_call_arguments.delta\",\"sequence_number\":3,\"item_id\":\"fc_68d4e7bcf7ec8193bbf88c092b38ad5a038b51f9cc5aa4c2\",\"output_index\":0,\"delta\":\"{\\\"\",\"obfuscation\":\"T8Ftwdvjx8vSDx\"}\n\nevent: response.function_call_arguments.delta\ndata: {\"type\":\"response.function_call_arguments.delta\",\"sequence_number\":4,\"item_id\":\"fc_68d4e7bcf7ec8193bbf88c092b38ad5a038b51f9cc5aa4c2\",\"output_index\":0,\"delta\":\"operations\",\"obfuscation\":\"8O6PFr\"}\n\nevent: response.function_call_arguments.delta\ndata: {\"type\":\"response.function_call_arguments.delta\",\"sequence_number\":5,\"item_id\":\"fc_68d4e7bcf7ec8193bbf88c092b38ad5a038b51f9cc5aa4c2\",\"output_index\":0,\"delta\":\"\\\":[\",\"obfuscation\":\"23AoyOE00IIl9\"}\n\nevent: response.function_call_arguments.delta\ndata: {\"type\":\"response.function_call_arguments.delta\",\"sequence_number\":6,\"item_id\":\"fc_68d4e7bcf7ec8193bbf88c092b38ad5a038b51f9cc5aa4c2\",\"output_index\":0,\"delta\":\"{\\\"\",\"obfuscation\":\"r5VWrVWXexy79v\"}\n\nevent: response.function_call_arguments.delta\ndata: {\"type\":\"response.function_call_arguments.delta\",\"sequence_number\":7,\"item_id\":\"fc_68d4e7bcf7ec8193bbf88c092b38ad5a038b51f9cc5aa4c2\",\"output_index\":0,\"delta\":\"type\",\"obfuscation\":\"jLBYn9g4pvMh\"}\n\nevent: response.function_call_arguments.delta\ndata: {\"type\":\"response.function_call_arguments.delta\",\"sequence_number\":8,\"item_id\":\"fc_68d4e7bcf7ec8193bbf88c092b38ad5a038b51f9cc5aa4c2\",\"output_index\":0,\"delta\":\"\\\":\\\"\",\"obfuscation\":\"tFiGh6ZGLKddo\"}\n\nevent: response.function_call_arguments.delta\ndata: {\"type\":\"response.function_call_arguments.delta\",\"sequence_number\":9,\"item_id\":\"fc_68d4e7bcf7ec8193bbf88c092b38ad5a038b51f9cc5aa4c2\",\"output_index\":0,\"delta\":\"update\",\"obfuscation\":\"FRRVEvptPO\"}\n\nevent: response.function_call_arguments.delta\ndata: {\"type\":\"response.function_call_arguments.delta\",\"sequence_number\":10,\"item_id\":\"fc_68d4e7bcf7ec8193bbf88c092b38ad5a038b51f9cc5aa4c2\",\"output_index\":0,\"delta\":\"\\\",\\\"\",\"obfuscation\":\"FDencZqXQzguz\"}\n\nevent: response.function_call_arguments.delta\ndata: {\"type\":\"response.function_call_arguments.delta\",\"sequence_number\":11,\"item_id\":\"fc_68d4e7bcf7ec8193bbf88c092b38ad5a038b51f9cc5aa4c2\",\"output_index\":0,\"delta\":\"id\",\"obfuscation\":\"ZX14hVjvcyAeBG\"}\n\nevent: response.function_call_arguments.delta\ndata: {\"type\":\"response.function_call_arguments.delta\",\"sequence_number\":12,\"item_id\":\"fc_68d4e7bcf7ec8193bbf88c092b38ad5a038b51f9cc5aa4c2\",\"output_index\":0,\"delta\":\"\\\":\\\"\",\"obfuscation\":\"dZ1f0fIAbUxGM\"}\n\nevent: response.function_call_arguments.delta\ndata: {\"type\":\"response.function_call_arguments.delta\",\"sequence_number\":13,\"item_id\":\"fc_68d4e7bcf7ec8193bbf88c092b38ad5a038b51f9cc5aa4c2\",\"output_index\":0,\"delta\":\"ref\",\"obfuscation\":\"iSw6R9fTOV1C2\"}\n\nevent: response.function_call_arguments.delta\ndata: {\"type\":\"response.function_call_arguments.delta\",\"sequence_number\":14,\"item_id\":\"fc_68d4e7bcf7ec8193bbf88c092b38ad5a038b51f9cc5aa4c2\",\"output_index\":0,\"delta\":\"2\",\"obfuscation\":\"yrEC4As9esZQqbN\"}\n\nevent: response.function_call_arguments.delta\ndata: {\"type\":\"response.function_call_arguments.delta\",\"sequence_number\":15,\"item_id\":\"fc_68d4e7bcf7ec8193bbf88c092b38ad5a038b51f9cc5aa4c2\",\"output_index\":0,\"delta\":\"$\",\"obfuscation\":\"LdI4oXXII4c18Ol\"}\n\nevent: response.function_call_arguments.delta\ndata: {\"type\":\"response.function_call_arguments.delta\",\"sequence_number\":16,\"item_id\":\"fc_68d4e7bcf7ec8193bbf88c092b38ad5a038b51f9cc5aa4c2\",\"output_index\":0,\"delta\":\"\\\",\\\"\",\"obfuscation\":\"hr1hqsrVGeqyq\"}\n\nevent: response.function_call_arguments.delta\ndata: {\"type\":\"response.function_call_arguments.delta\",\"sequence_number\":17,\"item_id\":\"fc_68d4e7bcf7ec8193bbf88c092b38ad5a038b51f9cc5aa4c2\",\"output_index\":0,\"delta\":\"block\",\"obfuscation\":\"Z4KpWwnFAcE\"}\n\nevent: response.function_call_arguments.delta\ndata: {\"type\":\"response.function_call_arguments.delta\",\"sequence_number\":18,\"item_id\":\"fc_68d4e7bcf7ec8193bbf88c092b38ad5a038b51f9cc5aa4c2\",\"output_index\":0,\"delta\":\"\\\":\\\"\",\"obfuscation\":\"WaC2qTaXezBdp\"}\n\nevent: response.function_call_arguments.delta\ndata: {\"type\":\"response.function_call_arguments.delta\",\"sequence_number\":19,\"item_id\":\"fc_68d4e7bcf7ec8193bbf88c092b38ad5a038b51f9cc5aa4c2\",\"output_index\":0,\"delta\":\"<\",\"obfuscation\":\"mKSvw4bwnp5go0e\"}\n\nevent: response.function_call_arguments.delta\ndata: {\"type\":\"response.function_call_arguments.delta\",\"sequence_number\":20,\"item_id\":\"fc_68d4e7bcf7ec8193bbf88c092b38ad5a038b51f9cc5aa4c2\",\"output_index\":0,\"delta\":\"p\",\"obfuscation\":\"4Rbs3aRvL6yQ16y\"}\n\nevent: response.function_call_arguments.delta\ndata: {\"type\":\"response.function_call_arguments.delta\",\"sequence_number\":21,\"item_id\":\"fc_68d4e7bcf7ec8193bbf88c092b38ad5a038b51f9cc5aa4c2\",\"output_index\":0,\"delta\":\">Hello\",\"obfuscation\":\"TezRkphpQc\"}\n\nevent: response.function_call_arguments.delta\ndata: {\"type\":\"response.function_call_arguments.delta\",\"sequence_number\":22,\"item_id\":\"fc_68d4e7bcf7ec8193bbf88c092b38ad5a038b51f9cc5aa4c2\",\"output_index\":0,\"delta\":\"!\",\"obfuscation\":\"dfcEfSULXtrXb48\"}\n\nevent: response.function_call_arguments.delta\ndata: {\"type\":\"response.function_call_arguments.delta\",\"sequence_number\":23,\"item_id\":\"fc_68d4e7bcf7ec8193bbf88c092b38ad5a038b51f9cc5aa4c2\",\"output_index\":0,\"delta\":\" <\",\"obfuscation\":\"rPlc5j4YS4Semz\"}\n\nevent: response.function_call_arguments.delta\ndata: {\"type\":\"response.function_call_arguments.delta\",\"sequence_number\":24,\"item_id\":\"fc_68d4e7bcf7ec8193bbf88c092b38ad5a038b51f9cc5aa4c2\",\"output_index\":0,\"delta\":\"strong\",\"obfuscation\":\"N5A6qIzRcm\"}\n\nevent: response.function_call_arguments.delta\ndata: {\"type\":\"response.function_call_arguments.delta\",\"sequence_number\":25,\"item_id\":\"fc_68d4e7bcf7ec8193bbf88c092b38ad5a038b51f9cc5aa4c2\",\"output_index\":0,\"delta\":\">\",\"obfuscation\":\"Tos14cDXNrkYbSZ\"}\n\nevent: response.function_call_arguments.delta\ndata: {\"type\":\"response.function_call_arguments.delta\",\"sequence_number\":26,\"item_id\":\"fc_68d4e7bcf7ec8193bbf88c092b38ad5a038b51f9cc5aa4c2\",\"output_index\":0,\"delta\":\"How\",\"obfuscation\":\"TKlKfCr9qGwx8\"}\n\nevent: response.function_call_arguments.delta\ndata: {\"type\":\"response.function_call_arguments.delta\",\"sequence_number\":27,\"item_id\":\"fc_68d4e7bcf7ec8193bbf88c092b38ad5a038b51f9cc5aa4c2\",\"output_index\":0,\"delta\":\" are\",\"obfuscation\":\"tDpzZOWPHBwO\"}\n\nevent: response.function_call_arguments.delta\ndata: {\"type\":\"response.function_call_arguments.delta\",\"sequence_number\":28,\"item_id\":\"fc_68d4e7bcf7ec8193bbf88c092b38ad5a038b51f9cc5aa4c2\",\"output_index\":0,\"delta\":\" you\",\"obfuscation\":\"B0oZHHbm61Uq\"}\n\nevent: response.function_call_arguments.delta\ndata: {\"type\":\"response.function_call_arguments.delta\",\"sequence_number\":29,\"item_id\":\"fc_68d4e7bcf7ec8193bbf88c092b38ad5a038b51f9cc5aa4c2\",\"output_index\":0,\"delta\":\" doing\",\"obfuscation\":\"cu1LQoKMF2\"}\n\nevent: response.function_call_arguments.delta\ndata: {\"type\":\"response.function_call_arguments.delta\",\"sequence_number\":30,\"item_id\":\"fc_68d4e7bcf7ec8193bbf88c092b38ad5a038b51f9cc5aa4c2\",\"output_index\":0,\"delta\":\"?</\",\"obfuscation\":\"O58Jo0QctA18m\"}\n\nevent: response.function_call_arguments.delta\ndata: {\"type\":\"response.function_call_arguments.delta\",\"sequence_number\":31,\"item_id\":\"fc_68d4e7bcf7ec8193bbf88c092b38ad5a038b51f9cc5aa4c2\",\"output_index\":0,\"delta\":\"strong\",\"obfuscation\":\"UJaq4BvNfM\"}\n\nevent: response.function_call_arguments.delta\ndata: {\"type\":\"response.function_call_arguments.delta\",\"sequence_number\":32,\"item_id\":\"fc_68d4e7bcf7ec8193bbf88c092b38ad5a038b51f9cc5aa4c2\",\"output_index\":0,\"delta\":\">\",\"obfuscation\":\"cZ0vpjuzz3JsmDQ\"}\n\nevent: response.function_call_arguments.delta\ndata: {\"type\":\"response.function_call_arguments.delta\",\"sequence_number\":33,\"item_id\":\"fc_68d4e7bcf7ec8193bbf88c092b38ad5a038b51f9cc5aa4c2\",\"output_index\":0,\"delta\":\" <\",\"obfuscation\":\"mPEdtRsiGOyr1H\"}\n\nevent: response.function_call_arguments.delta\ndata: {\"type\":\"response.function_call_arguments.delta\",\"sequence_number\":34,\"item_id\":\"fc_68d4e7bcf7ec8193bbf88c092b38ad5a038b51f9cc5aa4c2\",\"output_index\":0,\"delta\":\"span\",\"obfuscation\":\"2USYOOWuxgNF\"}\n\nevent: response.function_call_arguments.delta\ndata: {\"type\":\"response.function_call_arguments.delta\",\"sequence_number\":35,\"item_id\":\"fc_68d4e7bcf7ec8193bbf88c092b38ad5a038b51f9cc5aa4c2\",\"output_index\":0,\"delta\":\" style\",\"obfuscation\":\"IxclJ2cbbT\"}\n\nevent: response.function_call_arguments.delta\ndata: {\"type\":\"response.function_call_arguments.delta\",\"sequence_number\":36,\"item_id\":\"fc_68d4e7bcf7ec8193bbf88c092b38ad5a038b51f9cc5aa4c2\",\"output_index\":0,\"delta\":\"=\\\\\\\"\",\"obfuscation\":\"LWzRRBezPGaGv\"}\n\nevent: response.function_call_arguments.delta\ndata: {\"type\":\"response.function_call_arguments.delta\",\"sequence_number\":37,\"item_id\":\"fc_68d4e7bcf7ec8193bbf88c092b38ad5a038b51f9cc5aa4c2\",\"output_index\":0,\"delta\":\"color\",\"obfuscation\":\"dUNLOsLJT2O\"}\n\nevent: response.function_call_arguments.delta\ndata: {\"type\":\"response.function_call_arguments.delta\",\"sequence_number\":38,\"item_id\":\"fc_68d4e7bcf7ec8193bbf88c092b38ad5a038b51f9cc5aa4c2\",\"output_index\":0,\"delta\":\":\",\"obfuscation\":\"uEfQznk328HBj7x\"}\n\nevent: response.function_call_arguments.delta\ndata: {\"type\":\"response.function_call_arguments.delta\",\"sequence_number\":39,\"item_id\":\"fc_68d4e7bcf7ec8193bbf88c092b38ad5a038b51f9cc5aa4c2\",\"output_index\":0,\"delta\":\" rgb\",\"obfuscation\":\"KJb9uawGKwkM\"}\n\nevent: response.function_call_arguments.delta\ndata: {\"type\":\"response.function_call_arguments.delta\",\"sequence_number\":40,\"item_id\":\"fc_68d4e7bcf7ec8193bbf88c092b38ad5a038b51f9cc5aa4c2\",\"output_index\":0,\"delta\":\"(\",\"obfuscation\":\"a9Bl0IeQ0cG6bhu\"}\n\nevent: response.function_call_arguments.delta\ndata: {\"type\":\"response.function_call_arguments.delta\",\"sequence_number\":41,\"item_id\":\"fc_68d4e7bcf7ec8193bbf88c092b38ad5a038b51f9cc5aa4c2\",\"output_index\":0,\"delta\":\"11\",\"obfuscation\":\"ESDgWJZnNkDlHU\"}\n\nevent: response.function_call_arguments.delta\ndata: {\"type\":\"response.function_call_arguments.delta\",\"sequence_number\":42,\"item_id\":\"fc_68d4e7bcf7ec8193bbf88c092b38ad5a038b51f9cc5aa4c2\",\"output_index\":0,\"delta\":\",\",\"obfuscation\":\"4Y33UL0nlSdWSb4\"}\n\nevent: response.function_call_arguments.delta\ndata: {\"type\":\"response.function_call_arguments.delta\",\"sequence_number\":43,\"item_id\":\"fc_68d4e7bcf7ec8193bbf88c092b38ad5a038b51f9cc5aa4c2\",\"output_index\":0,\"delta\":\" \",\"obfuscation\":\"S16FXFMNRbPzPOj\"}\n\nevent: response.function_call_arguments.delta\ndata: {\"type\":\"response.function_call_arguments.delta\",\"sequence_number\":44,\"item_id\":\"fc_68d4e7bcf7ec8193bbf88c092b38ad5a038b51f9cc5aa4c2\",\"output_index\":0,\"delta\":\"110\",\"obfuscation\":\"N0BmT6kaW4glz\"}\n\nevent: response.function_call_arguments.delta\ndata: {\"type\":\"response.function_call_arguments.delta\",\"sequence_number\":45,\"item_id\":\"fc_68d4e7bcf7ec8193bbf88c092b38ad5a038b51f9cc5aa4c2\",\"output_index\":0,\"delta\":\",\",\"obfuscation\":\"jHElqFVpLYP9f1c\"}\n\nevent: response.function_call_arguments.delta\ndata: {\"type\":\"response.function_call_arguments.delta\",\"sequence_number\":46,\"item_id\":\"fc_68d4e7bcf7ec8193bbf88c092b38ad5a038b51f9cc5aa4c2\",\"output_index\":0,\"delta\":\" \",\"obfuscation\":\"KhvNV7zBDe1peFc\"}\n\nevent: response.function_call_arguments.delta\ndata: {\"type\":\"response.function_call_arguments.delta\",\"sequence_number\":47,\"item_id\":\"fc_68d4e7bcf7ec8193bbf88c092b38ad5a038b51f9cc5aa4c2\",\"output_index\":0,\"delta\":\"153\",\"obfuscation\":\"KPKIkelSZ2GnR\"}\n\nevent: response.function_call_arguments.delta\ndata: {\"type\":\"response.function_call_arguments.delta\",\"sequence_number\":48,\"item_id\":\"fc_68d4e7bcf7ec8193bbf88c092b38ad5a038b51f9cc5aa4c2\",\"output_index\":0,\"delta\":\");\",\"obfuscation\":\"miwveyMwb51ocP\"}\n\nevent: response.function_call_arguments.delta\ndata: {\"type\":\"response.function_call_arguments.delta\",\"sequence_number\":49,\"item_id\":\"fc_68d4e7bcf7ec8193bbf88c092b38ad5a038b51f9cc5aa4c2\",\"output_index\":0,\"delta\":\"\\\\\\\"\",\"obfuscation\":\"dTuauCpvC1sJKs\"}\n\nevent: response.function_call_arguments.delta\ndata: {\"type\":\"response.function_call_arguments.delta\",\"sequence_number\":50,\"item_id\":\"fc_68d4e7bcf7ec8193bbf88c092b38ad5a038b51f9cc5aa4c2\",\"output_index\":0,\"delta\":\" data\",\"obfuscation\":\"C1rn9gxup9t\"}\n\nevent: response.function_call_arguments.delta\ndata: {\"type\":\"response.function_call_arguments.delta\",\"sequence_number\":51,\"item_id\":\"fc_68d4e7bcf7ec8193bbf88c092b38ad5a038b51f9cc5aa4c2\",\"output_index\":0,\"delta\":\"-style\",\"obfuscation\":\"RT1KH01SlX\"}\n\nevent: response.function_call_arguments.delta\ndata: {\"type\":\"response.function_call_arguments.delta\",\"sequence_number\":52,\"item_id\":\"fc_68d4e7bcf7ec8193bbf88c092b38ad5a038b51f9cc5aa4c2\",\"output_index\":0,\"delta\":\"-type\",\"obfuscation\":\"E4duOpOvm7x\"}\n\nevent: response.function_call_arguments.delta\ndata: {\"type\":\"response.function_call_arguments.delta\",\"sequence_number\":53,\"item_id\":\"fc_68d4e7bcf7ec8193bbf88c092b38ad5a038b51f9cc5aa4c2\",\"output_index\":0,\"delta\":\"=\\\\\\\"\",\"obfuscation\":\"GLz7qwUSpcUH5\"}\n\nevent: response.function_call_arguments.delta\ndata: {\"type\":\"response.function_call_arguments.delta\",\"sequence_number\":54,\"item_id\":\"fc_68d4e7bcf7ec8193bbf88c092b38ad5a038b51f9cc5aa4c2\",\"output_index\":0,\"delta\":\"text\",\"obfuscation\":\"rPjyoUtYDcU2\"}\n\nevent: response.function_call_arguments.delta\ndata: {\"type\":\"response.function_call_arguments.delta\",\"sequence_number\":55,\"item_id\":\"fc_68d4e7bcf7ec8193bbf88c092b38ad5a038b51f9cc5aa4c2\",\"output_index\":0,\"delta\":\"Color\",\"obfuscation\":\"vpFdyaTHktb\"}\n\nevent: response.function_call_arguments.delta\ndata: {\"type\":\"response.function_call_arguments.delta\",\"sequence_number\":56,\"item_id\":\"fc_68d4e7bcf7ec8193bbf88c092b38ad5a038b51f9cc5aa4c2\",\"output_index\":0,\"delta\":\"\\\\\\\"\",\"obfuscation\":\"YV5XKsfV0p1f8e\"}\n\nevent: response.function_call_arguments.delta\ndata: {\"type\":\"response.function_call_arguments.delta\",\"sequence_number\":57,\"item_id\":\"fc_68d4e7bcf7ec8193bbf88c092b38ad5a038b51f9cc5aa4c2\",\"output_index\":0,\"delta\":\" data\",\"obfuscation\":\"kWln6rYlxcP\"}\n\nevent: response.function_call_arguments.delta\ndata: {\"type\":\"response.function_call_arguments.delta\",\"sequence_number\":58,\"item_id\":\"fc_68d4e7bcf7ec8193bbf88c092b38ad5a038b51f9cc5aa4c2\",\"output_index\":0,\"delta\":\"-value\",\"obfuscation\":\"GC9BpW9swK\"}\n\nevent: response.function_call_arguments.delta\ndata: {\"type\":\"response.function_call_arguments.delta\",\"sequence_number\":59,\"item_id\":\"fc_68d4e7bcf7ec8193bbf88c092b38ad5a038b51f9cc5aa4c2\",\"output_index\":0,\"delta\":\"=\\\\\\\"\",\"obfuscation\":\"sIXrvZDf9rv1C\"}\n\nevent: response.function_call_arguments.delta\ndata: {\"type\":\"response.function_call_arguments.delta\",\"sequence_number\":60,\"item_id\":\"fc_68d4e7bcf7ec8193bbf88c092b38ad5a038b51f9cc5aa4c2\",\"output_index\":0,\"delta\":\"blue\",\"obfuscation\":\"U2aDf5pAFz8p\"}\n\nevent: response.function_call_arguments.delta\ndata: {\"type\":\"response.function_call_arguments.delta\",\"sequence_number\":61,\"item_id\":\"fc_68d4e7bcf7ec8193bbf88c092b38ad5a038b51f9cc5aa4c2\",\"output_index\":0,\"delta\":\"\\\\\\\"\",\"obfuscation\":\"rNOQmiCftZmgI7\"}\n\nevent: response.function_call_arguments.delta\ndata: {\"type\":\"response.function_call_arguments.delta\",\"sequence_number\":62,\"item_id\":\"fc_68d4e7bcf7ec8193bbf88c092b38ad5a038b51f9cc5aa4c2\",\"output_index\":0,\"delta\":\" data\",\"obfuscation\":\"HOkJijIQPoy\"}\n\nevent: response.function_call_arguments.delta\ndata: {\"type\":\"response.function_call_arguments.delta\",\"sequence_number\":63,\"item_id\":\"fc_68d4e7bcf7ec8193bbf88c092b38ad5a038b51f9cc5aa4c2\",\"output_index\":0,\"delta\":\"-edit\",\"obfuscation\":\"w8pQ2WQVr1o\"}\n\nevent: response.function_call_arguments.delta\ndata: {\"type\":\"response.function_call_arguments.delta\",\"sequence_number\":64,\"item_id\":\"fc_68d4e7bcf7ec8193bbf88c092b38ad5a038b51f9cc5aa4c2\",\"output_index\":0,\"delta\":\"able\",\"obfuscation\":\"OVsYfLT5aOLz\"}\n\nevent: response.function_call_arguments.delta\ndata: {\"type\":\"response.function_call_arguments.delta\",\"sequence_number\":65,\"item_id\":\"fc_68d4e7bcf7ec8193bbf88c092b38ad5a038b51f9cc5aa4c2\",\"output_index\":0,\"delta\":\"=\\\\\\\"\",\"obfuscation\":\"6Ggjc3KitiDjQ\"}\n\nevent: response.function_call_arguments.delta\ndata: {\"type\":\"response.function_call_arguments.delta\",\"sequence_number\":66,\"item_id\":\"fc_68d4e7bcf7ec8193bbf88c092b38ad5a038b51f9cc5aa4c2\",\"output_index\":0,\"delta\":\"\\\\\\\">\",\"obfuscation\":\"pY2dgEQt8RDM5\"}\n\nevent: response.function_call_arguments.delta\ndata: {\"type\":\"response.function_call_arguments.delta\",\"sequence_number\":67,\"item_id\":\"fc_68d4e7bcf7ec8193bbf88c092b38ad5a038b51f9cc5aa4c2\",\"output_index\":0,\"delta\":\"This\",\"obfuscation\":\"zP6TTYWJEEZE\"}\n\nevent: response.function_call_arguments.delta\ndata: {\"type\":\"response.function_call_arguments.delta\",\"sequence_number\":68,\"item_id\":\"fc_68d4e7bcf7ec8193bbf88c092b38ad5a038b51f9cc5aa4c2\",\"output_index\":0,\"delta\":\" text\",\"obfuscation\":\"lzoRPh80BbO\"}\n\nevent: response.function_call_arguments.delta\ndata: {\"type\":\"response.function_call_arguments.delta\",\"sequence_number\":69,\"item_id\":\"fc_68d4e7bcf7ec8193bbf88c092b38ad5a038b51f9cc5aa4c2\",\"output_index\":0,\"delta\":\" is\",\"obfuscation\":\"Mvvp9ldBv0l8F\"}\n\nevent: response.function_call_arguments.delta\ndata: {\"type\":\"response.function_call_arguments.delta\",\"sequence_number\":70,\"item_id\":\"fc_68d4e7bcf7ec8193bbf88c092b38ad5a038b51f9cc5aa4c2\",\"output_index\":0,\"delta\":\" blue\",\"obfuscation\":\"cHrOPwtgVkN\"}\n\nevent: response.function_call_arguments.delta\ndata: {\"type\":\"response.function_call_arguments.delta\",\"sequence_number\":71,\"item_id\":\"fc_68d4e7bcf7ec8193bbf88c092b38ad5a038b51f9cc5aa4c2\",\"output_index\":0,\"delta\":\"!</\",\"obfuscation\":\"POp80d9HSbARR\"}\n\nevent: response.function_call_arguments.delta\ndata: {\"type\":\"response.function_call_arguments.delta\",\"sequence_number\":72,\"item_id\":\"fc_68d4e7bcf7ec8193bbf88c092b38ad5a038b51f9cc5aa4c2\",\"output_index\":0,\"delta\":\"span\",\"obfuscation\":\"9IRnsIEuGZfz\"}\n\nevent: response.function_call_arguments.delta\ndata: {\"type\":\"response.function_call_arguments.delta\",\"sequence_number\":73,\"item_id\":\"fc_68d4e7bcf7ec8193bbf88c092b38ad5a038b51f9cc5aa4c2\",\"output_index\":0,\"delta\":\"></\",\"obfuscation\":\"8djznA2f03wxg\"}\n\nevent: response.function_call_arguments.delta\ndata: {\"type\":\"response.function_call_arguments.delta\",\"sequence_number\":74,\"item_id\":\"fc_68d4e7bcf7ec8193bbf88c092b38ad5a038b51f9cc5aa4c2\",\"output_index\":0,\"delta\":\"p\",\"obfuscation\":\"Ev4u864nLECAJ8c\"}\n\nevent: response.function_call_arguments.delta\ndata: {\"type\":\"response.function_call_arguments.delta\",\"sequence_number\":75,\"item_id\":\"fc_68d4e7bcf7ec8193bbf88c092b38ad5a038b51f9cc5aa4c2\",\"output_index\":0,\"delta\":\">\",\"obfuscation\":\"qC7r9XPKwmChQrO\"}\n\nevent: response.function_call_arguments.delta\ndata: {\"type\":\"response.function_call_arguments.delta\",\"sequence_number\":76,\"item_id\":\"fc_68d4e7bcf7ec8193bbf88c092b38ad5a038b51f9cc5aa4c2\",\"output_index\":0,\"delta\":\"\\\"}\",\"obfuscation\":\"yW2RmyheyHHTtp\"}\n\nevent: response.function_call_arguments.delta\ndata: {\"type\":\"response.function_call_arguments.delta\",\"sequence_number\":77,\"item_id\":\"fc_68d4e7bcf7ec8193bbf88c092b38ad5a038b51f9cc5aa4c2\",\"output_index\":0,\"delta\":\"]}\",\"obfuscation\":\"Srkq7h6BcVeydZ\"}\n\nevent: response.function_call_arguments.done\ndata: {\"type\":\"response.function_call_arguments.done\",\"sequence_number\":78,\"item_id\":\"fc_68d4e7bcf7ec8193bbf88c092b38ad5a038b51f9cc5aa4c2\",\"output_index\":0,\"arguments\":\"{\\\"operations\\\":[{\\\"type\\\":\\\"update\\\",\\\"id\\\":\\\"ref2$\\\",\\\"block\\\":\\\"<p>Hello! <strong>How are you doing?</strong> <span style=\\\\\\\"color: rgb(11, 110, 153);\\\\\\\" data-style-type=\\\\\\\"textColor\\\\\\\" data-value=\\\\\\\"blue\\\\\\\" data-editable=\\\\\\\"\\\\\\\">This text is blue!</span></p>\\\"}]}\"}\n\nevent: response.output_item.done\ndata: {\"type\":\"response.output_item.done\",\"sequence_number\":79,\"output_index\":0,\"item\":{\"id\":\"fc_68d4e7bcf7ec8193bbf88c092b38ad5a038b51f9cc5aa4c2\",\"type\":\"function_call\",\"status\":\"completed\",\"arguments\":\"{\\\"operations\\\":[{\\\"type\\\":\\\"update\\\",\\\"id\\\":\\\"ref2$\\\",\\\"block\\\":\\\"<p>Hello! <strong>How are you doing?</strong> <span style=\\\\\\\"color: rgb(11, 110, 153);\\\\\\\" data-style-type=\\\\\\\"textColor\\\\\\\" data-value=\\\\\\\"blue\\\\\\\" data-editable=\\\\\\\"\\\\\\\">This text is blue!</span></p>\\\"}]}\",\"call_id\":\"call_UjIZ7oJt4qu2StEaIfFMmtEa\",\"name\":\"applyDocumentOperations\"}}\n\nevent: response.completed\ndata: {\"type\":\"response.completed\",\"sequence_number\":80,\"response\":{\"id\":\"resp_68d4e7bc70088193b0c7b94085ac96ac038b51f9cc5aa4c2\",\"object\":\"response\",\"created_at\":1758783420,\"status\":\"completed\",\"background\":false,\"error\":null,\"incomplete_details\":null,\"instructions\":null,\"max_output_tokens\":null,\"max_tool_calls\":null,\"model\":\"gpt-4o-2024-08-06\",\"output\":[{\"id\":\"fc_68d4e7bcf7ec8193bbf88c092b38ad5a038b51f9cc5aa4c2\",\"type\":\"function_call\",\"status\":\"completed\",\"arguments\":\"{\\\"operations\\\":[{\\\"type\\\":\\\"update\\\",\\\"id\\\":\\\"ref2$\\\",\\\"block\\\":\\\"<p>Hello! <strong>How are you doing?</strong> <span style=\\\\\\\"color: rgb(11, 110, 153);\\\\\\\" data-style-type=\\\\\\\"textColor\\\\\\\" data-value=\\\\\\\"blue\\\\\\\" data-editable=\\\\\\\"\\\\\\\">This text is blue!</span></p>\\\"}]}\",\"call_id\":\"call_UjIZ7oJt4qu2StEaIfFMmtEa\",\"name\":\"applyDocumentOperations\"}],\"parallel_tool_calls\":true,\"previous_response_id\":null,\"prompt_cache_key\":null,\"reasoning\":{\"effort\":null,\"summary\":null},\"safety_identifier\":null,\"service_tier\":\"default\",\"store\":true,\"temperature\":1.0,\"text\":{\"format\":{\"type\":\"text\"},\"verbosity\":\"medium\"},\"tool_choice\":\"required\",\"tools\":[{\"type\":\"function\",\"description\":null,\"name\":\"applyDocumentOperations\",\"parameters\":{\"type\":\"object\",\"properties\":{\"operations\":{\"type\":\"array\",\"items\":{\"anyOf\":[{\"type\":\"object\",\"description\":\"Update a block\",\"properties\":{\"type\":{\"type\":\"string\",\"enum\":[\"update\"]},\"id\":{\"type\":\"string\",\"description\":\"id of block to update\"},\"block\":{\"type\":\"string\",\"description\":\"html of block (MUST be a single HTML element)\"}},\"required\":[\"type\",\"id\",\"block\"],\"additionalProperties\":false},{\"type\":\"object\",\"description\":\"Insert new blocks\",\"properties\":{\"type\":{\"type\":\"string\",\"enum\":[\"add\"]},\"referenceId\":{\"type\":\"string\",\"description\":\"MUST be an id of a block in the document\"},\"position\":{\"type\":\"string\",\"enum\":[\"before\",\"after\"],\"description\":\"`after` to add blocks AFTER (below) the block with `referenceId`, `before` to add the block BEFORE (above)\"},\"blocks\":{\"items\":{\"type\":\"string\",\"description\":\"html of block (MUST be a single, VALID HTML element)\"},\"type\":\"array\"}},\"required\":[\"type\",\"referenceId\",\"position\",\"blocks\"],\"additionalProperties\":false},{\"type\":\"object\",\"description\":\"Delete a block\",\"properties\":{\"type\":{\"type\":\"string\",\"enum\":[\"delete\"]},\"id\":{\"type\":\"string\",\"description\":\"id of block to delete\"}},\"required\":[\"type\",\"id\"],\"additionalProperties\":false}]}}},\"additionalProperties\":false,\"required\":[\"operations\"]},\"strict\":false}],\"top_logprobs\":0,\"top_p\":1.0,\"truncation\":\"disabled\",\"usage\":{\"input_tokens\":679,\"input_tokens_details\":{\"cached_tokens\":0},\"output_tokens\":76,\"output_tokens_details\":{\"reasoning_tokens\":0},\"total_tokens\":755},\"user\":null,\"metadata\":{}}}\n\n",
    "headers": []
  }
}