{
  "request": {
    "method": "POST",
    "url": "https://localhost:3000/ai/proxy?provider=openai&url=https%3A%2F%2Fapi.openai.com%2Fv1%2Fresponses",
    "body": "{\"model\":\"gpt-4o-2024-08-06\",\"input\":[{\"role\":\"system\",\"content\":\"You're manipulating a text document using HTML blocks. \\n        Make sure to follow the json schema provided. When referencing ids they MUST be EXACTLY the same (including the trailing $). \\n        List items are 1 block with 1 list item each, so block content `<ul><li>item1</li></ul>` is valid, but `<ul><li>item1</li><li>item2</li></ul>` is invalid. We'll merge them automatically.\\n        For code blocks, you can use the `data-language` attribute on a <code> block (wrapped with <pre>) to specify the language.\\n        This is the initial document as an array of html blocks (the cursor is BETWEEN two blocks as indicated by cursor: true):\"},{\"role\":\"system\",\"content\":\"[{\\\"id\\\":\\\"ref1$\\\",\\\"block\\\":\\\"<p>Hello, world!</p>\\\"},{\\\"cursor\\\":true},{\\\"id\\\":\\\"ref2$\\\",\\\"block\\\":\\\"<p>Hello, <span data-inline-content-type=\\\\\\\"mention\\\\\\\" data-user=\\\\\\\"John Doe\\\\\\\">@John Doe</span>! <strong>How are you doing?</strong> <span style=\\\\\\\"color: rgb(11, 110, 153);\\\\\\\" data-style-type=\\\\\\\"textColor\\\\\\\" data-value=\\\\\\\"blue\\\\\\\" data-editable=\\\\\\\"\\\\\\\">This text is blue!</span></p>\\\"},{\\\"id\\\":\\\"ref3$\\\",\\\"block\\\":\\\"<p>Hello, world! <strong>Bold text. </strong><a target=\\\\\\\"_blank\\\\\\\" rel=\\\\\\\"noopener noreferrer nofollow\\\\\\\" href=\\\\\\\"https://www.google.com\\\\\\\">Link.</a></p>\\\"}]\"},{\"role\":\"system\",\"content\":\"First, determine what part of the document the user is talking about. You SHOULD probably take cursor info into account if needed.\\n       EXAMPLE: if user says \\\"below\\\" (without pointing to a specific part of the document) he / she probably indicates the block(s) after the cursor. \\n       EXAMPLE: If you want to insert content AT the cursor position (UNLESS indicated otherwise by the user), \\n       then you need `referenceId` to point to the block before the cursor with position `after` (or block below and `before`).\\n      \\n      Prefer updating existing blocks over removing and adding (but this also depends on the user's question).\"},{\"role\":\"user\",\"content\":[{\"type\":\"input_text\",\"text\":\"make the first paragraph a heading\"}]}],\"tools\":[{\"type\":\"function\",\"name\":\"applyDocumentOperations\",\"parameters\":{\"type\":\"object\",\"properties\":{\"operations\":{\"type\":\"array\",\"items\":{\"anyOf\":[{\"type\":\"object\",\"description\":\"Update a block\",\"properties\":{\"type\":{\"type\":\"string\",\"enum\":[\"update\"]},\"id\":{\"type\":\"string\",\"description\":\"id of block to update\"},\"block\":{\"type\":\"string\",\"description\":\"html of block (MUST be a single HTML element)\"}},\"required\":[\"type\",\"id\",\"block\"],\"additionalProperties\":false},{\"type\":\"object\",\"description\":\"Insert new blocks\",\"properties\":{\"type\":{\"type\":\"string\",\"enum\":[\"add\"]},\"referenceId\":{\"type\":\"string\",\"description\":\"MUST be an id of a block in the document\"},\"position\":{\"type\":\"string\",\"enum\":[\"before\",\"after\"],\"description\":\"`after` to add blocks AFTER (below) the block with `referenceId`, `before` to add the block BEFORE (above)\"},\"blocks\":{\"items\":{\"type\":\"string\",\"description\":\"html of block (MUST be a single, VALID HTML element)\"},\"type\":\"array\"}},\"required\":[\"type\",\"referenceId\",\"position\",\"blocks\"],\"additionalProperties\":false},{\"type\":\"object\",\"description\":\"Delete a block\",\"properties\":{\"type\":{\"type\":\"string\",\"enum\":[\"delete\"]},\"id\":{\"type\":\"string\",\"description\":\"id of block to delete\"}},\"required\":[\"type\",\"id\"],\"additionalProperties\":false}]}}},\"additionalProperties\":false,\"required\":[\"operations\"]},\"strict\":false}],\"tool_choice\":\"auto\",\"stream\":true}",
    "headers": [],
    "cookies": []
  },
  "response": {
    "status": 200,
    "statusText": "",
    "body": "event: response.created\ndata: {\"type\":\"response.created\",\"sequence_number\":0,\"response\":{\"id\":\"resp_68cd290d56288195b90d3324ca20e3790033263b8c7fc5ac\",\"object\":\"response\",\"created_at\":1758275853,\"status\":\"in_progress\",\"background\":false,\"error\":null,\"incomplete_details\":null,\"instructions\":null,\"max_output_tokens\":null,\"max_tool_calls\":null,\"model\":\"gpt-4o-2024-08-06\",\"output\":[],\"parallel_tool_calls\":true,\"previous_response_id\":null,\"prompt_cache_key\":null,\"reasoning\":{\"effort\":null,\"summary\":null},\"safety_identifier\":null,\"service_tier\":\"auto\",\"store\":true,\"temperature\":1.0,\"text\":{\"format\":{\"type\":\"text\"},\"verbosity\":\"medium\"},\"tool_choice\":\"auto\",\"tools\":[{\"type\":\"function\",\"description\":null,\"name\":\"applyDocumentOperations\",\"parameters\":{\"type\":\"object\",\"properties\":{\"operations\":{\"type\":\"array\",\"items\":{\"anyOf\":[{\"type\":\"object\",\"description\":\"Update a block\",\"properties\":{\"type\":{\"type\":\"string\",\"enum\":[\"update\"]},\"id\":{\"type\":\"string\",\"description\":\"id of block to update\"},\"block\":{\"type\":\"string\",\"description\":\"html of block (MUST be a single HTML element)\"}},\"required\":[\"type\",\"id\",\"block\"],\"additionalProperties\":false},{\"type\":\"object\",\"description\":\"Insert new blocks\",\"properties\":{\"type\":{\"type\":\"string\",\"enum\":[\"add\"]},\"referenceId\":{\"type\":\"string\",\"description\":\"MUST be an id of a block in the document\"},\"position\":{\"type\":\"string\",\"enum\":[\"before\",\"after\"],\"description\":\"`after` to add blocks AFTER (below) the block with `referenceId`, `before` to add the block BEFORE (above)\"},\"blocks\":{\"items\":{\"type\":\"string\",\"description\":\"html of block (MUST be a single, VALID HTML element)\"},\"type\":\"array\"}},\"required\":[\"type\",\"referenceId\",\"position\",\"blocks\"],\"additionalProperties\":false},{\"type\":\"object\",\"description\":\"Delete a block\",\"properties\":{\"type\":{\"type\":\"string\",\"enum\":[\"delete\"]},\"id\":{\"type\":\"string\",\"description\":\"id of block to delete\"}},\"required\":[\"type\",\"id\"],\"additionalProperties\":false}]}}},\"additionalProperties\":false,\"required\":[\"operations\"]},\"strict\":false}],\"top_logprobs\":0,\"top_p\":1.0,\"truncation\":\"disabled\",\"usage\":null,\"user\":null,\"metadata\":{}}}\n\nevent: response.in_progress\ndata: {\"type\":\"response.in_progress\",\"sequence_number\":1,\"response\":{\"id\":\"resp_68cd290d56288195b90d3324ca20e3790033263b8c7fc5ac\",\"object\":\"response\",\"created_at\":1758275853,\"status\":\"in_progress\",\"background\":false,\"error\":null,\"incomplete_details\":null,\"instructions\":null,\"max_output_tokens\":null,\"max_tool_calls\":null,\"model\":\"gpt-4o-2024-08-06\",\"output\":[],\"parallel_tool_calls\":true,\"previous_response_id\":null,\"prompt_cache_key\":null,\"reasoning\":{\"effort\":null,\"summary\":null},\"safety_identifier\":null,\"service_tier\":\"auto\",\"store\":true,\"temperature\":1.0,\"text\":{\"format\":{\"type\":\"text\"},\"verbosity\":\"medium\"},\"tool_choice\":\"auto\",\"tools\":[{\"type\":\"function\",\"description\":null,\"name\":\"applyDocumentOperations\",\"parameters\":{\"type\":\"object\",\"properties\":{\"operations\":{\"type\":\"array\",\"items\":{\"anyOf\":[{\"type\":\"object\",\"description\":\"Update a block\",\"properties\":{\"type\":{\"type\":\"string\",\"enum\":[\"update\"]},\"id\":{\"type\":\"string\",\"description\":\"id of block to update\"},\"block\":{\"type\":\"string\",\"description\":\"html of block (MUST be a single HTML element)\"}},\"required\":[\"type\",\"id\",\"block\"],\"additionalProperties\":false},{\"type\":\"object\",\"description\":\"Insert new blocks\",\"properties\":{\"type\":{\"type\":\"string\",\"enum\":[\"add\"]},\"referenceId\":{\"type\":\"string\",\"description\":\"MUST be an id of a block in the document\"},\"position\":{\"type\":\"string\",\"enum\":[\"before\",\"after\"],\"description\":\"`after` to add blocks AFTER (below) the block with `referenceId`, `before` to add the block BEFORE (above)\"},\"blocks\":{\"items\":{\"type\":\"string\",\"description\":\"html of block (MUST be a single, VALID HTML element)\"},\"type\":\"array\"}},\"required\":[\"type\",\"referenceId\",\"position\",\"blocks\"],\"additionalProperties\":false},{\"type\":\"object\",\"description\":\"Delete a block\",\"properties\":{\"type\":{\"type\":\"string\",\"enum\":[\"delete\"]},\"id\":{\"type\":\"string\",\"description\":\"id of block to delete\"}},\"required\":[\"type\",\"id\"],\"additionalProperties\":false}]}}},\"additionalProperties\":false,\"required\":[\"operations\"]},\"strict\":false}],\"top_logprobs\":0,\"top_p\":1.0,\"truncation\":\"disabled\",\"usage\":null,\"user\":null,\"metadata\":{}}}\n\nevent: response.output_item.added\ndata: {\"type\":\"response.output_item.added\",\"sequence_number\":2,\"output_index\":0,\"item\":{\"id\":\"fc_68cd290e04408195b6ad6e45c993370c0033263b8c7fc5ac\",\"type\":\"function_call\",\"status\":\"in_progress\",\"arguments\":\"\",\"call_id\":\"call_MjL4PDus1gYwarLXEZFit4Y0\",\"name\":\"applyDocumentOperations\"}}\n\nevent: response.function_call_arguments.delta\ndata: {\"type\":\"response.function_call_arguments.delta\",\"sequence_number\":3,\"item_id\":\"fc_68cd290e04408195b6ad6e45c993370c0033263b8c7fc5ac\",\"output_index\":0,\"delta\":\"{\\\"\",\"obfuscation\":\"1MfPMMpB1kItuS\"}\n\nevent: response.function_call_arguments.delta\ndata: {\"type\":\"response.function_call_arguments.delta\",\"sequence_number\":4,\"item_id\":\"fc_68cd290e04408195b6ad6e45c993370c0033263b8c7fc5ac\",\"output_index\":0,\"delta\":\"operations\",\"obfuscation\":\"qVTFbs\"}\n\nevent: response.function_call_arguments.delta\ndata: {\"type\":\"response.function_call_arguments.delta\",\"sequence_number\":5,\"item_id\":\"fc_68cd290e04408195b6ad6e45c993370c0033263b8c7fc5ac\",\"output_index\":0,\"delta\":\"\\\":[\",\"obfuscation\":\"fJfSNAaF4kDZ8\"}\n\nevent: response.function_call_arguments.delta\ndata: {\"type\":\"response.function_call_arguments.delta\",\"sequence_number\":6,\"item_id\":\"fc_68cd290e04408195b6ad6e45c993370c0033263b8c7fc5ac\",\"output_index\":0,\"delta\":\"{\\\"\",\"obfuscation\":\"sVRqaRE4K9jao4\"}\n\nevent: response.function_call_arguments.delta\ndata: {\"type\":\"response.function_call_arguments.delta\",\"sequence_number\":7,\"item_id\":\"fc_68cd290e04408195b6ad6e45c993370c0033263b8c7fc5ac\",\"output_index\":0,\"delta\":\"type\",\"obfuscation\":\"75InAGUGskLM\"}\n\nevent: response.function_call_arguments.delta\ndata: {\"type\":\"response.function_call_arguments.delta\",\"sequence_number\":8,\"item_id\":\"fc_68cd290e04408195b6ad6e45c993370c0033263b8c7fc5ac\",\"output_index\":0,\"delta\":\"\\\":\\\"\",\"obfuscation\":\"C1NTNwgAWYgYv\"}\n\nevent: response.function_call_arguments.delta\ndata: {\"type\":\"response.function_call_arguments.delta\",\"sequence_number\":9,\"item_id\":\"fc_68cd290e04408195b6ad6e45c993370c0033263b8c7fc5ac\",\"output_index\":0,\"delta\":\"update\",\"obfuscation\":\"Ds5pwXw7wv\"}\n\nevent: response.function_call_arguments.delta\ndata: {\"type\":\"response.function_call_arguments.delta\",\"sequence_number\":10,\"item_id\":\"fc_68cd290e04408195b6ad6e45c993370c0033263b8c7fc5ac\",\"output_index\":0,\"delta\":\"\\\",\\\"\",\"obfuscation\":\"DNPq7xO47QzKp\"}\n\nevent: response.function_call_arguments.delta\ndata: {\"type\":\"response.function_call_arguments.delta\",\"sequence_number\":11,\"item_id\":\"fc_68cd290e04408195b6ad6e45c993370c0033263b8c7fc5ac\",\"output_index\":0,\"delta\":\"id\",\"obfuscation\":\"wT1fRr4xPifkX1\"}\n\nevent: response.function_call_arguments.delta\ndata: {\"type\":\"response.function_call_arguments.delta\",\"sequence_number\":12,\"item_id\":\"fc_68cd290e04408195b6ad6e45c993370c0033263b8c7fc5ac\",\"output_index\":0,\"delta\":\"\\\":\\\"\",\"obfuscation\":\"uQnjHNzxG3jli\"}\n\nevent: response.function_call_arguments.delta\ndata: {\"type\":\"response.function_call_arguments.delta\",\"sequence_number\":13,\"item_id\":\"fc_68cd290e04408195b6ad6e45c993370c0033263b8c7fc5ac\",\"output_index\":0,\"delta\":\"ref\",\"obfuscation\":\"kt3Assgo3LqfN\"}\n\nevent: response.function_call_arguments.delta\ndata: {\"type\":\"response.function_call_arguments.delta\",\"sequence_number\":14,\"item_id\":\"fc_68cd290e04408195b6ad6e45c993370c0033263b8c7fc5ac\",\"output_index\":0,\"delta\":\"1\",\"obfuscation\":\"ofsCbfMcp90Bqix\"}\n\nevent: response.function_call_arguments.delta\ndata: {\"type\":\"response.function_call_arguments.delta\",\"sequence_number\":15,\"item_id\":\"fc_68cd290e04408195b6ad6e45c993370c0033263b8c7fc5ac\",\"output_index\":0,\"delta\":\"$\",\"obfuscation\":\"Xq2n48FRQjWcq8E\"}\n\nevent: response.function_call_arguments.delta\ndata: {\"type\":\"response.function_call_arguments.delta\",\"sequence_number\":16,\"item_id\":\"fc_68cd290e04408195b6ad6e45c993370c0033263b8c7fc5ac\",\"output_index\":0,\"delta\":\"\\\",\\\"\",\"obfuscation\":\"ocmKPh60k6deo\"}\n\nevent: response.function_call_arguments.delta\ndata: {\"type\":\"response.function_call_arguments.delta\",\"sequence_number\":17,\"item_id\":\"fc_68cd290e04408195b6ad6e45c993370c0033263b8c7fc5ac\",\"output_index\":0,\"delta\":\"block\",\"obfuscation\":\"FXNBt8GDIVZ\"}\n\nevent: response.function_call_arguments.delta\ndata: {\"type\":\"response.function_call_arguments.delta\",\"sequence_number\":18,\"item_id\":\"fc_68cd290e04408195b6ad6e45c993370c0033263b8c7fc5ac\",\"output_index\":0,\"delta\":\"\\\":\\\"\",\"obfuscation\":\"TD4kA3ldXvwoe\"}\n\nevent: response.function_call_arguments.delta\ndata: {\"type\":\"response.function_call_arguments.delta\",\"sequence_number\":19,\"item_id\":\"fc_68cd290e04408195b6ad6e45c993370c0033263b8c7fc5ac\",\"output_index\":0,\"delta\":\"<\",\"obfuscation\":\"vmYnl24cWPqGxJc\"}\n\nevent: response.function_call_arguments.delta\ndata: {\"type\":\"response.function_call_arguments.delta\",\"sequence_number\":20,\"item_id\":\"fc_68cd290e04408195b6ad6e45c993370c0033263b8c7fc5ac\",\"output_index\":0,\"delta\":\"h\",\"obfuscation\":\"qgjpKWVBdRht8WW\"}\n\nevent: response.function_call_arguments.delta\ndata: {\"type\":\"response.function_call_arguments.delta\",\"sequence_number\":21,\"item_id\":\"fc_68cd290e04408195b6ad6e45c993370c0033263b8c7fc5ac\",\"output_index\":0,\"delta\":\"1\",\"obfuscation\":\"RfQxrigDWPuzJji\"}\n\nevent: response.function_call_arguments.delta\ndata: {\"type\":\"response.function_call_arguments.delta\",\"sequence_number\":22,\"item_id\":\"fc_68cd290e04408195b6ad6e45c993370c0033263b8c7fc5ac\",\"output_index\":0,\"delta\":\">Hello\",\"obfuscation\":\"fYcqbEx3qE\"}\n\nevent: response.function_call_arguments.delta\ndata: {\"type\":\"response.function_call_arguments.delta\",\"sequence_number\":23,\"item_id\":\"fc_68cd290e04408195b6ad6e45c993370c0033263b8c7fc5ac\",\"output_index\":0,\"delta\":\",\",\"obfuscation\":\"RZB5gradw2zmwwB\"}\n\nevent: response.function_call_arguments.delta\ndata: {\"type\":\"response.function_call_arguments.delta\",\"sequence_number\":24,\"item_id\":\"fc_68cd290e04408195b6ad6e45c993370c0033263b8c7fc5ac\",\"output_index\":0,\"delta\":\" world\",\"obfuscation\":\"2pxD2v2E3L\"}\n\nevent: response.function_call_arguments.delta\ndata: {\"type\":\"response.function_call_arguments.delta\",\"sequence_number\":25,\"item_id\":\"fc_68cd290e04408195b6ad6e45c993370c0033263b8c7fc5ac\",\"output_index\":0,\"delta\":\"!</\",\"obfuscation\":\"zB29rimj1QKuN\"}\n\nevent: response.function_call_arguments.delta\ndata: {\"type\":\"response.function_call_arguments.delta\",\"sequence_number\":26,\"item_id\":\"fc_68cd290e04408195b6ad6e45c993370c0033263b8c7fc5ac\",\"output_index\":0,\"delta\":\"h\",\"obfuscation\":\"ci5BNkNRM77pAs0\"}\n\nevent: response.function_call_arguments.delta\ndata: {\"type\":\"response.function_call_arguments.delta\",\"sequence_number\":27,\"item_id\":\"fc_68cd290e04408195b6ad6e45c993370c0033263b8c7fc5ac\",\"output_index\":0,\"delta\":\"1\",\"obfuscation\":\"v9YLKhMughwiumF\"}\n\nevent: response.function_call_arguments.delta\ndata: {\"type\":\"response.function_call_arguments.delta\",\"sequence_number\":28,\"item_id\":\"fc_68cd290e04408195b6ad6e45c993370c0033263b8c7fc5ac\",\"output_index\":0,\"delta\":\">\",\"obfuscation\":\"v7Oepe16Q5YOtSG\"}\n\nevent: response.function_call_arguments.delta\ndata: {\"type\":\"response.function_call_arguments.delta\",\"sequence_number\":29,\"item_id\":\"fc_68cd290e04408195b6ad6e45c993370c0033263b8c7fc5ac\",\"output_index\":0,\"delta\":\"\\\"}\",\"obfuscation\":\"bbtI0KZdAwLcoS\"}\n\nevent: response.function_call_arguments.delta\ndata: {\"type\":\"response.function_call_arguments.delta\",\"sequence_number\":30,\"item_id\":\"fc_68cd290e04408195b6ad6e45c993370c0033263b8c7fc5ac\",\"output_index\":0,\"delta\":\"]}\",\"obfuscation\":\"WGO4YL47VbfO8M\"}\n\nevent: response.function_call_arguments.done\ndata: {\"type\":\"response.function_call_arguments.done\",\"sequence_number\":31,\"item_id\":\"fc_68cd290e04408195b6ad6e45c993370c0033263b8c7fc5ac\",\"output_index\":0,\"arguments\":\"{\\\"operations\\\":[{\\\"type\\\":\\\"update\\\",\\\"id\\\":\\\"ref1$\\\",\\\"block\\\":\\\"<h1>Hello, world!</h1>\\\"}]}\"}\n\nevent: response.output_item.done\ndata: {\"type\":\"response.output_item.done\",\"sequence_number\":32,\"output_index\":0,\"item\":{\"id\":\"fc_68cd290e04408195b6ad6e45c993370c0033263b8c7fc5ac\",\"type\":\"function_call\",\"status\":\"completed\",\"arguments\":\"{\\\"operations\\\":[{\\\"type\\\":\\\"update\\\",\\\"id\\\":\\\"ref1$\\\",\\\"block\\\":\\\"<h1>Hello, world!</h1>\\\"}]}\",\"call_id\":\"call_MjL4PDus1gYwarLXEZFit4Y0\",\"name\":\"applyDocumentOperations\"}}\n\nevent: response.completed\ndata: {\"type\":\"response.completed\",\"sequence_number\":33,\"response\":{\"id\":\"resp_68cd290d56288195b90d3324ca20e3790033263b8c7fc5ac\",\"object\":\"response\",\"created_at\":1758275853,\"status\":\"completed\",\"background\":false,\"error\":null,\"incomplete_details\":null,\"instructions\":null,\"max_output_tokens\":null,\"max_tool_calls\":null,\"model\":\"gpt-4o-2024-08-06\",\"output\":[{\"id\":\"fc_68cd290e04408195b6ad6e45c993370c0033263b8c7fc5ac\",\"type\":\"function_call\",\"status\":\"completed\",\"arguments\":\"{\\\"operations\\\":[{\\\"type\\\":\\\"update\\\",\\\"id\\\":\\\"ref1$\\\",\\\"block\\\":\\\"<h1>Hello, world!</h1>\\\"}]}\",\"call_id\":\"call_MjL4PDus1gYwarLXEZFit4Y0\",\"name\":\"applyDocumentOperations\"}],\"parallel_tool_calls\":true,\"previous_response_id\":null,\"prompt_cache_key\":null,\"reasoning\":{\"effort\":null,\"summary\":null},\"safety_identifier\":null,\"service_tier\":\"default\",\"store\":true,\"temperature\":1.0,\"text\":{\"format\":{\"type\":\"text\"},\"verbosity\":\"medium\"},\"tool_choice\":\"auto\",\"tools\":[{\"type\":\"function\",\"description\":null,\"name\":\"applyDocumentOperations\",\"parameters\":{\"type\":\"object\",\"properties\":{\"operations\":{\"type\":\"array\",\"items\":{\"anyOf\":[{\"type\":\"object\",\"description\":\"Update a block\",\"properties\":{\"type\":{\"type\":\"string\",\"enum\":[\"update\"]},\"id\":{\"type\":\"string\",\"description\":\"id of block to update\"},\"block\":{\"type\":\"string\",\"description\":\"html of block (MUST be a single HTML element)\"}},\"required\":[\"type\",\"id\",\"block\"],\"additionalProperties\":false},{\"type\":\"object\",\"description\":\"Insert new blocks\",\"properties\":{\"type\":{\"type\":\"string\",\"enum\":[\"add\"]},\"referenceId\":{\"type\":\"string\",\"description\":\"MUST be an id of a block in the document\"},\"position\":{\"type\":\"string\",\"enum\":[\"before\",\"after\"],\"description\":\"`after` to add blocks AFTER (below) the block with `referenceId`, `before` to add the block BEFORE (above)\"},\"blocks\":{\"items\":{\"type\":\"string\",\"description\":\"html of block (MUST be a single, VALID HTML element)\"},\"type\":\"array\"}},\"required\":[\"type\",\"referenceId\",\"position\",\"blocks\"],\"additionalProperties\":false},{\"type\":\"object\",\"description\":\"Delete a block\",\"properties\":{\"type\":{\"type\":\"string\",\"enum\":[\"delete\"]},\"id\":{\"type\":\"string\",\"description\":\"id of block to delete\"}},\"required\":[\"type\",\"id\"],\"additionalProperties\":false}]}}},\"additionalProperties\":false,\"required\":[\"operations\"]},\"strict\":false}],\"top_logprobs\":0,\"top_p\":1.0,\"truncation\":\"disabled\",\"usage\":{\"input_tokens\":651,\"input_tokens_details\":{\"cached_tokens\":0},\"output_tokens\":39,\"output_tokens_details\":{\"reasoning_tokens\":0},\"total_tokens\":690},\"user\":null,\"metadata\":{}}}\n\n",
    "headers": []
  }
}