[
  {
    "attrs": {
      "backgroundColor": "default",
      "id": "1",
      "textColor": "default",
    },
    "content": [
      {
        "attrs": {
          "textAlignment": "left",
        },
        "content": [
          {
            "text": "Text1",
            "type": "text",
          },
          {
            "type": "hardBreak",
          },
          {
            "text": "Text2",
            "type": "text",
          },
        ],
        "type": "paragraph",
      },
    ],
    "type": "blockContainer",
  },
]