<div class="bn-block-group" data-node-type="blockGroup">
  <div class="bn-block-outer" data-node-type="blockOuter" data-id="1">
    <div class="bn-block" data-node-type="blockContainer" data-id="1">
      <div class="bn-block-content" data-content-type="codeBlock">
        <div>
          <select></select>
        </div>
        <pre>
          <code class="bn-inline-content"></code>
        </pre>
      </div>
    </div>
  </div>
</div>