{
  "request": {
    "method": "POST",
    "url": "https://localhost:3000/ai?provider=openai&url=https%3A%2F%2Fapi.openai.com%2Fv1%2Fchat%2Fcompletions",
    "body": "{\"model\":\"gpt-4o-2024-08-06\",\"temperature\":0,\"messages\":[{\"role\":\"system\",\"content\":\"You're manipulating a text document using HTML blocks. \\n        Make sure to follow the json schema provided. When referencing ids they MUST be EXACTLY the same (including the trailing $). \\n        List items are 1 block with 1 list item each, so block content `<ul><li>item1</li></ul>` is valid, but `<ul><li>item1</li><li>item2</li></ul>` is invalid. We'll merge them automatically.\\n        For code blocks, you can use the `data-language` attribute on a code block to specify the language.\\n        This is the document as an array of html blocks (the cursor is BETWEEN two blocks as indicated by cursor: true):\"},{\"role\":\"system\",\"content\":\"[{\\\"id\\\":\\\"ref1$\\\",\\\"block\\\":\\\"<p>Hello, world!</p>\\\"},{\\\"cursor\\\":true},{\\\"id\\\":\\\"ref2$\\\",\\\"block\\\":\\\"<p>How are you?</p>\\\"}]\"},{\"role\":\"system\",\"content\":\"First, determine what part of the document the user is talking about. You SHOULD probably take cursor info into account if needed.\\n       EXAMPLE: if user says \\\"below\\\" (without pointing to a specific part of the document) he / she probably indicates the block(s) after the cursor. \\n       EXAMPLE: If you want to insert content AT the cursor position (UNLESS indicated otherwise by the user), \\n       then you need `referenceId` to point to the block before the cursor with position `after` (or block below and `before`).\\n      \\n      Prefer updating existing blocks over removing and adding (but this also depends on the user's question).\"},{\"role\":\"system\",\"content\":\"The user asks you to do the following:\"},{\"role\":\"user\",\"content\":\"add a new paragraph with the text 'You look great today!' before the first sentence\"}],\"tool_choice\":{\"type\":\"function\",\"function\":{\"name\":\"json\"}},\"tools\":[{\"type\":\"function\",\"function\":{\"name\":\"json\",\"description\":\"Respond with a JSON object.\",\"parameters\":{\"type\":\"object\",\"properties\":{\"operations\":{\"type\":\"array\",\"items\":{\"anyOf\":[{\"type\":\"object\",\"description\":\"Update a block\",\"properties\":{\"type\":{\"type\":\"string\",\"enum\":[\"update\"]},\"id\":{\"type\":\"string\",\"description\":\"id of block to update\"},\"block\":{\"type\":\"string\",\"description\":\"html of block (MUST be a single HTML element)\"}},\"required\":[\"type\",\"id\",\"block\"],\"additionalProperties\":false},{\"type\":\"object\",\"description\":\"Insert new blocks\",\"properties\":{\"type\":{\"type\":\"string\",\"enum\":[\"add\"]},\"referenceId\":{\"type\":\"string\",\"description\":\"MUST be an id of a block in the document\"},\"position\":{\"type\":\"string\",\"enum\":[\"before\",\"after\"],\"description\":\"`after` to add blocks AFTER (below) the block with `referenceId`, `before` to add the block BEFORE (above)\"},\"blocks\":{\"items\":{\"type\":\"string\",\"description\":\"html of block (MUST be a single, VALID HTML element)\"},\"type\":\"array\"}},\"required\":[\"type\",\"referenceId\",\"position\",\"blocks\"],\"additionalProperties\":false},{\"type\":\"object\",\"description\":\"Delete a block\",\"properties\":{\"type\":{\"type\":\"string\",\"enum\":[\"delete\"]},\"id\":{\"type\":\"string\",\"description\":\"id of block to delete\"}},\"required\":[\"type\",\"id\"],\"additionalProperties\":false}]}}},\"additionalProperties\":false,\"required\":[\"operations\"]}}}],\"stream\":true}",
    "headers": [],
    "cookies": []
  },
  "response": {
    "status": 200,
    "statusText": "",
    "body": "data: {\"id\":\"chatcmpl-CGlq1dKbb7HBX6DjyOjOJB5cMLAWs\",\"object\":\"chat.completion.chunk\",\"created\":1758113173,\"model\":\"gpt-4o-2024-08-06\",\"service_tier\":\"default\",\"system_fingerprint\":\"fp_cbf1785567\",\"choices\":[{\"index\":0,\"delta\":{\"role\":\"assistant\",\"content\":null,\"tool_calls\":[{\"index\":0,\"id\":\"call_z4Eq2uuzRa3zSyLxyeRPsp6t\",\"type\":\"function\",\"function\":{\"name\":\"json\",\"arguments\":\"\"}}],\"refusal\":null},\"logprobs\":null,\"finish_reason\":null}],\"obfuscation\":\"q2n8qrCr5BEQQ\"}\n\ndata: {\"id\":\"chatcmpl-CGlq1dKbb7HBX6DjyOjOJB5cMLAWs\",\"object\":\"chat.completion.chunk\",\"created\":1758113173,\"model\":\"gpt-4o-2024-08-06\",\"service_tier\":\"default\",\"system_fingerprint\":\"fp_cbf1785567\",\"choices\":[{\"index\":0,\"delta\":{\"tool_calls\":[{\"index\":0,\"function\":{\"arguments\":\"{\\\"\"}}]},\"logprobs\":null,\"finish_reason\":null}],\"obfuscation\":\"\"}\n\ndata: {\"id\":\"chatcmpl-CGlq1dKbb7HBX6DjyOjOJB5cMLAWs\",\"object\":\"chat.completion.chunk\",\"created\":1758113173,\"model\":\"gpt-4o-2024-08-06\",\"service_tier\":\"default\",\"system_fingerprint\":\"fp_cbf1785567\",\"choices\":[{\"index\":0,\"delta\":{\"tool_calls\":[{\"index\":0,\"function\":{\"arguments\":\"operations\"}}]},\"logprobs\":null,\"finish_reason\":null}],\"obfuscation\":\"ccFlomj5D\"}\n\ndata: {\"id\":\"chatcmpl-CGlq1dKbb7HBX6DjyOjOJB5cMLAWs\",\"object\":\"chat.completion.chunk\",\"created\":1758113173,\"model\":\"gpt-4o-2024-08-06\",\"service_tier\":\"default\",\"system_fingerprint\":\"fp_cbf1785567\",\"choices\":[{\"index\":0,\"delta\":{\"tool_calls\":[{\"index\":0,\"function\":{\"arguments\":\"\\\":[\"}}]},\"logprobs\":null,\"finish_reason\":null}],\"obfuscation\":\"ETcHmpbv3O0nJbC\"}\n\ndata: {\"id\":\"chatcmpl-CGlq1dKbb7HBX6DjyOjOJB5cMLAWs\",\"object\":\"chat.completion.chunk\",\"created\":1758113173,\"model\":\"gpt-4o-2024-08-06\",\"service_tier\":\"default\",\"system_fingerprint\":\"fp_cbf1785567\",\"choices\":[{\"index\":0,\"delta\":{\"tool_calls\":[{\"index\":0,\"function\":{\"arguments\":\"{\\\"\"}}]},\"logprobs\":null,\"finish_reason\":null}],\"obfuscation\":\"\"}\n\ndata: {\"id\":\"chatcmpl-CGlq1dKbb7HBX6DjyOjOJB5cMLAWs\",\"object\":\"chat.completion.chunk\",\"created\":1758113173,\"model\":\"gpt-4o-2024-08-06\",\"service_tier\":\"default\",\"system_fingerprint\":\"fp_cbf1785567\",\"choices\":[{\"index\":0,\"delta\":{\"tool_calls\":[{\"index\":0,\"function\":{\"arguments\":\"type\"}}]},\"logprobs\":null,\"finish_reason\":null}],\"obfuscation\":\"stEB5eXmJawH4qy\"}\n\ndata: {\"id\":\"chatcmpl-CGlq1dKbb7HBX6DjyOjOJB5cMLAWs\",\"object\":\"chat.completion.chunk\",\"created\":1758113173,\"model\":\"gpt-4o-2024-08-06\",\"service_tier\":\"default\",\"system_fingerprint\":\"fp_cbf1785567\",\"choices\":[{\"index\":0,\"delta\":{\"tool_calls\":[{\"index\":0,\"function\":{\"arguments\":\"\\\":\\\"\"}}]},\"logprobs\":null,\"finish_reason\":null}],\"obfuscation\":\"gsQB7aY9LPOjUT\"}\n\ndata: {\"id\":\"chatcmpl-CGlq1dKbb7HBX6DjyOjOJB5cMLAWs\",\"object\":\"chat.completion.chunk\",\"created\":1758113173,\"model\":\"gpt-4o-2024-08-06\",\"service_tier\":\"default\",\"system_fingerprint\":\"fp_cbf1785567\",\"choices\":[{\"index\":0,\"delta\":{\"tool_calls\":[{\"index\":0,\"function\":{\"arguments\":\"add\"}}]},\"logprobs\":null,\"finish_reason\":null}],\"obfuscation\":\"\"}\n\ndata: {\"id\":\"chatcmpl-CGlq1dKbb7HBX6DjyOjOJB5cMLAWs\",\"object\":\"chat.completion.chunk\",\"created\":1758113173,\"model\":\"gpt-4o-2024-08-06\",\"service_tier\":\"default\",\"system_fingerprint\":\"fp_cbf1785567\",\"choices\":[{\"index\":0,\"delta\":{\"tool_calls\":[{\"index\":0,\"function\":{\"arguments\":\"\\\",\\\"\"}}]},\"logprobs\":null,\"finish_reason\":null}],\"obfuscation\":\"rWwrqh8Pqgv5Wq\"}\n\ndata: {\"id\":\"chatcmpl-CGlq1dKbb7HBX6DjyOjOJB5cMLAWs\",\"object\":\"chat.completion.chunk\",\"created\":1758113173,\"model\":\"gpt-4o-2024-08-06\",\"service_tier\":\"default\",\"system_fingerprint\":\"fp_cbf1785567\",\"choices\":[{\"index\":0,\"delta\":{\"tool_calls\":[{\"index\":0,\"function\":{\"arguments\":\"reference\"}}]},\"logprobs\":null,\"finish_reason\":null}],\"obfuscation\":\"UpqLx7cHb6\"}\n\ndata: {\"id\":\"chatcmpl-CGlq1dKbb7HBX6DjyOjOJB5cMLAWs\",\"object\":\"chat.completion.chunk\",\"created\":1758113173,\"model\":\"gpt-4o-2024-08-06\",\"service_tier\":\"default\",\"system_fingerprint\":\"fp_cbf1785567\",\"choices\":[{\"index\":0,\"delta\":{\"tool_calls\":[{\"index\":0,\"function\":{\"arguments\":\"Id\"}}]},\"logprobs\":null,\"finish_reason\":null}],\"obfuscation\":\"B\"}\n\ndata: {\"id\":\"chatcmpl-CGlq1dKbb7HBX6DjyOjOJB5cMLAWs\",\"object\":\"chat.completion.chunk\",\"created\":1758113173,\"model\":\"gpt-4o-2024-08-06\",\"service_tier\":\"default\",\"system_fingerprint\":\"fp_cbf1785567\",\"choices\":[{\"index\":0,\"delta\":{\"tool_calls\":[{\"index\":0,\"function\":{\"arguments\":\"\\\":\\\"\"}}]},\"logprobs\":null,\"finish_reason\":null}],\"obfuscation\":\"02QerdRq6vuNcs\"}\n\ndata: {\"id\":\"chatcmpl-CGlq1dKbb7HBX6DjyOjOJB5cMLAWs\",\"object\":\"chat.completion.chunk\",\"created\":1758113173,\"model\":\"gpt-4o-2024-08-06\",\"service_tier\":\"default\",\"system_fingerprint\":\"fp_cbf1785567\",\"choices\":[{\"index\":0,\"delta\":{\"tool_calls\":[{\"index\":0,\"function\":{\"arguments\":\"ref\"}}]},\"logprobs\":null,\"finish_reason\":null}],\"obfuscation\":\"\"}\n\ndata: {\"id\":\"chatcmpl-CGlq1dKbb7HBX6DjyOjOJB5cMLAWs\",\"object\":\"chat.completion.chunk\",\"created\":1758113173,\"model\":\"gpt-4o-2024-08-06\",\"service_tier\":\"default\",\"system_fingerprint\":\"fp_cbf1785567\",\"choices\":[{\"index\":0,\"delta\":{\"tool_calls\":[{\"index\":0,\"function\":{\"arguments\":\"1\"}}]},\"logprobs\":null,\"finish_reason\":null}],\"obfuscation\":\"d6\"}\n\ndata: {\"id\":\"chatcmpl-CGlq1dKbb7HBX6DjyOjOJB5cMLAWs\",\"object\":\"chat.completion.chunk\",\"created\":1758113173,\"model\":\"gpt-4o-2024-08-06\",\"service_tier\":\"default\",\"system_fingerprint\":\"fp_cbf1785567\",\"choices\":[{\"index\":0,\"delta\":{\"tool_calls\":[{\"index\":0,\"function\":{\"arguments\":\"$\"}}]},\"logprobs\":null,\"finish_reason\":null}],\"obfuscation\":\"Ru\"}\n\ndata: {\"id\":\"chatcmpl-CGlq1dKbb7HBX6DjyOjOJB5cMLAWs\",\"object\":\"chat.completion.chunk\",\"created\":1758113173,\"model\":\"gpt-4o-2024-08-06\",\"service_tier\":\"default\",\"system_fingerprint\":\"fp_cbf1785567\",\"choices\":[{\"index\":0,\"delta\":{\"tool_calls\":[{\"index\":0,\"function\":{\"arguments\":\"\\\",\\\"\"}}]},\"logprobs\":null,\"finish_reason\":null}],\"obfuscation\":\"q7t1qqNRNUahFe\"}\n\ndata: {\"id\":\"chatcmpl-CGlq1dKbb7HBX6DjyOjOJB5cMLAWs\",\"object\":\"chat.completion.chunk\",\"created\":1758113173,\"model\":\"gpt-4o-2024-08-06\",\"service_tier\":\"default\",\"system_fingerprint\":\"fp_cbf1785567\",\"choices\":[{\"index\":0,\"delta\":{\"tool_calls\":[{\"index\":0,\"function\":{\"arguments\":\"position\"}}]},\"logprobs\":null,\"finish_reason\":null}],\"obfuscation\":\"MApfrqniDpt\"}\n\ndata: {\"id\":\"chatcmpl-CGlq1dKbb7HBX6DjyOjOJB5cMLAWs\",\"object\":\"chat.completion.chunk\",\"created\":1758113173,\"model\":\"gpt-4o-2024-08-06\",\"service_tier\":\"default\",\"system_fingerprint\":\"fp_cbf1785567\",\"choices\":[{\"index\":0,\"delta\":{\"tool_calls\":[{\"index\":0,\"function\":{\"arguments\":\"\\\":\\\"\"}}]},\"logprobs\":null,\"finish_reason\":null}],\"obfuscation\":\"dNKKHONjWPmnOm\"}\n\ndata: {\"id\":\"chatcmpl-CGlq1dKbb7HBX6DjyOjOJB5cMLAWs\",\"object\":\"chat.completion.chunk\",\"created\":1758113173,\"model\":\"gpt-4o-2024-08-06\",\"service_tier\":\"default\",\"system_fingerprint\":\"fp_cbf1785567\",\"choices\":[{\"index\":0,\"delta\":{\"tool_calls\":[{\"index\":0,\"function\":{\"arguments\":\"before\"}}]},\"logprobs\":null,\"finish_reason\":null}],\"obfuscation\":\"Cs8jbkHRmhmJD\"}\n\ndata: {\"id\":\"chatcmpl-CGlq1dKbb7HBX6DjyOjOJB5cMLAWs\",\"object\":\"chat.completion.chunk\",\"created\":1758113173,\"model\":\"gpt-4o-2024-08-06\",\"service_tier\":\"default\",\"system_fingerprint\":\"fp_cbf1785567\",\"choices\":[{\"index\":0,\"delta\":{\"tool_calls\":[{\"index\":0,\"function\":{\"arguments\":\"\\\",\\\"\"}}]},\"logprobs\":null,\"finish_reason\":null}],\"obfuscation\":\"INrnrSXgDZtgid\"}\n\ndata: {\"id\":\"chatcmpl-CGlq1dKbb7HBX6DjyOjOJB5cMLAWs\",\"object\":\"chat.completion.chunk\",\"created\":1758113173,\"model\":\"gpt-4o-2024-08-06\",\"service_tier\":\"default\",\"system_fingerprint\":\"fp_cbf1785567\",\"choices\":[{\"index\":0,\"delta\":{\"tool_calls\":[{\"index\":0,\"function\":{\"arguments\":\"blocks\"}}]},\"logprobs\":null,\"finish_reason\":null}],\"obfuscation\":\"SuRdobUpjCXNi\"}\n\ndata: {\"id\":\"chatcmpl-CGlq1dKbb7HBX6DjyOjOJB5cMLAWs\",\"object\":\"chat.completion.chunk\",\"created\":1758113173,\"model\":\"gpt-4o-2024-08-06\",\"service_tier\":\"default\",\"system_fingerprint\":\"fp_cbf1785567\",\"choices\":[{\"index\":0,\"delta\":{\"tool_calls\":[{\"index\":0,\"function\":{\"arguments\":\"\\\":[\\\"\"}}]},\"logprobs\":null,\"finish_reason\":null}],\"obfuscation\":\"gnSwJmv0o96ZV\"}\n\ndata: {\"id\":\"chatcmpl-CGlq1dKbb7HBX6DjyOjOJB5cMLAWs\",\"object\":\"chat.completion.chunk\",\"created\":1758113173,\"model\":\"gpt-4o-2024-08-06\",\"service_tier\":\"default\",\"system_fingerprint\":\"fp_cbf1785567\",\"choices\":[{\"index\":0,\"delta\":{\"tool_calls\":[{\"index\":0,\"function\":{\"arguments\":\"<\"}}]},\"logprobs\":null,\"finish_reason\":null}],\"obfuscation\":\"kw\"}\n\ndata: {\"id\":\"chatcmpl-CGlq1dKbb7HBX6DjyOjOJB5cMLAWs\",\"object\":\"chat.completion.chunk\",\"created\":1758113173,\"model\":\"gpt-4o-2024-08-06\",\"service_tier\":\"default\",\"system_fingerprint\":\"fp_cbf1785567\",\"choices\":[{\"index\":0,\"delta\":{\"tool_calls\":[{\"index\":0,\"function\":{\"arguments\":\"p\"}}]},\"logprobs\":null,\"finish_reason\":null}],\"obfuscation\":\"Wd\"}\n\ndata: {\"id\":\"chatcmpl-CGlq1dKbb7HBX6DjyOjOJB5cMLAWs\",\"object\":\"chat.completion.chunk\",\"created\":1758113173,\"model\":\"gpt-4o-2024-08-06\",\"service_tier\":\"default\",\"system_fingerprint\":\"fp_cbf1785567\",\"choices\":[{\"index\":0,\"delta\":{\"tool_calls\":[{\"index\":0,\"function\":{\"arguments\":\">You\"}}]},\"logprobs\":null,\"finish_reason\":null}],\"obfuscation\":\"LOr3k83HtLNnSsz\"}\n\ndata: {\"id\":\"chatcmpl-CGlq1dKbb7HBX6DjyOjOJB5cMLAWs\",\"object\":\"chat.completion.chunk\",\"created\":1758113173,\"model\":\"gpt-4o-2024-08-06\",\"service_tier\":\"default\",\"system_fingerprint\":\"fp_cbf1785567\",\"choices\":[{\"index\":0,\"delta\":{\"tool_calls\":[{\"index\":0,\"function\":{\"arguments\":\" look\"}}]},\"logprobs\":null,\"finish_reason\":null}],\"obfuscation\":\"2KDo8K7cRwBof8\"}\n\ndata: {\"id\":\"chatcmpl-CGlq1dKbb7HBX6DjyOjOJB5cMLAWs\",\"object\":\"chat.completion.chunk\",\"created\":1758113173,\"model\":\"gpt-4o-2024-08-06\",\"service_tier\":\"default\",\"system_fingerprint\":\"fp_cbf1785567\",\"choices\":[{\"index\":0,\"delta\":{\"tool_calls\":[{\"index\":0,\"function\":{\"arguments\":\" great\"}}]},\"logprobs\":null,\"finish_reason\":null}],\"obfuscation\":\"2BkyvoZxcSlNh\"}\n\ndata: {\"id\":\"chatcmpl-CGlq1dKbb7HBX6DjyOjOJB5cMLAWs\",\"object\":\"chat.completion.chunk\",\"created\":1758113173,\"model\":\"gpt-4o-2024-08-06\",\"service_tier\":\"default\",\"system_fingerprint\":\"fp_cbf1785567\",\"choices\":[{\"index\":0,\"delta\":{\"tool_calls\":[{\"index\":0,\"function\":{\"arguments\":\" today\"}}]},\"logprobs\":null,\"finish_reason\":null}],\"obfuscation\":\"3vWwqPKgT5eRQ\"}\n\ndata: {\"id\":\"chatcmpl-CGlq1dKbb7HBX6DjyOjOJB5cMLAWs\",\"object\":\"chat.completion.chunk\",\"created\":1758113173,\"model\":\"gpt-4o-2024-08-06\",\"service_tier\":\"default\",\"system_fingerprint\":\"fp_cbf1785567\",\"choices\":[{\"index\":0,\"delta\":{\"tool_calls\":[{\"index\":0,\"function\":{\"arguments\":\"!</\"}}]},\"logprobs\":null,\"finish_reason\":null}],\"obfuscation\":\"\"}\n\ndata: {\"id\":\"chatcmpl-CGlq1dKbb7HBX6DjyOjOJB5cMLAWs\",\"object\":\"chat.completion.chunk\",\"created\":1758113173,\"model\":\"gpt-4o-2024-08-06\",\"service_tier\":\"default\",\"system_fingerprint\":\"fp_cbf1785567\",\"choices\":[{\"index\":0,\"delta\":{\"tool_calls\":[{\"index\":0,\"function\":{\"arguments\":\"p\"}}]},\"logprobs\":null,\"finish_reason\":null}],\"obfuscation\":\"oc\"}\n\ndata: {\"id\":\"chatcmpl-CGlq1dKbb7HBX6DjyOjOJB5cMLAWs\",\"object\":\"chat.completion.chunk\",\"created\":1758113173,\"model\":\"gpt-4o-2024-08-06\",\"service_tier\":\"default\",\"system_fingerprint\":\"fp_cbf1785567\",\"choices\":[{\"index\":0,\"delta\":{\"tool_calls\":[{\"index\":0,\"function\":{\"arguments\":\">\"}}]},\"logprobs\":null,\"finish_reason\":null}],\"obfuscation\":\"Ft\"}\n\ndata: {\"id\":\"chatcmpl-CGlq1dKbb7HBX6DjyOjOJB5cMLAWs\",\"object\":\"chat.completion.chunk\",\"created\":1758113173,\"model\":\"gpt-4o-2024-08-06\",\"service_tier\":\"default\",\"system_fingerprint\":\"fp_cbf1785567\",\"choices\":[{\"index\":0,\"delta\":{\"tool_calls\":[{\"index\":0,\"function\":{\"arguments\":\"\\\"]\"}}]},\"logprobs\":null,\"finish_reason\":null}],\"obfuscation\":\"\"}\n\ndata: {\"id\":\"chatcmpl-CGlq1dKbb7HBX6DjyOjOJB5cMLAWs\",\"object\":\"chat.completion.chunk\",\"created\":1758113173,\"model\":\"gpt-4o-2024-08-06\",\"service_tier\":\"default\",\"system_fingerprint\":\"fp_cbf1785567\",\"choices\":[{\"index\":0,\"delta\":{\"tool_calls\":[{\"index\":0,\"function\":{\"arguments\":\"}\"}}]},\"logprobs\":null,\"finish_reason\":null}],\"obfuscation\":\"3m\"}\n\ndata: {\"id\":\"chatcmpl-CGlq1dKbb7HBX6DjyOjOJB5cMLAWs\",\"object\":\"chat.completion.chunk\",\"created\":1758113173,\"model\":\"gpt-4o-2024-08-06\",\"service_tier\":\"default\",\"system_fingerprint\":\"fp_cbf1785567\",\"choices\":[{\"index\":0,\"delta\":{\"tool_calls\":[{\"index\":0,\"function\":{\"arguments\":\"]}\"}}]},\"logprobs\":null,\"finish_reason\":null}],\"obfuscation\":\"M\"}\n\ndata: {\"id\":\"chatcmpl-CGlq1dKbb7HBX6DjyOjOJB5cMLAWs\",\"object\":\"chat.completion.chunk\",\"created\":1758113173,\"model\":\"gpt-4o-2024-08-06\",\"service_tier\":\"default\",\"system_fingerprint\":\"fp_cbf1785567\",\"choices\":[{\"index\":0,\"delta\":{},\"logprobs\":null,\"finish_reason\":\"stop\"}],\"obfuscation\":\"iijOHEe\"}\n\ndata: [DONE]\n\n",
    "headers": []
  }
}