<table><tr><th colspan="1" rowspan="1"><p>Table Cell</p></th><td colspan="1" rowspan="1"><p>Table Cell</p></td><td colspan="1" rowspan="1"><p>Table Cell</p></td></tr><tr><th colspan="1" rowspan="1"><p>Table Cell</p></th><td colspan="1" rowspan="1"><p>Table Cell</p></td><td colspan="1" rowspan="1"><p>Table Cell</p></td></tr><tr><th colspan="1" rowspan="1"><p>Table Cell</p></th><td colspan="1" rowspan="1"><p>Table Cell</p></td><td colspan="1" rowspan="1"><p>Table Cell</p></td></tr></table>